{
  "history": {
    "eps_star": [
      -0.18143488118414125
    ]
  },
  "extra": {
    "data_path": "data/UNSW-NB15/quantum",
    "dataset": "UNSW-NB15",
    "split_prefix": "q8",
    "target_col": "label_multiclass",
    "n_train": 2862,
    "n_test": 10086,
    "n_zero": 1216,
    "per_class_cap": 400,
    "zero_cap": 2000,
    "class_names": [
      "Analysis",
      "Backdoor",
      "DoS",
      "Exploits",
      "Fuzzers",
      "Generic",
      "Normal",
      "Reconnaissance"
    ],
    "noise_rate": 0.01,
    "num_layers": 2,
    "num_qubits": 8,
    "num_classes": 8,
    "L_phi": 2.76089624636943,
    "beta": 0.05,
    "F_in": 0.12758666165395333,
    "F_out": 0.9999998807907104,
    "F_out_beta": 0.9989696145057678,
    "Delta": -0.9918273071951226,
    "eps_star": -0.18143488118414125,
    "Delta_beta": -0.99079704091018,
    "eps_star_beta": -0.18124641466417296,
    "A5_ok": false,
    "A5_beta_ok": false,
    "checkpoint": "models/prototypes/UNSW-NB15/16.estimate-lipschitz_unsw-nb15-checkpoint.pt",
    "lphi_path": "models/prototypes/UNSW-NB15/16.estimate-lipschitz_unsw-nb15-lphi.pt"
  }
}