{
  "history": {
    "eps_star": [
      -0.15118541600551802
    ]
  },
  "extra": {
    "data_path": "data/CICIoT2023/quantum",
    "dataset": "CICIoT2023",
    "split_prefix": "q8",
    "target_col": "label_multiclass",
    "n_train": 2878,
    "n_test": 18883,
    "n_zero": 2000,
    "per_class_cap": 100,
    "zero_cap": 2000,
    "class_names": [
      "Backdoor_Malware",
      "BenignTraffic",
      "BrowserHijacking",
      "CommandInjection",
      "DDoS-ACK_Fragmentation",
      "DDoS-HTTP_Flood",
      "DDoS-ICMP_Flood",
      "DDoS-ICMP_Fragmentation",
      "DDoS-PSHACK_Flood",
      "DDoS-RSTFINFlood",
      "DDoS-SYN_Flood",
      "DDoS-SlowLoris",
      "DDoS-SynonymousIP_Flood",
      "DDoS-TCP_Flood",
      "DDoS-UDP_Flood",
      "DDoS-UDP_Fragmentation",
      "DNS_Spoofing",
      "DictionaryBruteForce",
      "DoS-HTTP_Flood",
      "DoS-SYN_Flood",
      "DoS-TCP_Flood",
      "DoS-UDP_Flood",
      "MITM-ArpSpoofing",
      "Recon-HostDiscovery",
      "Recon-OSScan",
      "Recon-PingSweep",
      "Recon-PortScan",
      "SqlInjection",
      "Uploading_Attack",
      "VulnerabilityScan",
      "XSS"
    ],
    "noise_rate": 0.01,
    "num_layers": 2,
    "num_qubits": 8,
    "num_classes": 31,
    "L_phi": 2.924640979488943,
    "beta": 0.05,
    "F_in": 0.11322021628075413,
    "F_out": 0.8819129467010498,
    "F_out_beta": 0.7423226743936538,
    "Delta": -0.8754828650386267,
    "eps_star": -0.15118541600551802,
    "Delta_beta": -0.7358925927312308,
    "eps_star_beta": -0.12707984611731002,
    "A5_ok": false,
    "A5_beta_ok": false,
    "checkpoint": "models/prototypes/CICIoT2023/16.estimate-lipschitz_ciciot2023-checkpoint.pt",
    "lphi_path": "models/prototypes/CICIoT2023/16.estimate-lipschitz_ciciot2023-lphi.pt"
  }
}