{
  "history": {
    "mean_R": [
      0.014033112970743987
    ]
  },
  "extra": {
    "data_path": "data/CICIoT2023/quantum",
    "dataset": "CICIoT2023",
    "split_prefix": "q8",
    "target_col": "label_multiclass",
    "n_train": 2878,
    "n_test": 18883,
    "per_class_cap": 100,
    "class_names": [
      "Backdoor_Malware",
      "BenignTraffic",
      "BrowserHijacking",
      "CommandInjection",
      "DDoS-ACK_Fragmentation",
      "DDoS-HTTP_Flood",
      "DDoS-ICMP_Flood",
      "DDoS-ICMP_Fragmentation",
      "DDoS-PSHACK_Flood",
      "DDoS-RSTFINFlood",
      "DDoS-SYN_Flood",
      "DDoS-SlowLoris",
      "DDoS-SynonymousIP_Flood",
      "DDoS-TCP_Flood",
      "DDoS-UDP_Flood",
      "DDoS-UDP_Fragmentation",
      "DNS_Spoofing",
      "DictionaryBruteForce",
      "DoS-HTTP_Flood",
      "DoS-SYN_Flood",
      "DoS-TCP_Flood",
      "DoS-UDP_Flood",
      "MITM-ArpSpoofing",
      "Recon-HostDiscovery",
      "Recon-OSScan",
      "Recon-PingSweep",
      "Recon-PortScan",
      "SqlInjection",
      "Uploading_Attack",
      "VulnerabilityScan",
      "XSS"
    ],
    "noise_rate": 0.01,
    "num_layers": 2,
    "num_qubits": 8,
    "num_classes": 31,
    "L_phi_estimated": 0.6599819660186768,
    "L_phi_analytic": 1.0,
    "used L_phi": 1.0,
    "C_f": 1.0,
    "q": 1.0,
    "n_correct": 9008,
    "accuracy": 0.47704284276862785,
    "mean_R": 0.014033112970743987,
    "median_R": 0.007401188933946411,
    "checkpoint": "artifacts/CICIoT2023/16.estimate-lipschitz_ciciot2023-checkpoint.pt",
    "lphi_path": "artifacts/CICIoT2023/16.estimate-lipschitz_ciciot2023-lphi.pt"
  }
}