{
  "history": {
    "eps_star_own": [
      -0.5018029288526704
    ],
    "eps_star_fmax": [
      -0.4828279445827095
    ]
  },
  "extra": {
    "data_path": "data/CICIoT2023/quantum",
    "dataset": "CICIoT2023",
    "split_prefix": "q8",
    "target_col": "label_multiclass",
    "n_train": 2878,
    "n_test": 18883,
    "n_zero": 10984,
    "per_class_cap": 100,
    "zero_cap": null,
    "class_names": [
      "Backdoor_Malware",
      "BenignTraffic",
      "BrowserHijacking",
      "CommandInjection",
      "DDoS-ACK_Fragmentation",
      "DDoS-HTTP_Flood",
      "DDoS-ICMP_Flood",
      "DDoS-ICMP_Fragmentation",
      "DDoS-PSHACK_Flood",
      "DDoS-RSTFINFlood",
      "DDoS-SYN_Flood",
      "DDoS-SlowLoris",
      "DDoS-SynonymousIP_Flood",
      "DDoS-TCP_Flood",
      "DDoS-UDP_Flood",
      "DDoS-UDP_Fragmentation",
      "DNS_Spoofing",
      "DictionaryBruteForce",
      "DoS-HTTP_Flood",
      "DoS-SYN_Flood",
      "DoS-TCP_Flood",
      "DoS-UDP_Flood",
      "MITM-ArpSpoofing",
      "Recon-HostDiscovery",
      "Recon-OSScan",
      "Recon-PingSweep",
      "Recon-PortScan",
      "SqlInjection",
      "Uploading_Attack",
      "VulnerabilityScan",
      "XSS"
    ],
    "noise_rate": 0.01,
    "num_layers": 2,
    "num_qubits": 8,
    "num_classes": 31,
    "L_phi": 1.0,
    "beta": 0.05,
    "F_out": 0.9999998807907104,
    "F_out_beta": 0.7464559137821197,
    "F_in_own": 0.11322021628075413,
    "Delta_own": -0.9935697991282874,
    "eps_star_own": -0.5018029288526704,
    "eps_star_beta_own": -0.37375042026247307,
    "A5_own": false,
    "F_in_fmax": 0.29336845874786377,
    "Delta_fmax": -0.9559993302737648,
    "eps_star_fmax": -0.4828279445827095,
    "eps_star_beta_fmax": -0.35477543599251216,
    "A5_fmax": false,
    "checkpoint": "models/prototypes/CICIoT2023/16.estimate-lipschitz_ciciot2023-checkpoint.pt",
    "lphi_path": "models/prototypes/CICIoT2023/16.estimate-lipschitz_ciciot2023-lphi.pt"
  }
}