{
  "history": {
    "bp_fgsm_l2": [
      0.14142135623730953
    ]
  },
  "extra": {
    "data_path": "data/CICIoT2023/quantum",
    "dataset": "CICIoT2023",
    "split_prefix": "q8",
    "target_col": "label_multiclass",
    "n_train": 2878,
    "n_cal": 18883,
    "n_test": 18883,
    "n_attack": 300,
    "per_class_cap": 100,
    "class_names": [
      "Backdoor_Malware",
      "BenignTraffic",
      "BrowserHijacking",
      "CommandInjection",
      "DDoS-ACK_Fragmentation",
      "DDoS-HTTP_Flood",
      "DDoS-ICMP_Flood",
      "DDoS-ICMP_Fragmentation",
      "DDoS-PSHACK_Flood",
      "DDoS-RSTFINFlood",
      "DDoS-SYN_Flood",
      "DDoS-SlowLoris",
      "DDoS-SynonymousIP_Flood",
      "DDoS-TCP_Flood",
      "DDoS-UDP_Flood",
      "DDoS-UDP_Fragmentation",
      "DNS_Spoofing",
      "DictionaryBruteForce",
      "DoS-HTTP_Flood",
      "DoS-SYN_Flood",
      "DoS-TCP_Flood",
      "DoS-UDP_Flood",
      "MITM-ArpSpoofing",
      "Recon-HostDiscovery",
      "Recon-OSScan",
      "Recon-PingSweep",
      "Recon-PortScan",
      "SqlInjection",
      "Uploading_Attack",
      "VulnerabilityScan",
      "XSS"
    ],
    "noise_rate (p)": 0.01,
    "num_layers": 2,
    "num_qubits": 8,
    "num_classes": 31,
    "L_phi": 1.0,
    "C_f": 1.0,
    "alpha": 0.05,
    "q": 0.3162590265274048,
    "accept_thresh": 0.99,
    "bp_fgsm_l2": 0.14142135623730953,
    "bp_pgd_l2": 0.28284271247461906,
    "eps_star_day18": -0.4828279445827095,
    "eps_star_beta_day18": -0.35477543599251216,
    "checkpoint": "artifacts/CICIoT2023/16.estimate-lipschitz_ciciot2023-checkpoint.pt",
    "lphi_path": "artifacts/CICIoT2023/16.estimate-lipschitz_ciciot2023-lphi.pt"
  }
}