{
  "history": {
    "radius_mean": [
      0.007569230197616044
    ]
  },
  "extra": {
    "dataset": "BoT-IoT",
    "notebook": "22.e2e-algo3_bot-iot.ipynb",
    "checkpoint": "artifacts/BoT-IoT/16.estimate-lipschitz_bot-iot-checkpoint.pt",
    "lphi_path": "artifacts/BoT-IoT/16.estimate-lipschitz_bot-iot-lphi.pt",
    "q_source": "artifacts/BoT-IoT/19.fgsm-pgd-robustness_bot-iot-artifact.pt",
    "q": 0.12407523393630981,
    "alpha": 0.05,
    "L_phi": 1.0,
    "p": 0.01,
    "C_f": 1.0,
    "pipeline_reject_rate": 0.05604862567909208,
    "pipeline_acc_accepted": 0.5492050829107071,
    "pipeline_macro_f1_accepted": 0.4165657355644146,
    "pipeline_radius_mean_accepted": 0.007569230197616044,
    "zeroday_detection_rate": 0.9985358711566618,
    "n_zeroday_eval": 683,
    "RQ1": {
      "TPR_zeroday": 0.9985358711566618,
      "FPR_known": 0.05604862567909208,
      "class_acc_known": 0.5492050829107071,
      "alpha": 0.05,
      "n_test": 18591,
      "n_zeroday": 683
    }
  }
}