{
  "history": {},
  "extra": {
    "notebook": "24.trust-region-2d_bot-iot",
    "checkpoint": "artifacts/BoT-IoT/16.estimate-lipschitz_bot-iot-checkpoint.pt",
    "dataset": "BoT-IoT",
    "split_prefix": "q8",
    "num_qubits": 8,
    "num_layers": 2,
    "noise_rate": 0.01,
    "n_known": 400,
    "n_zero": 40,
    "n_proto": 4,
    "max_per_class": 100,
    "max_zeroday": 40,
    "figure_mds": "artifacts/BoT-IoT/24.trust-region-2d_bot-iot-mds.png",
    "figure_pca": "artifacts/BoT-IoT/24.trust-region-2d_bot-iot-pca.png",
    "coords": "artifacts/BoT-IoT/24.trust-region-2d_bot-iot-coords.npz"
  }
}