{
  "history": {
    "radius_mean": [
      0.018485712400899426
    ]
  },
  "extra": {
    "dataset": "CICIoT2023",
    "notebook": "final-ciciot2023-algo3-cached (vqc)",
    "checkpoint": "final_notebooks/final_artifacts/final-ciciot2023-vqc-train-checkpoint.pt",
    "cache_path": "caches/CICIoT2023/final-ciciot2023-algo3-cached (vqc)-forward_cache.pt",
    "inference_mode": "ForwardCache + Global/Mondrian cached infer",
    "lphi_path": null,
    "L_phi_source": "analytic_lipschitz_bound (R/2)",
    "q_source": "threshold_from_scores(cal_scores) on Day-23 checkpoint + ForwardCache",
    "q": 0.2358407974243164,
    "alpha": 0.05,
    "L_phi": 1.0,
    "p": 0.01,
    "C_f": 1.0,
    "use_pca": true,
    "num_qubits": 6,
    "num_layers": 2,
    "train_eval_rej_rate": 0.23526493351855526,
    "train_eval_acc": 0.6231348125081095,
    "train_eval_macro_f1": 0.32445878634747205,
    "train_eval_radius_mean": 0.021623337374113236,
    "test_eval_rej_rate": 0.051421913890801196,
    "test_eval_acc": 0.6717842786958463,
    "test_eval_macro_f1": 0.32112996986542297,
    "test_eval_radius_mean": 0.018485712400899426,
    "test_ce_acc": 0.688714716941164,
    "test_ce_macro_f1": 0.42230913020657157,
    "n_test_ce": 18883,
    "test_bal_eval_rej_rate": 0.3751584283903675,
    "test_bal_eval_acc": 0.5841784989858012,
    "test_bal_eval_macro_f1": 0.30150644685825756,
    "test_bal_eval_radius_mean": 0.02277401833717571,
    "zeroday_detection_rate": 0.004369992716678805,
    "n_zeroday_eval": 10984,
    "chosen_strategy": "global",
    "strategies": {
      "global": {
        "chosen_as_strategy": true,
        "q": 0.2358407974243164,
        "TPR_zeroday": 0.004369992716678805,
        "FPR_known": 0.05142191389080125,
        "class_acc_known": 0.6717842786958463,
        "TPR_lo": 0.003223792841905642,
        "TPR_hi": 0.005789848719272888,
        "FPR_lo": 0.048314616615373514,
        "FPR_hi": 0.05466823975748189
      },
      "mondrian": {
        "chosen_as_strategy": false,
        "q_by_class": {
          "0": 0.2358407974243164,
          "1": 0.38542962074279785,
          "2": 0.2358407974243164,
          "3": 0.2358407974243164,
          "4": 0.18040895462036133,
          "5": 0.21553754806518555,
          "6": 0.027500689029693604,
          "7": 0.1744796633720398,
          "8": 0.15254992246627808,
          "9": 0.15551024675369263,
          "10": 0.11913889646530151,
          "11": 0.3124384880065918,
          "12": 0.11002522706985474,
          "13": 0.05185222625732422,
          "14": 0.014650940895080566,
          "15": 0.0795641541481018,
          "16": 0.401719868183136,
          "17": 0.41337287425994873,
          "18": 0.27966856956481934,
          "19": 0.1123208999633789,
          "20": 0.07688111066818237,
          "21": 0.16471189260482788,
          "22": 0.44249188899993896,
          "23": 0.37406331300735474,
          "24": 0.3892095685005188,
          "25": 0.2358407974243164,
          "26": 0.47699540853500366,
          "27": 0.2358407974243164,
          "28": 0.2358407974243164,
          "29": 0.2723657488822937,
          "30": 0.2358407974243164
        },
        "TPR_zeroday": 0.08375819373634377,
        "FPR_known": 0.14028491235502832,
        "class_acc_known": 0.7194160404090181,
        "TPR_lo": 0.07864282652470851,
        "TPR_hi": 0.08909543855577462,
        "FPR_lo": 0.13536078563054266,
        "FPR_hi": 0.14532008190592016
      }
    },
    "RQ1": {
      "chosen_strategy": "global",
      "TPR_zeroday": 0.004369992716678805,
      "FPR_known": 0.05142191389080125,
      "class_acc_known": 0.6717842786958463,
      "alpha": 0.05,
      "n_test": 18883,
      "n_zeroday": 10984,
      "strategies": {
        "global": {
          "chosen_as_strategy": true,
          "q": 0.2358407974243164,
          "TPR_zeroday": 0.004369992716678805,
          "FPR_known": 0.05142191389080125,
          "class_acc_known": 0.6717842786958463,
          "TPR_lo": 0.003223792841905642,
          "TPR_hi": 0.005789848719272888,
          "FPR_lo": 0.048314616615373514,
          "FPR_hi": 0.05466823975748189
        },
        "mondrian": {
          "chosen_as_strategy": false,
          "q_by_class": {
            "0": 0.2358407974243164,
            "1": 0.38542962074279785,
            "2": 0.2358407974243164,
            "3": 0.2358407974243164,
            "4": 0.18040895462036133,
            "5": 0.21553754806518555,
            "6": 0.027500689029693604,
            "7": 0.1744796633720398,
            "8": 0.15254992246627808,
            "9": 0.15551024675369263,
            "10": 0.11913889646530151,
            "11": 0.3124384880065918,
            "12": 0.11002522706985474,
            "13": 0.05185222625732422,
            "14": 0.014650940895080566,
            "15": 0.0795641541481018,
            "16": 0.401719868183136,
            "17": 0.41337287425994873,
            "18": 0.27966856956481934,
            "19": 0.1123208999633789,
            "20": 0.07688111066818237,
            "21": 0.16471189260482788,
            "22": 0.44249188899993896,
            "23": 0.37406331300735474,
            "24": 0.3892095685005188,
            "25": 0.2358407974243164,
            "26": 0.47699540853500366,
            "27": 0.2358407974243164,
            "28": 0.2358407974243164,
            "29": 0.2723657488822937,
            "30": 0.2358407974243164
          },
          "TPR_zeroday": 0.08375819373634377,
          "FPR_known": 0.14028491235502832,
          "class_acc_known": 0.7194160404090181,
          "TPR_lo": 0.07864282652470851,
          "TPR_hi": 0.08909543855577462,
          "FPR_lo": 0.13536078563054266,
          "FPR_hi": 0.14532008190592016
        }
      }
    },
    "global_vs_mondrian": {
      "chosen_strategy": "global",
      "df_far": [
        {
          "class": "Backdoor_Malware",
          "n": 9,
          "FAR_global": 1.0,
          "FAR_mondrian": 1.0,
          "q_global": 0.2358407974243164,
          "q_mondrian": 0.2358407974243164,
          "abs_dev_global": 0.95,
          "abs_dev_mondrian": 0.95
        },
        {
          "class": "BenignTraffic",
          "n": 458,
          "FAR_global": 1.0,
          "FAR_mondrian": 0.1091703056768559,
          "q_global": 0.2358407974243164,
          "q_mondrian": 0.38542962074279785,
          "abs_dev_global": 0.95,
          "abs_dev_mondrian": 0.0591703056768559
        },
        {
          "class": "BrowserHijacking",
          "n": 16,
          "FAR_global": 1.0,
          "FAR_mondrian": 1.0,
          "q_global": 0.2358407974243164,
          "q_mondrian": 0.2358407974243164,
          "abs_dev_global": 0.95,
          "abs_dev_mondrian": 0.95
        },
        {
          "class": "CommandInjection",
          "n": 13,
          "FAR_global": 1.0,
          "FAR_mondrian": 1.0,
          "q_global": 0.2358407974243164,
          "q_mondrian": 0.2358407974243164,
          "abs_dev_global": 0.95,
          "abs_dev_mondrian": 0.95
        },
        {
          "class": "DDoS-ACK_Fragmentation",
          "n": 120,
          "FAR_global": 0.0,
          "FAR_mondrian": 0.016666666666666666,
          "q_global": 0.2358407974243164,
          "q_mondrian": 0.18040895462036133,
          "abs_dev_global": 0.05,
          "abs_dev_mondrian": 0.03333333333333334
        },
        {
          "class": "DDoS-HTTP_Flood",
          "n": 70,
          "FAR_global": 0.02857142857142857,
          "FAR_mondrian": 0.02857142857142857,
          "q_global": 0.2358407974243164,
          "q_mondrian": 0.21553754806518555,
          "abs_dev_global": 0.021428571428571432,
          "abs_dev_mondrian": 0.021428571428571432
        },
        {
          "class": "DDoS-ICMP_Flood",
          "n": 3025,
          "FAR_global": 0.00033057851239669424,
          "FAR_mondrian": 0.0856198347107438,
          "q_global": 0.2358407974243164,
          "q_mondrian": 0.027500689029693604,
          "abs_dev_global": 0.04966942148760331,
          "abs_dev_mondrian": 0.0356198347107438
        },
        {
          "class": "DDoS-ICMP_Fragmentation",
          "n": 190,
          "FAR_global": 0.005263157894736842,
          "FAR_mondrian": 0.010526315789473684,
          "q_global": 0.2358407974243164,
          "q_mondrian": 0.1744796633720398,
          "abs_dev_global": 0.04473684210526316,
          "abs_dev_mondrian": 0.03947368421052632
        },
        {
          "class": "DDoS-PSHACK_Flood",
          "n": 1712,
          "FAR_global": 0.007593457943925234,
          "FAR_mondrian": 0.11390186915887851,
          "q_global": 0.2358407974243164,
          "q_mondrian": 0.15254992246627808,
          "abs_dev_global": 0.04240654205607477,
          "abs_dev_mondrian": 0.06390186915887851
        },
        {
          "class": "DDoS-RSTFINFlood",
          "n": 1688,
          "FAR_global": 0.013625592417061612,
          "FAR_mondrian": 0.08530805687203792,
          "q_global": 0.2358407974243164,
          "q_mondrian": 0.15551024675369263,
          "abs_dev_global": 0.03637440758293839,
          "abs_dev_mondrian": 0.03530805687203792
        },
        {
          "class": "DDoS-SYN_Flood",
          "n": 1706,
          "FAR_global": 0.0029308323563892145,
          "FAR_mondrian": 0.07971864009378664,
          "q_global": 0.2358407974243164,
          "q_mondrian": 0.11913889646530151,
          "abs_dev_global": 0.047069167643610785,
          "abs_dev_mondrian": 0.029718640093786636
        },
        {
          "class": "DDoS-SlowLoris",
          "n": 62,
          "FAR_global": 0.0967741935483871,
          "FAR_mondrian": 0.03225806451612903,
          "q_global": 0.2358407974243164,
          "q_mondrian": 0.3124384880065918,
          "abs_dev_global": 0.04677419354838709,
          "abs_dev_mondrian": 0.01774193548387097
        },
        {
          "class": "DDoS-SynonymousIP_Flood",
          "n": 1509,
          "FAR_global": 0.0019880715705765406,
          "FAR_mondrian": 0.11000662690523526,
          "q_global": 0.2358407974243164,
          "q_mondrian": 0.11002522706985474,
          "abs_dev_global": 0.048011928429423464,
          "abs_dev_mondrian": 0.060006626905235255
        },
        {
          "class": "DDoS-TCP_Flood",
          "n": 1892,
          "FAR_global": 0.0,
          "FAR_mondrian": 0.06712473572938689,
          "q_global": 0.2358407974243164,
          "q_mondrian": 0.05185222625732422,
          "abs_dev_global": 0.05,
          "abs_dev_mondrian": 0.017124735729386886
        },
        {
          "class": "DDoS-UDP_Flood",
          "n": 2268,
          "FAR_global": 0.0,
          "FAR_mondrian": 0.09611992945326278,
          "q_global": 0.2358407974243164,
          "q_mondrian": 0.014650940895080566,
          "abs_dev_global": 0.05,
          "abs_dev_mondrian": 0.04611992945326278
        },
        {
          "class": "DDoS-UDP_Fragmentation",
          "n": 120,
          "FAR_global": 0.0,
          "FAR_mondrian": 0.1,
          "q_global": 0.2358407974243164,
          "q_mondrian": 0.0795641541481018,
          "abs_dev_global": 0.05,
          "abs_dev_mondrian": 0.05
        },
        {
          "class": "DNS_Spoofing",
          "n": 76,
          "FAR_global": 1.0,
          "FAR_mondrian": 0.09210526315789473,
          "q_global": 0.2358407974243164,
          "q_mondrian": 0.401719868183136,
          "abs_dev_global": 0.95,
          "abs_dev_mondrian": 0.04210526315789473
        },
        {
          "class": "DictionaryBruteForce",
          "n": 29,
          "FAR_global": 1.0,
          "FAR_mondrian": 0.034482758620689655,
          "q_global": 0.2358407974243164,
          "q_mondrian": 0.41337287425994873,
          "abs_dev_global": 0.95,
          "abs_dev_mondrian": 0.015517241379310348
        },
        {
          "class": "DoS-HTTP_Flood",
          "n": 182,
          "FAR_global": 0.038461538461538464,
          "FAR_mondrian": 0.027472527472527472,
          "q_global": 0.2358407974243164,
          "q_mondrian": 0.27966856956481934,
          "abs_dev_global": 0.011538461538461539,
          "abs_dev_mondrian": 0.02252747252747253
        },
        {
          "class": "DoS-SYN_Flood",
          "n": 850,
          "FAR_global": 0.0,
          "FAR_mondrian": 0.1188235294117647,
          "q_global": 0.2358407974243164,
          "q_mondrian": 0.1123208999633789,
          "abs_dev_global": 0.05,
          "abs_dev_mondrian": 0.0688235294117647
        },
        {
          "class": "DoS-TCP_Flood",
          "n": 1115,
          "FAR_global": 0.0026905829596412557,
          "FAR_mondrian": 0.09237668161434978,
          "q_global": 0.2358407974243164,
          "q_mondrian": 0.07688111066818237,
          "abs_dev_global": 0.04730941704035875,
          "abs_dev_mondrian": 0.04237668161434978
        },
        {
          "class": "DoS-UDP_Flood",
          "n": 1387,
          "FAR_global": 0.0007209805335255948,
          "FAR_mondrian": 0.0692141312184571,
          "q_global": 0.2358407974243164,
          "q_mondrian": 0.16471189260482788,
          "abs_dev_global": 0.04927901946647441,
          "abs_dev_mondrian": 0.019214131218457095
        },
        {
          "class": "MITM-ArpSpoofing",
          "n": 129,
          "FAR_global": 1.0,
          "FAR_mondrian": 0.046511627906976744,
          "q_global": 0.2358407974243164,
          "q_mondrian": 0.44249188899993896,
          "abs_dev_global": 0.95,
          "abs_dev_mondrian": 0.0034883720930232592
        },
        {
          "class": "Recon-HostDiscovery",
          "n": 58,
          "FAR_global": 1.0,
          "FAR_mondrian": 0.1896551724137931,
          "q_global": 0.2358407974243164,
          "q_mondrian": 0.37406331300735474,
          "abs_dev_global": 0.95,
          "abs_dev_mondrian": 0.1396551724137931
        },
        {
          "class": "Recon-OSScan",
          "n": 42,
          "FAR_global": 1.0,
          "FAR_mondrian": 0.07142857142857142,
          "q_global": 0.2358407974243164,
          "q_mondrian": 0.3892095685005188,
          "abs_dev_global": 0.95,
          "abs_dev_mondrian": 0.021428571428571422
        },
        {
          "class": "Recon-PingSweep",
          "n": 4,
          "FAR_global": 1.0,
          "FAR_mondrian": 1.0,
          "q_global": 0.2358407974243164,
          "q_mondrian": 0.2358407974243164,
          "abs_dev_global": 0.95,
          "abs_dev_mondrian": 0.95
        },
        {
          "class": "Recon-PortScan",
          "n": 35,
          "FAR_global": 1.0,
          "FAR_mondrian": 0.0,
          "q_global": 0.2358407974243164,
          "q_mondrian": 0.47699540853500366,
          "abs_dev_global": 0.95,
          "abs_dev_mondrian": 0.05
        },
        {
          "class": "SqlInjection",
          "n": 15,
          "FAR_global": 1.0,
          "FAR_mondrian": 1.0,
          "q_global": 0.2358407974243164,
          "q_mondrian": 0.2358407974243164,
          "abs_dev_global": 0.95,
          "abs_dev_mondrian": 0.95
        },
        {
          "class": "Uploading_Attack",
          "n": 4,
          "FAR_global": 1.0,
          "FAR_mondrian": 1.0,
          "q_global": 0.2358407974243164,
          "q_mondrian": 0.2358407974243164,
          "abs_dev_global": 0.95,
          "abs_dev_mondrian": 0.95
        },
        {
          "class": "VulnerabilityScan",
          "n": 90,
          "FAR_global": 0.1,
          "FAR_mondrian": 0.07777777777777778,
          "q_global": 0.2358407974243164,
          "q_mondrian": 0.2723657488822937,
          "abs_dev_global": 0.05,
          "abs_dev_mondrian": 0.027777777777777776
        },
        {
          "class": "XSS",
          "n": 9,
          "FAR_global": 1.0,
          "FAR_mondrian": 1.0,
          "q_global": 0.2358407974243164,
          "q_mondrian": 0.2358407974243164,
          "abs_dev_global": 0.95,
          "abs_dev_mondrian": 0.95
        }
      ],
      "df_comparison": [
        {
          "method": "Global",
          "TPR": 0.004369992716678805,
          "TPR_lo": 0.003223792841905642,
          "TPR_hi": 0.005789848719272888,
          "FPR": 0.05142191389080125,
          "FPR_lo": 0.048314616615373514,
          "FPR_hi": 0.05466823975748189,
          "class_acc_accepted": 0.6717842786958463
        },
        {
          "method": "Mondrian",
          "TPR": 0.08375819373634377,
          "TPR_lo": 0.07864282652470851,
          "TPR_hi": 0.08909543855577462,
          "FPR": 0.14028491235502832,
          "FPR_lo": 0.13536078563054266,
          "FPR_hi": 0.14532008190592016,
          "class_acc_accepted": 0.7194160404090181
        }
      ],
      "strategies": {
        "global": {
          "chosen_as_strategy": true,
          "q": 0.2358407974243164,
          "TPR_zeroday": 0.004369992716678805,
          "FPR_known": 0.05142191389080125,
          "class_acc_known": 0.6717842786958463,
          "TPR_lo": 0.003223792841905642,
          "TPR_hi": 0.005789848719272888,
          "FPR_lo": 0.048314616615373514,
          "FPR_hi": 0.05466823975748189
        },
        "mondrian": {
          "chosen_as_strategy": false,
          "q_by_class": {
            "0": 0.2358407974243164,
            "1": 0.38542962074279785,
            "2": 0.2358407974243164,
            "3": 0.2358407974243164,
            "4": 0.18040895462036133,
            "5": 0.21553754806518555,
            "6": 0.027500689029693604,
            "7": 0.1744796633720398,
            "8": 0.15254992246627808,
            "9": 0.15551024675369263,
            "10": 0.11913889646530151,
            "11": 0.3124384880065918,
            "12": 0.11002522706985474,
            "13": 0.05185222625732422,
            "14": 0.014650940895080566,
            "15": 0.0795641541481018,
            "16": 0.401719868183136,
            "17": 0.41337287425994873,
            "18": 0.27966856956481934,
            "19": 0.1123208999633789,
            "20": 0.07688111066818237,
            "21": 0.16471189260482788,
            "22": 0.44249188899993896,
            "23": 0.37406331300735474,
            "24": 0.3892095685005188,
            "25": 0.2358407974243164,
            "26": 0.47699540853500366,
            "27": 0.2358407974243164,
            "28": 0.2358407974243164,
            "29": 0.2723657488822937,
            "30": 0.2358407974243164
          },
          "TPR_zeroday": 0.08375819373634377,
          "FPR_known": 0.14028491235502832,
          "class_acc_known": 0.7194160404090181,
          "TPR_lo": 0.07864282652470851,
          "TPR_hi": 0.08909543855577462,
          "FPR_lo": 0.13536078563054266,
          "FPR_hi": 0.14532008190592016
        }
      }
    }
  }
}