{
  "history": {
    "loss": [
      2.88271710402529,
      2.446304337239601,
      2.256812701762562,
      2.1496987153946514,
      2.0433204115276604,
      1.9938744361131964,
      1.9355240522975652,
      1.915895920404246,
      1.8745991948624732,
      1.841315550703398,
      1.808787054579023,
      1.8153023501517067,
      1.7822783459240281,
      1.7724278535641416,
      1.763135208630226,
      1.7489178256249764,
      1.75673976750441,
      1.7400306366698843,
      1.7201457867320156,
      1.7132974027747838,
      1.7179487028592069,
      1.7046007694492877,
      1.7008162669732536,
      1.695934468591717,
      1.6968571317027992,
      1.6969426958493783,
      1.689145692637269,
      1.675651943599674,
      1.6828021306387135,
      1.6701864935982396,
      1.6627519038361562,
      1.6714395796748953,
      1.6778904187007688,
      1.671125371691207,
      1.6807233111959108,
      1.6865784949819806,
      1.6577566685810896,
      1.6851270307957287,
      1.6548699300054093,
      1.677292268880656,
      1.6610961707544998,
      1.6650466620922089,
      1.663683661692579,
      1.6668037935881548,
      1.6620670540232054,
      1.6460307530114349,
      1.665467276539601,
      1.6539156386550045,
      1.6783113030480667
    ],
    "L_CE": [
      2.88271710402529,
      2.446304337239601,
      2.256812701762562,
      2.1496987153946514,
      2.0433204115276604,
      1.9938744361131964,
      1.9355240522975652,
      1.915895920404246,
      1.8745991948624732,
      1.841315550703398,
      1.808787054579023,
      1.8153023501517067,
      1.7822783459240281,
      1.7724278535641416,
      1.763135208630226,
      1.7489178256249764,
      1.75673976750441,
      1.7400306366698843,
      1.7201457867320156,
      1.7132974027747838,
      1.7179487028592069,
      1.7046007694492877,
      1.7008162669732536,
      1.695934468591717,
      1.6968571317027992,
      1.6969426958493783,
      1.689145692637269,
      1.675651943599674,
      1.6828021306387135,
      1.6701864935982396,
      1.6627519038361562,
      1.6714395796748953,
      1.6778904187007688,
      1.671125371691207,
      1.6807233111959108,
      1.6865784949819806,
      1.6577566685810896,
      1.6851270307957287,
      1.6548699300054093,
      1.677292268880656,
      1.6610961707544998,
      1.6650466620922089,
      1.663683661692579,
      1.6668037935881548,
      1.6620670540232054,
      1.6460307530114349,
      1.665467276539601,
      1.6539156386550045,
      1.6783113030480667
    ],
    "val_loss": [
      2.5034458488225937,
      2.1997124403715134,
      2.0139412730932236,
      1.8901574648916721,
      1.7918659634888172,
      1.7075211890041828,
      1.6618943139910698,
      1.612854391336441,
      1.5909001789987087,
      1.5473260059952736,
      1.5221826694905758,
      1.5131663605570793,
      1.4975288324058056,
      1.4869433902204037,
      1.4479395300149918,
      1.4486972466111183,
      1.4422128535807133,
      1.4250214248895645,
      1.4128374867141247,
      1.4203929118812084,
      1.4095254838466644,
      1.3970538079738617,
      1.3957551717758179,
      1.3862716369330883,
      1.381620604544878,
      1.369328860193491,
      1.37947404012084,
      1.372311808168888,
      1.3614537566900253,
      1.3682721555233002,
      1.3625414185225964,
      1.3550667278468609,
      1.3592161387205124,
      1.3593833707273006,
      1.3550895527005196,
      1.3479620404541492,
      1.3492992669343948,
      1.3469694070518017,
      1.3466129451990128,
      1.3490182794630527,
      1.3503353670239449,
      1.3443966060876846,
      1.3467027842998505,
      1.342922355979681,
      1.346263200044632,
      1.347110342234373,
      1.3458141684532166,
      1.3457782678306103,
      1.345064740628004
    ],
    "lr": [
      0.01,
      0.009990232305719944,
      0.009960967771506665,
      0.009912321891107008,
      0.009844486647586722,
      0.00975772975566101,
      0.009652393605146843,
      0.009528893909706796,
      0.009387718066217124,
      0.009229423231234974,
      0.009054634122155989,
      0.008864040551740155,
      0.008658394705735985,
      0.008438508174347006,
      0.008205248749256011,
      0.00795953699884774,
      0.007702342635146031,
      0.007434680686803489,
      0.007157607493247108,
      0.006872216535789155,
      0.006579634122155988,
      0.006281014941466028,
      0.005977537507199335,
      0.005670399506143305,
      0.005360813071670099,
      0.005049999999999998,
      0.004739186928329897,
      0.004429600493856692,
      0.004122462492800662,
      0.0038189850585339667,
      0.0035203658778440103,
      0.003227783464210844,
      0.0029423925067528886,
      0.002665319313196507,
      0.002397657364853964,
      0.002140463001152257,
      0.0018947512507439847,
      0.00166149182565299,
      0.0014416052942640132,
      0.001235959448259843,
      0.00104536587784401,
      0.000870576768765026,
      0.000712281933782875,
      0.000571106090293204,
      0.0004476063948531556,
      0.0003422702443389899,
      0.00025551335241327664,
      0.0001876781088929908,
      0.00013903222849333504
    ],
    "grad_var": [
      0.0004647698355973928,
      0.0009374667744697022,
      0.0012924336440103706,
      0.0019515168176337577,
      0.002395410225033911,
      0.0027624981049087526,
      0.0029796980789528085,
      0.004125578162542374,
      0.003548274235123552,
      0.00394135050788771,
      0.004188885967842382,
      0.004367924332667903,
      0.004535961720328384,
      0.004480684794133863,
      0.005055927412427017,
      0.004935469731285145,
      0.0056197091504196885,
      0.005803564385901219,
      0.005127727991530777,
      0.0054659854680542425,
      0.006001708266845065,
      0.005631055683512437,
      0.0060595820889919735,
      0.0054411504812814085,
      0.005777672578377361,
      0.00573492381995557,
      0.006046123270184773,
      0.006362190345690822,
      0.006277151970671568,
      0.006059741831309176,
      0.006278094409269766,
      0.00631162433243114,
      0.006415273779003002,
      0.007004273970919648,
      0.006376214684101976,
      0.006186642232318212,
      0.006276063966600906,
      0.006843905556540359,
      0.0061107190952203435,
      0.006528517067789848,
      0.006396945991838666,
      0.006437987081778669,
      0.006483321672905578,
      0.006406382017303258,
      0.00661885028690244,
      0.00633159551349744,
      0.006469676590198323,
      0.006797831088655405,
      0.00636138906538434
    ],
    "epoch_sec": [
      122.65221762697911,
      125.22693796502426,
      124.86718812503386,
      125.10210228397045,
      125.15501076198416,
      125.4280746729928,
      125.66491036699153,
      126.54861763701774,
      127.09649768099189,
      126.65232743002707,
      126.2309235620196,
      125.95081027102424,
      125.6357910259976,
      126.07731009100098,
      126.43527653999627,
      126.51915769901825,
      126.01401395600988,
      126.88736706599593,
      126.48250429600012,
      125.88205973705044,
      125.92349471501075,
      126.34546973503893,
      126.18749846098945,
      125.92452987999422,
      126.5178009350202,
      126.83269526599906,
      127.02907141298056,
      127.02853862999473,
      125.87408911396051,
      125.49594004196115,
      125.40949995198753,
      125.47137105098227,
      125.41952768800547,
      125.48713201202918,
      125.44538281403948,
      125.47578978299862,
      125.73407715297071,
      126.1937081530341,
      125.22480170498602,
      125.87319226900581,
      126.05679897998925,
      126.89769261796027,
      127.00774292799179,
      126.6599101019674,
      126.69413458101917,
      125.75063938595122,
      125.54164681799011,
      124.96651951601962,
      126.059449605993
    ],
    "gpu_mem_mb": [
      159.801856,
      159.801856,
      159.801856,
      159.801856,
      159.801856,
      159.801856,
      159.801856,
      159.801856,
      159.801856,
      159.801856,
      159.801856,
      159.801856,
      159.801856,
      159.801856,
      159.801856,
      159.801856,
      159.801856,
      159.801856,
      159.801856,
      159.801856,
      159.801856,
      159.801856,
      159.801856,
      159.801856,
      159.801856,
      159.801856,
      159.801856,
      159.801856,
      159.801856,
      159.801856,
      159.801856,
      159.801856,
      159.801856,
      159.801856,
      159.801856,
      159.801856,
      159.801856,
      159.801856,
      159.801856,
      159.801856,
      159.801856,
      159.801856,
      159.801856,
      159.801856,
      159.801856,
      159.801856,
      159.801856,
      159.801856,
      159.801856
    ],
    "best_epoch": 44,
    "best_score": 1.342922355979681,
    "stopped_early": true,
    "epochs_ran": 49,
    "interrupted": false,
    "stop_reason": "early_stopping"
  },
  "extra": {
    "teamC_handoff": "team-artifacts/teamC_week3_FROZEN_handoff.json",
    "data_path": "data/FROZEN/CICIoT2023",
    "dataset": "CICIoT2023",
    "feature_cols": [
      "duration",
      "n_pkts_total",
      "n_bytes_total",
      "rate",
      "pkt_size_min",
      "pkt_size_max",
      "pkt_size_mean",
      "iat",
      "protocol",
      "conn_state"
    ],
    "target_col": "label_multiclass",
    "n_train": 20156,
    "class_names": [
      "Backdoor_Malware",
      "BenignTraffic",
      "BrowserHijacking",
      "CommandInjection",
      "DDoS-ACK_Fragmentation",
      "DDoS-HTTP_Flood",
      "DDoS-ICMP_Flood",
      "DDoS-ICMP_Fragmentation",
      "DDoS-PSHACK_Flood",
      "DDoS-RSTFINFlood",
      "DDoS-SYN_Flood",
      "DDoS-SlowLoris",
      "DDoS-SynonymousIP_Flood",
      "DDoS-TCP_Flood",
      "DDoS-UDP_Flood",
      "DDoS-UDP_Fragmentation",
      "DNS_Spoofing",
      "DictionaryBruteForce",
      "DoS-HTTP_Flood",
      "DoS-SYN_Flood",
      "DoS-TCP_Flood",
      "DoS-UDP_Flood",
      "MITM-ArpSpoofing",
      "Recon-HostDiscovery",
      "Recon-OSScan",
      "Recon-PingSweep",
      "Recon-PortScan",
      "SqlInjection",
      "Uploading_Attack",
      "VulnerabilityScan",
      "XSS"
    ],
    "use_pca": true,
    "subset": true,
    "per_class_cap": 1000,
    "sampler": "greedy_dpp",
    "num_qubits": 6,
    "k95": 6,
    "train_mode": "CE-only",
    "epochs": 50,
    "batch_size": 64,
    "lr": 0.01,
    "use_lr_schedule": true,
    "noise_rate": 0.01,
    "num_layers": 2,
    "num_classes": 31,
    "train_total_sec": 6171.037244100997,
    "loss_last": 1.6783113030480667,
    "barren_plateau_var": 1e-06,
    "barren_plateau_any": false,
    "seed": 42,
    "early_stopping": true,
    "patience": 5,
    "best_epoch": 44,
    "best_score": 1.342922355979681,
    "stopped_early": true,
    "epochs_ran": 49,
    "stop_reason": "early_stopping",
    "interrupted": false,
    "checkpoint_dir": "artifacts/CICIoT2023/final-ciciot2023-vqc-train_seed42"
  }
}