notebook=11.hilbert-geometry-diagnostics_v2-ciciot2023
checkpoint=final_notebooks/final_artifacts/final-ciciot2023-maqt-train-checkpoint.pt
dataset=CICIoT2023
max_per_class=50
mean_intra_fid=0.781648
mean_inter_fid=0.623304
fidelity_gap=0.158344
mean_inter_trace_distance=0.671653
intra[Backdoor_Malware]: n=50 F=0.642103
intra[BenignTraffic]: n=50 F=0.687049
intra[BrowserHijacking]: n=50 F=0.604657
intra[CommandInjection]: n=50 F=0.596398
intra[DDoS-ACK_Fragmentation]: n=50 F=0.897441
intra[DDoS-HTTP_Flood]: n=50 F=0.843543
intra[DDoS-ICMP_Flood]: n=50 F=0.966577
intra[DDoS-ICMP_Fragmentation]: n=50 F=0.936198
intra[DDoS-PSHACK_Flood]: n=50 F=0.937931
intra[DDoS-RSTFINFlood]: n=50 F=0.940947
intra[DDoS-SYN_Flood]: n=50 F=0.929868
intra[DDoS-SlowLoris]: n=50 F=0.792389
intra[DDoS-SynonymousIP_Flood]: n=50 F=0.951662
intra[DDoS-TCP_Flood]: n=50 F=0.933669
intra[DDoS-UDP_Flood]: n=50 F=0.995121
intra[DDoS-UDP_Fragmentation]: n=50 F=0.958567
intra[DNS_Spoofing]: n=50 F=0.612368
intra[DictionaryBruteForce]: n=50 F=0.635312
intra[DoS-HTTP_Flood]: n=50 F=0.804471
intra[DoS-SYN_Flood]: n=50 F=0.906261
intra[DoS-TCP_Flood]: n=50 F=0.893663
intra[DoS-UDP_Flood]: n=50 F=0.911344
intra[MITM-ArpSpoofing]: n=50 F=0.615970
intra[Recon-HostDiscovery]: n=50 F=0.639316
intra[Recon-OSScan]: n=50 F=0.624025
intra[Recon-PingSweep]: n=37 F=0.620353
intra[Recon-PortScan]: n=50 F=0.628723
intra[SqlInjection]: n=50 F=0.641253
intra[Uploading_Attack]: n=27 F=0.674857
intra[VulnerabilityScan]: n=50 F=0.779407
intra[XSS]: n=50 F=0.629640
pair[Backdoor_Malware↔BenignTraffic]: F=0.850384 TD=0.468993
pair[Backdoor_Malware↔BrowserHijacking]: F=0.912267 TD=0.357759
pair[Backdoor_Malware↔CommandInjection]: F=0.935559 TD=0.275615
pair[Backdoor_Malware↔DDoS-ACK_Fragmentation]: F=0.445800 TD=0.838419
pair[Backdoor_Malware↔DDoS-HTTP_Flood]: F=0.504497 TD=0.804521
pair[Backdoor_Malware↔DDoS-ICMP_Flood]: F=0.400548 TD=0.861787
pair[Backdoor_Malware↔DDoS-ICMP_Fragmentation]: F=0.425465 TD=0.847103
pair[Backdoor_Malware↔DDoS-PSHACK_Flood]: F=0.386439 TD=0.866704
pair[Backdoor_Malware↔DDoS-RSTFINFlood]: F=0.377282 TD=0.870692
pair[Backdoor_Malware↔DDoS-SYN_Flood]: F=0.394150 TD=0.864755
pair[Backdoor_Malware↔DDoS-SlowLoris]: F=0.541056 TD=0.779890
pair[Backdoor_Malware↔DDoS-SynonymousIP_Flood]: F=0.400361 TD=0.862268
pair[Backdoor_Malware↔DDoS-TCP_Flood]: F=0.421570 TD=0.852183
pair[Backdoor_Malware↔DDoS-UDP_Flood]: F=0.378838 TD=0.871433
pair[Backdoor_Malware↔DDoS-UDP_Fragmentation]: F=0.427438 TD=0.849426
pair[Backdoor_Malware↔DNS_Spoofing]: F=0.918371 TD=0.350934
pair[Backdoor_Malware↔DictionaryBruteForce]: F=0.926802 TD=0.329379
pair[Backdoor_Malware↔DoS-HTTP_Flood]: F=0.514807 TD=0.802415
pair[Backdoor_Malware↔DoS-SYN_Flood]: F=0.427235 TD=0.848377
pair[Backdoor_Malware↔DoS-TCP_Flood]: F=0.457938 TD=0.833910
pair[Backdoor_Malware↔DoS-UDP_Flood]: F=0.428863 TD=0.847096
pair[Backdoor_Malware↔MITM-ArpSpoofing]: F=0.825763 TD=0.502355
pair[Backdoor_Malware↔Recon-HostDiscovery]: F=0.899416 TD=0.355022
pair[Backdoor_Malware↔Recon-OSScan]: F=0.896607 TD=0.388241
pair[Backdoor_Malware↔Recon-PingSweep]: F=0.892541 TD=0.397577
pair[Backdoor_Malware↔Recon-PortScan]: F=0.891662 TD=0.390588
pair[Backdoor_Malware↔SqlInjection]: F=0.968837 TD=0.207192
pair[Backdoor_Malware↔Uploading_Attack]: F=0.953330 TD=0.249535
pair[Backdoor_Malware↔VulnerabilityScan]: F=0.590292 TD=0.740188
pair[Backdoor_Malware↔XSS]: F=0.966286 TD=0.215269
pair[BenignTraffic↔BrowserHijacking]: F=0.924695 TD=0.334478
pair[BenignTraffic↔CommandInjection]: F=0.910647 TD=0.363196
pair[BenignTraffic↔DDoS-ACK_Fragmentation]: F=0.444329 TD=0.834872
pair[BenignTraffic↔DDoS-HTTP_Flood]: F=0.539206 TD=0.779913
pair[BenignTraffic↔DDoS-ICMP_Flood]: F=0.403885 TD=0.858679
pair[BenignTraffic↔DDoS-ICMP_Fragmentation]: F=0.441339 TD=0.838564
pair[BenignTraffic↔DDoS-PSHACK_Flood]: F=0.414596 TD=0.852268
pair[BenignTraffic↔DDoS-RSTFINFlood]: F=0.403709 TD=0.857196
pair[BenignTraffic↔DDoS-SYN_Flood]: F=0.417809 TD=0.852262
pair[BenignTraffic↔DDoS-SlowLoris]: F=0.594198 TD=0.737646
pair[BenignTraffic↔DDoS-SynonymousIP_Flood]: F=0.418622 TD=0.852118
pair[BenignTraffic↔DDoS-TCP_Flood]: F=0.421084 TD=0.851531
pair[BenignTraffic↔DDoS-UDP_Flood]: F=0.401989 TD=0.861235
pair[BenignTraffic↔DDoS-UDP_Fragmentation]: F=0.418382 TD=0.851564
pair[BenignTraffic↔DNS_Spoofing]: F=0.933025 TD=0.314597
pair[BenignTraffic↔DictionaryBruteForce]: F=0.936243 TD=0.312569
pair[BenignTraffic↔DoS-HTTP_Flood]: F=0.557055 TD=0.771782
pair[BenignTraffic↔DoS-SYN_Flood]: F=0.440306 TD=0.839539
pair[BenignTraffic↔DoS-TCP_Flood]: F=0.437750 TD=0.842084
pair[BenignTraffic↔DoS-UDP_Flood]: F=0.444634 TD=0.838011
pair[BenignTraffic↔MITM-ArpSpoofing]: F=0.944408 TD=0.289483
pair[BenignTraffic↔Recon-HostDiscovery]: F=0.841009 TD=0.479030
pair[BenignTraffic↔Recon-OSScan]: F=0.937728 TD=0.287122
pair[BenignTraffic↔Recon-PingSweep]: F=0.892363 TD=0.392149
pair[BenignTraffic↔Recon-PortScan]: F=0.902161 TD=0.370223
pair[BenignTraffic↔SqlInjection]: F=0.864036 TD=0.437916
pair[BenignTraffic↔Uploading_Attack]: F=0.817154 TD=0.518951
pair[BenignTraffic↔VulnerabilityScan]: F=0.558233 TD=0.760336
pair[BenignTraffic↔XSS]: F=0.893216 TD=0.395443
pair[BrowserHijacking↔CommandInjection]: F=0.959196 TD=0.240112
pair[BrowserHijacking↔DDoS-ACK_Fragmentation]: F=0.508862 TD=0.798974
pair[BrowserHijacking↔DDoS-HTTP_Flood]: F=0.553058 TD=0.771529
pair[BrowserHijacking↔DDoS-ICMP_Flood]: F=0.422830 TD=0.849374
pair[BrowserHijacking↔DDoS-ICMP_Fragmentation]: F=0.488198 TD=0.813330
pair[BrowserHijacking↔DDoS-PSHACK_Flood]: F=0.435660 TD=0.842823
pair[BrowserHijacking↔DDoS-RSTFINFlood]: F=0.426637 TD=0.847046
pair[BrowserHijacking↔DDoS-SYN_Flood]: F=0.440952 TD=0.841957
pair[BrowserHijacking↔DDoS-SlowLoris]: F=0.587800 TD=0.745283
pair[BrowserHijacking↔DDoS-SynonymousIP_Flood]: F=0.441932 TD=0.841432
pair[BrowserHijacking↔DDoS-TCP_Flood]: F=0.454771 TD=0.835563
pair[BrowserHijacking↔DDoS-UDP_Flood]: F=0.414235 TD=0.854973
pair[BrowserHijacking↔DDoS-UDP_Fragmentation]: F=0.483315 TD=0.818583
pair[BrowserHijacking↔DNS_Spoofing]: F=0.959856 TD=0.239075
pair[BrowserHijacking↔DictionaryBruteForce]: F=0.953783 TD=0.244893
pair[BrowserHijacking↔DoS-HTTP_Flood]: F=0.585540 TD=0.751354
pair[BrowserHijacking↔DoS-SYN_Flood]: F=0.465583 TD=0.827710
pair[BrowserHijacking↔DoS-TCP_Flood]: F=0.477803 TD=0.822684
pair[BrowserHijacking↔DoS-UDP_Flood]: F=0.466566 TD=0.825879
pair[BrowserHijacking↔MITM-ArpSpoofing]: F=0.934066 TD=0.313685
pair[BrowserHijacking↔Recon-HostDiscovery]: F=0.889934 TD=0.364051
pair[BrowserHijacking↔Recon-OSScan]: F=0.937827 TD=0.277446
pair[BrowserHijacking↔Recon-PingSweep]: F=0.915832 TD=0.337032
pair[BrowserHijacking↔Recon-PortScan]: F=0.933389 TD=0.277012
pair[BrowserHijacking↔SqlInjection]: F=0.916435 TD=0.318824
pair[BrowserHijacking↔Uploading_Attack]: F=0.887384 TD=0.385435
pair[BrowserHijacking↔VulnerabilityScan]: F=0.591569 TD=0.740412
pair[BrowserHijacking↔XSS]: F=0.941873 TD=0.285607
pair[CommandInjection↔DDoS-ACK_Fragmentation]: F=0.479883 TD=0.817950
pair[CommandInjection↔DDoS-HTTP_Flood]: F=0.536426 TD=0.782613
pair[CommandInjection↔DDoS-ICMP_Flood]: F=0.419718 TD=0.852838
pair[CommandInjection↔DDoS-ICMP_Fragmentation]: F=0.471037 TD=0.824122
pair[CommandInjection↔DDoS-PSHACK_Flood]: F=0.417909 TD=0.852404
pair[CommandInjection↔DDoS-RSTFINFlood]: F=0.408693 TD=0.856797
pair[CommandInjection↔DDoS-SYN_Flood]: F=0.426876 TD=0.850190
pair[CommandInjection↔DDoS-SlowLoris]: F=0.571092 TD=0.758515
pair[CommandInjection↔DDoS-SynonymousIP_Flood]: F=0.428323 TD=0.849449
pair[CommandInjection↔DDoS-TCP_Flood]: F=0.452141 TD=0.838786
pair[CommandInjection↔DDoS-UDP_Flood]: F=0.408036 TD=0.859722
pair[CommandInjection↔DDoS-UDP_Fragmentation]: F=0.455700 TD=0.834738
pair[CommandInjection↔DNS_Spoofing]: F=0.963497 TD=0.228693
pair[CommandInjection↔DictionaryBruteForce]: F=0.948504 TD=0.270072
pair[CommandInjection↔DoS-HTTP_Flood]: F=0.563479 TD=0.769097
pair[CommandInjection↔DoS-SYN_Flood]: F=0.452962 TD=0.835827
pair[CommandInjection↔DoS-TCP_Flood]: F=0.480268 TD=0.822815
pair[CommandInjection↔DoS-UDP_Flood]: F=0.462035 TD=0.831022
pair[CommandInjection↔MITM-ArpSpoofing]: F=0.930108 TD=0.312479
pair[CommandInjection↔Recon-HostDiscovery]: F=0.895025 TD=0.355021
pair[CommandInjection↔Recon-OSScan]: F=0.929398 TD=0.317344
pair[CommandInjection↔Recon-PingSweep]: F=0.914320 TD=0.351330
pair[CommandInjection↔Recon-PortScan]: F=0.920187 TD=0.326952
pair[CommandInjection↔SqlInjection]: F=0.933482 TD=0.265837
pair[CommandInjection↔Uploading_Attack]: F=0.897245 TD=0.347856
pair[CommandInjection↔VulnerabilityScan]: F=0.588744 TD=0.738063
pair[CommandInjection↔XSS]: F=0.958296 TD=0.228433
pair[DDoS-ACK_Fragmentation↔DDoS-HTTP_Flood]: F=0.586915 TD=0.763651
pair[DDoS-ACK_Fragmentation↔DDoS-ICMP_Flood]: F=0.445008 TD=0.851538
pair[DDoS-ACK_Fragmentation↔DDoS-ICMP_Fragmentation]: F=0.891368 TD=0.429494
pair[DDoS-ACK_Fragmentation↔DDoS-PSHACK_Flood]: F=0.431030 TD=0.854154
pair[DDoS-ACK_Fragmentation↔DDoS-RSTFINFlood]: F=0.419250 TD=0.858535
pair[DDoS-ACK_Fragmentation↔DDoS-SYN_Flood]: F=0.458053 TD=0.842751
pair[DDoS-ACK_Fragmentation↔DDoS-SlowLoris]: F=0.555584 TD=0.783855
pair[DDoS-ACK_Fragmentation↔DDoS-SynonymousIP_Flood]: F=0.464306 TD=0.840806
pair[DDoS-ACK_Fragmentation↔DDoS-TCP_Flood]: F=0.534391 TD=0.805631
pair[DDoS-ACK_Fragmentation↔DDoS-UDP_Flood]: F=0.494909 TD=0.830452
pair[DDoS-ACK_Fragmentation↔DDoS-UDP_Fragmentation]: F=0.945181 TD=0.305841
pair[DDoS-ACK_Fragmentation↔DNS_Spoofing]: F=0.504699 TD=0.802835
pair[DDoS-ACK_Fragmentation↔DictionaryBruteForce]: F=0.469488 TD=0.820708
pair[DDoS-ACK_Fragmentation↔DoS-HTTP_Flood]: F=0.697831 TD=0.669036
pair[DDoS-ACK_Fragmentation↔DoS-SYN_Flood]: F=0.482128 TD=0.829815
pair[DDoS-ACK_Fragmentation↔DoS-TCP_Flood]: F=0.523392 TD=0.810213
pair[DDoS-ACK_Fragmentation↔DoS-UDP_Flood]: F=0.594128 TD=0.760112
pair[DDoS-ACK_Fragmentation↔MITM-ArpSpoofing]: F=0.494491 TD=0.807863
pair[DDoS-ACK_Fragmentation↔Recon-HostDiscovery]: F=0.447888 TD=0.835106
pair[DDoS-ACK_Fragmentation↔Recon-OSScan]: F=0.465862 TD=0.824663
pair[DDoS-ACK_Fragmentation↔Recon-PingSweep]: F=0.457577 TD=0.829081
pair[DDoS-ACK_Fragmentation↔Recon-PortScan]: F=0.474105 TD=0.819128
pair[DDoS-ACK_Fragmentation↔SqlInjection]: F=0.444635 TD=0.838512
pair[DDoS-ACK_Fragmentation↔Uploading_Attack]: F=0.449736 TD=0.839908
pair[DDoS-ACK_Fragmentation↔VulnerabilityScan]: F=0.505072 TD=0.805115
pair[DDoS-ACK_Fragmentation↔XSS]: F=0.456120 TD=0.831201
pair[DDoS-HTTP_Flood↔DDoS-ICMP_Flood]: F=0.769351 TD=0.611472
pair[DDoS-HTTP_Flood↔DDoS-ICMP_Fragmentation]: F=0.566887 TD=0.776584
pair[DDoS-HTTP_Flood↔DDoS-PSHACK_Flood]: F=0.813810 TD=0.545017
pair[DDoS-HTTP_Flood↔DDoS-RSTFINFlood]: F=0.788923 TD=0.578164
pair[DDoS-HTTP_Flood↔DDoS-SYN_Flood]: F=0.837033 TD=0.513251
pair[DDoS-HTTP_Flood↔DDoS-SlowLoris]: F=0.919680 TD=0.356673
pair[DDoS-HTTP_Flood↔DDoS-SynonymousIP_Flood]: F=0.844778 TD=0.501288
pair[DDoS-HTTP_Flood↔DDoS-TCP_Flood]: F=0.799436 TD=0.574833
pair[DDoS-HTTP_Flood↔DDoS-UDP_Flood]: F=0.681546 TD=0.700041
pair[DDoS-HTTP_Flood↔DDoS-UDP_Fragmentation]: F=0.511591 TD=0.813723
pair[DDoS-HTTP_Flood↔DNS_Spoofing]: F=0.556954 TD=0.766009
pair[DDoS-HTTP_Flood↔DictionaryBruteForce]: F=0.558760 TD=0.765653
pair[DDoS-HTTP_Flood↔DoS-HTTP_Flood]: F=0.935428 TD=0.314402
pair[DDoS-HTTP_Flood↔DoS-SYN_Flood]: F=0.865475 TD=0.470382
pair[DDoS-HTTP_Flood↔DoS-TCP_Flood]: F=0.803654 TD=0.567682
pair[DDoS-HTTP_Flood↔DoS-UDP_Flood]: F=0.740566 TD=0.637256
pair[DDoS-HTTP_Flood↔MITM-ArpSpoofing]: F=0.547733 TD=0.772280
pair[DDoS-HTTP_Flood↔Recon-HostDiscovery]: F=0.564983 TD=0.762859
pair[DDoS-HTTP_Flood↔Recon-OSScan]: F=0.576038 TD=0.753950
pair[DDoS-HTTP_Flood↔Recon-PingSweep]: F=0.570691 TD=0.761453
pair[DDoS-HTTP_Flood↔Recon-PortScan]: F=0.582831 TD=0.748711
pair[DDoS-HTTP_Flood↔SqlInjection]: F=0.531409 TD=0.789957
pair[DDoS-HTTP_Flood↔Uploading_Attack]: F=0.506461 TD=0.805973
pair[DDoS-HTTP_Flood↔VulnerabilityScan]: F=0.740474 TD=0.619870
pair[DDoS-HTTP_Flood↔XSS]: F=0.538109 TD=0.783348
pair[DDoS-ICMP_Flood↔DDoS-ICMP_Fragmentation]: F=0.496350 TD=0.828473
pair[DDoS-ICMP_Flood↔DDoS-PSHACK_Flood]: F=0.635211 TD=0.739016
pair[DDoS-ICMP_Flood↔DDoS-RSTFINFlood]: F=0.613442 TD=0.755007
pair[DDoS-ICMP_Flood↔DDoS-SYN_Flood]: F=0.724001 TD=0.657288
pair[DDoS-ICMP_Flood↔DDoS-SlowLoris]: F=0.629419 TD=0.739406
pair[DDoS-ICMP_Flood↔DDoS-SynonymousIP_Flood]: F=0.709293 TD=0.675180
pair[DDoS-ICMP_Flood↔DDoS-TCP_Flood]: F=0.889190 TD=0.422879
pair[DDoS-ICMP_Flood↔DDoS-UDP_Flood]: F=0.829195 TD=0.538079
pair[DDoS-ICMP_Flood↔DDoS-UDP_Fragmentation]: F=0.385356 TD=0.877349
pair[DDoS-ICMP_Flood↔DNS_Spoofing]: F=0.450946 TD=0.836402
pair[DDoS-ICMP_Flood↔DictionaryBruteForce]: F=0.430050 TD=0.846373
pair[DDoS-ICMP_Flood↔DoS-HTTP_Flood]: F=0.675453 TD=0.703794
pair[DDoS-ICMP_Flood↔DoS-SYN_Flood]: F=0.720544 TD=0.661048
pair[DDoS-ICMP_Flood↔DoS-TCP_Flood]: F=0.863440 TD=0.463101
pair[DDoS-ICMP_Flood↔DoS-UDP_Flood]: F=0.858595 TD=0.489075
pair[DDoS-ICMP_Flood↔MITM-ArpSpoofing]: F=0.416937 TD=0.851391
pair[DDoS-ICMP_Flood↔Recon-HostDiscovery]: F=0.455412 TD=0.836423
pair[DDoS-ICMP_Flood↔Recon-OSScan]: F=0.442087 TD=0.841484
pair[DDoS-ICMP_Flood↔Recon-PingSweep]: F=0.477409 TD=0.826967
pair[DDoS-ICMP_Flood↔Recon-PortScan]: F=0.454133 TD=0.835271
pair[DDoS-ICMP_Flood↔SqlInjection]: F=0.426227 TD=0.851234
pair[DDoS-ICMP_Flood↔Uploading_Attack]: F=0.416029 TD=0.860205
pair[DDoS-ICMP_Flood↔VulnerabilityScan]: F=0.531756 TD=0.805396
pair[DDoS-ICMP_Flood↔XSS]: F=0.429531 TD=0.848950
pair[DDoS-ICMP_Fragmentation↔DDoS-PSHACK_Flood]: F=0.354565 TD=0.879838
pair[DDoS-ICMP_Fragmentation↔DDoS-RSTFINFlood]: F=0.342192 TD=0.883313
pair[DDoS-ICMP_Fragmentation↔DDoS-SYN_Flood]: F=0.390182 TD=0.869206
pair[DDoS-ICMP_Fragmentation↔DDoS-SlowLoris]: F=0.508257 TD=0.813303
pair[DDoS-ICMP_Fragmentation↔DDoS-SynonymousIP_Flood]: F=0.400105 TD=0.866269
pair[DDoS-ICMP_Fragmentation↔DDoS-TCP_Flood]: F=0.534373 TD=0.805331
pair[DDoS-ICMP_Fragmentation↔DDoS-UDP_Flood]: F=0.513550 TD=0.821122
pair[DDoS-ICMP_Fragmentation↔DDoS-UDP_Fragmentation]: F=0.840726 TD=0.513909
pair[DDoS-ICMP_Fragmentation↔DNS_Spoofing]: F=0.497666 TD=0.808064
pair[DDoS-ICMP_Fragmentation↔DictionaryBruteForce]: F=0.453838 TD=0.831936
pair[DDoS-ICMP_Fragmentation↔DoS-HTTP_Flood]: F=0.674101 TD=0.694347
pair[DDoS-ICMP_Fragmentation↔DoS-SYN_Flood]: F=0.421455 TD=0.854695
pair[DDoS-ICMP_Fragmentation↔DoS-TCP_Flood]: F=0.530631 TD=0.806100
pair[DDoS-ICMP_Fragmentation↔DoS-UDP_Flood]: F=0.633572 TD=0.730946
pair[DDoS-ICMP_Fragmentation↔MITM-ArpSpoofing]: F=0.493809 TD=0.809235
pair[DDoS-ICMP_Fragmentation↔Recon-HostDiscovery]: F=0.423086 TD=0.846291
pair[DDoS-ICMP_Fragmentation↔Recon-OSScan]: F=0.446633 TD=0.835365
pair[DDoS-ICMP_Fragmentation↔Recon-PingSweep]: F=0.448098 TD=0.836840
pair[DDoS-ICMP_Fragmentation↔Recon-PortScan]: F=0.447152 TD=0.833275
pair[DDoS-ICMP_Fragmentation↔SqlInjection]: F=0.420862 TD=0.849091
pair[DDoS-ICMP_Fragmentation↔Uploading_Attack]: F=0.421672 TD=0.853923
pair[DDoS-ICMP_Fragmentation↔VulnerabilityScan]: F=0.459252 TD=0.831592
pair[DDoS-ICMP_Fragmentation↔XSS]: F=0.442670 TD=0.838925
pair[DDoS-PSHACK_Flood↔DDoS-RSTFINFlood]: F=0.996325 TD=0.080941
pair[DDoS-PSHACK_Flood↔DDoS-SYN_Flood]: F=0.984414 TD=0.170175
pair[DDoS-PSHACK_Flood↔DDoS-SlowLoris]: F=0.740849 TD=0.626739
pair[DDoS-PSHACK_Flood↔DDoS-SynonymousIP_Flood]: F=0.970931 TD=0.229207
pair[DDoS-PSHACK_Flood↔DDoS-TCP_Flood]: F=0.757047 TD=0.630253
pair[DDoS-PSHACK_Flood↔DDoS-UDP_Flood]: F=0.543918 TD=0.803634
pair[DDoS-PSHACK_Flood↔DDoS-UDP_Fragmentation]: F=0.356933 TD=0.883895
pair[DDoS-PSHACK_Flood↔DNS_Spoofing]: F=0.422503 TD=0.846495
pair[DDoS-PSHACK_Flood↔DictionaryBruteForce]: F=0.463406 TD=0.830855
pair[DDoS-PSHACK_Flood↔DoS-HTTP_Flood]: F=0.802923 TD=0.542257
pair[DDoS-PSHACK_Flood↔DoS-SYN_Flood]: F=0.961068 TD=0.251737
pair[DDoS-PSHACK_Flood↔DoS-TCP_Flood]: F=0.726627 TD=0.660287
pair[DDoS-PSHACK_Flood↔DoS-UDP_Flood]: F=0.564768 TD=0.787035
pair[DDoS-PSHACK_Flood↔MITM-ArpSpoofing]: F=0.422997 TD=0.847239
pair[DDoS-PSHACK_Flood↔Recon-HostDiscovery]: F=0.530840 TD=0.794593
pair[DDoS-PSHACK_Flood↔Recon-OSScan]: F=0.511258 TD=0.805418
pair[DDoS-PSHACK_Flood↔Recon-PingSweep]: F=0.472849 TD=0.828699
pair[DDoS-PSHACK_Flood↔Recon-PortScan]: F=0.528920 TD=0.794780
pair[DDoS-PSHACK_Flood↔SqlInjection]: F=0.427396 TD=0.849546
pair[DDoS-PSHACK_Flood↔Uploading_Attack]: F=0.404463 TD=0.864639
pair[DDoS-PSHACK_Flood↔VulnerabilityScan]: F=0.601715 TD=0.755365
pair[DDoS-PSHACK_Flood↔XSS]: F=0.417565 TD=0.853627
pair[DDoS-RSTFINFlood↔DDoS-SYN_Flood]: F=0.976478 TD=0.208940
pair[DDoS-RSTFINFlood↔DDoS-SlowLoris]: F=0.712632 TD=0.656474
pair[DDoS-RSTFINFlood↔DDoS-SynonymousIP_Flood]: F=0.957052 TD=0.278136
pair[DDoS-RSTFINFlood↔DDoS-TCP_Flood]: F=0.731473 TD=0.657041
pair[DDoS-RSTFINFlood↔DDoS-UDP_Flood]: F=0.522799 TD=0.816277
pair[DDoS-RSTFINFlood↔DDoS-UDP_Fragmentation]: F=0.349656 TD=0.885950
pair[DDoS-RSTFINFlood↔DNS_Spoofing]: F=0.412206 TD=0.851158
pair[DDoS-RSTFINFlood↔DictionaryBruteForce]: F=0.452691 TD=0.836502
pair[DDoS-RSTFINFlood↔DoS-HTTP_Flood]: F=0.780424 TD=0.574664
pair[DDoS-RSTFINFlood↔DoS-SYN_Flood]: F=0.945122 TD=0.300346
pair[DDoS-RSTFINFlood↔DoS-TCP_Flood]: F=0.698037 TD=0.687062
pair[DDoS-RSTFINFlood↔DoS-UDP_Flood]: F=0.541767 TD=0.801077
pair[DDoS-RSTFINFlood↔MITM-ArpSpoofing]: F=0.413314 TD=0.851784
pair[DDoS-RSTFINFlood↔Recon-HostDiscovery]: F=0.522348 TD=0.799580
pair[DDoS-RSTFINFlood↔Recon-OSScan]: F=0.502445 TD=0.810703
pair[DDoS-RSTFINFlood↔Recon-PingSweep]: F=0.463266 TD=0.833896
pair[DDoS-RSTFINFlood↔Recon-PortScan]: F=0.521269 TD=0.799576
pair[DDoS-RSTFINFlood↔SqlInjection]: F=0.417688 TD=0.854373
pair[DDoS-RSTFINFlood↔Uploading_Attack]: F=0.393232 TD=0.869325
pair[DDoS-RSTFINFlood↔VulnerabilityScan]: F=0.572723 TD=0.775391
pair[DDoS-RSTFINFlood↔XSS]: F=0.406655 TD=0.858376
pair[DDoS-SYN_Flood↔DDoS-SlowLoris]: F=0.740830 TD=0.629579
pair[DDoS-SYN_Flood↔DDoS-SynonymousIP_Flood]: F=0.985752 TD=0.155090
pair[DDoS-SYN_Flood↔DDoS-TCP_Flood]: F=0.845515 TD=0.516452
pair[DDoS-SYN_Flood↔DDoS-UDP_Flood]: F=0.612337 TD=0.758352
pair[DDoS-SYN_Flood↔DDoS-UDP_Fragmentation]: F=0.380905 TD=0.875744
pair[DDoS-SYN_Flood↔DNS_Spoofing]: F=0.433009 TD=0.843439
pair[DDoS-SYN_Flood↔DictionaryBruteForce]: F=0.466861 TD=0.829278
pair[DDoS-SYN_Flood↔DoS-HTTP_Flood]: F=0.821835 TD=0.518800
pair[DDoS-SYN_Flood↔DoS-SYN_Flood]: F=0.976809 TD=0.177828
pair[DDoS-SYN_Flood↔DoS-TCP_Flood]: F=0.811393 TD=0.561919
pair[DDoS-SYN_Flood↔DoS-UDP_Flood]: F=0.636079 TD=0.736054
pair[DDoS-SYN_Flood↔MITM-ArpSpoofing]: F=0.426154 TD=0.847786
pair[DDoS-SYN_Flood↔Recon-HostDiscovery]: F=0.533707 TD=0.791682
pair[DDoS-SYN_Flood↔Recon-OSScan]: F=0.512732 TD=0.804211
pair[DDoS-SYN_Flood↔Recon-PingSweep]: F=0.483535 TD=0.823045
pair[DDoS-SYN_Flood↔Recon-PortScan]: F=0.530871 TD=0.792821
pair[DDoS-SYN_Flood↔SqlInjection]: F=0.435203 TD=0.846792
pair[DDoS-SYN_Flood↔Uploading_Attack]: F=0.414301 TD=0.860829
pair[DDoS-SYN_Flood↔VulnerabilityScan]: F=0.612869 TD=0.746147
pair[DDoS-SYN_Flood↔XSS]: F=0.424929 TD=0.851316
pair[DDoS-SlowLoris↔DDoS-SynonymousIP_Flood]: F=0.747426 TD=0.624886
pair[DDoS-SlowLoris↔DDoS-TCP_Flood]: F=0.664332 TD=0.712639
pair[DDoS-SlowLoris↔DDoS-UDP_Flood]: F=0.606010 TD=0.757351
pair[DDoS-SlowLoris↔DDoS-UDP_Fragmentation]: F=0.514869 TD=0.813618
pair[DDoS-SlowLoris↔DNS_Spoofing]: F=0.586743 TD=0.744831
pair[DDoS-SlowLoris↔DictionaryBruteForce]: F=0.595285 TD=0.737548
pair[DDoS-SlowLoris↔DoS-HTTP_Flood]: F=0.884920 TD=0.436512
pair[DDoS-SlowLoris↔DoS-SYN_Flood]: F=0.775919 TD=0.593807
pair[DDoS-SlowLoris↔DoS-TCP_Flood]: F=0.674735 TD=0.704536
pair[DDoS-SlowLoris↔DoS-UDP_Flood]: F=0.639282 TD=0.730985
pair[DDoS-SlowLoris↔MITM-ArpSpoofing]: F=0.592781 TD=0.742046
pair[DDoS-SlowLoris↔Recon-HostDiscovery]: F=0.578534 TD=0.753737
pair[DDoS-SlowLoris↔Recon-OSScan]: F=0.606855 TD=0.729937
pair[DDoS-SlowLoris↔Recon-PingSweep]: F=0.577521 TD=0.755307
pair[DDoS-SlowLoris↔Recon-PortScan]: F=0.604499 TD=0.732482
pair[DDoS-SlowLoris↔SqlInjection]: F=0.561305 TD=0.767541
pair[DDoS-SlowLoris↔Uploading_Attack]: F=0.526464 TD=0.792928
pair[DDoS-SlowLoris↔VulnerabilityScan]: F=0.825077 TD=0.517908
pair[DDoS-SlowLoris↔XSS]: F=0.570509 TD=0.761620
pair[DDoS-SynonymousIP_Flood↔DDoS-TCP_Flood]: F=0.842842 TD=0.520581
pair[DDoS-SynonymousIP_Flood↔DDoS-UDP_Flood]: F=0.562163 TD=0.793595
pair[DDoS-SynonymousIP_Flood↔DDoS-UDP_Fragmentation]: F=0.385794 TD=0.874964
pair[DDoS-SynonymousIP_Flood↔DNS_Spoofing]: F=0.434049 TD=0.842824
pair[DDoS-SynonymousIP_Flood↔DictionaryBruteForce]: F=0.470226 TD=0.827412
pair[DDoS-SynonymousIP_Flood↔DoS-HTTP_Flood]: F=0.839274 TD=0.481753
pair[DDoS-SynonymousIP_Flood↔DoS-SYN_Flood]: F=0.995361 TD=0.069407
pair[DDoS-SynonymousIP_Flood↔DoS-TCP_Flood]: F=0.834591 TD=0.531683
pair[DDoS-SynonymousIP_Flood↔DoS-UDP_Flood]: F=0.603269 TD=0.761238
pair[DDoS-SynonymousIP_Flood↔MITM-ArpSpoofing]: F=0.423201 TD=0.849275
pair[DDoS-SynonymousIP_Flood↔Recon-HostDiscovery]: F=0.534913 TD=0.791176
pair[DDoS-SynonymousIP_Flood↔Recon-OSScan]: F=0.511966 TD=0.804462
pair[DDoS-SynonymousIP_Flood↔Recon-PingSweep]: F=0.482197 TD=0.823371
pair[DDoS-SynonymousIP_Flood↔Recon-PortScan]: F=0.528147 TD=0.794451
pair[DDoS-SynonymousIP_Flood↔SqlInjection]: F=0.440176 TD=0.843921
pair[DDoS-SynonymousIP_Flood↔Uploading_Attack]: F=0.423520 TD=0.856795
pair[DDoS-SynonymousIP_Flood↔VulnerabilityScan]: F=0.648311 TD=0.719189
pair[DDoS-SynonymousIP_Flood↔XSS]: F=0.430240 TD=0.849227
pair[DDoS-TCP_Flood↔DDoS-UDP_Flood]: F=0.767127 TD=0.613687
pair[DDoS-TCP_Flood↔DDoS-UDP_Fragmentation]: F=0.476241 TD=0.837400
pair[DDoS-TCP_Flood↔DNS_Spoofing]: F=0.469666 TD=0.827225
pair[DDoS-TCP_Flood↔DictionaryBruteForce]: F=0.463792 TD=0.830740
pair[DDoS-TCP_Flood↔DoS-HTTP_Flood]: F=0.775298 TD=0.600079
pair[DDoS-TCP_Flood↔DoS-SYN_Flood]: F=0.847005 TD=0.512674
pair[DDoS-TCP_Flood↔DoS-TCP_Flood]: F=0.974830 TD=0.189624
pair[DDoS-TCP_Flood↔DoS-UDP_Flood]: F=0.811364 TD=0.545399
pair[DDoS-TCP_Flood↔MITM-ArpSpoofing]: F=0.439863 TD=0.842468
pair[DDoS-TCP_Flood↔Recon-HostDiscovery]: F=0.508397 TD=0.808863
pair[DDoS-TCP_Flood↔Recon-OSScan]: F=0.486544 TD=0.819622
pair[DDoS-TCP_Flood↔Recon-PingSweep]: F=0.498562 TD=0.814510
pair[DDoS-TCP_Flood↔Recon-PortScan]: F=0.504392 TD=0.809190
pair[DDoS-TCP_Flood↔SqlInjection]: F=0.450184 TD=0.839927
pair[DDoS-TCP_Flood↔Uploading_Attack]: F=0.450194 TD=0.843376
pair[DDoS-TCP_Flood↔VulnerabilityScan]: F=0.609749 TD=0.749916
pair[DDoS-TCP_Flood↔XSS]: F=0.450011 TD=0.839884
pair[DDoS-UDP_Flood↔DDoS-UDP_Fragmentation]: F=0.472143 TD=0.843242
pair[DDoS-UDP_Flood↔DNS_Spoofing]: F=0.437492 TD=0.845170
pair[DDoS-UDP_Flood↔DictionaryBruteForce]: F=0.414189 TD=0.854726
pair[DDoS-UDP_Flood↔DoS-HTTP_Flood]: F=0.627591 TD=0.741614
pair[DDoS-UDP_Flood↔DoS-SYN_Flood]: F=0.577509 TD=0.780401
pair[DDoS-UDP_Flood↔DoS-TCP_Flood]: F=0.700357 TD=0.679236
pair[DDoS-UDP_Flood↔DoS-UDP_Flood]: F=0.952954 TD=0.195667
pair[DDoS-UDP_Flood↔MITM-ArpSpoofing]: F=0.419339 TD=0.853331
pair[DDoS-UDP_Flood↔Recon-HostDiscovery]: F=0.416328 TD=0.855214
pair[DDoS-UDP_Flood↔Recon-OSScan]: F=0.419807 TD=0.852703
pair[DDoS-UDP_Flood↔Recon-PingSweep]: F=0.444898 TD=0.844572
pair[DDoS-UDP_Flood↔Recon-PortScan]: F=0.429406 TD=0.847367
pair[DDoS-UDP_Flood↔SqlInjection]: F=0.399604 TD=0.863613
pair[DDoS-UDP_Flood↔Uploading_Attack]: F=0.383288 TD=0.874924
pair[DDoS-UDP_Flood↔VulnerabilityScan]: F=0.480272 TD=0.831167
pair[DDoS-UDP_Flood↔XSS]: F=0.402787 TD=0.861976
pair[DDoS-UDP_Fragmentation↔DNS_Spoofing]: F=0.478653 TD=0.820977
pair[DDoS-UDP_Fragmentation↔DictionaryBruteForce]: F=0.439254 TD=0.841034
pair[DDoS-UDP_Fragmentation↔DoS-HTTP_Flood]: F=0.626946 TD=0.734906
pair[DDoS-UDP_Fragmentation↔DoS-SYN_Flood]: F=0.406322 TD=0.864764
pair[DDoS-UDP_Fragmentation↔DoS-TCP_Flood]: F=0.467231 TD=0.842236
pair[DDoS-UDP_Fragmentation↔DoS-UDP_Flood]: F=0.548038 TD=0.795420
pair[DDoS-UDP_Fragmentation↔MITM-ArpSpoofing]: F=0.470365 TD=0.824674
pair[DDoS-UDP_Fragmentation↔Recon-HostDiscovery]: F=0.412570 TD=0.854721
pair[DDoS-UDP_Fragmentation↔Recon-OSScan]: F=0.429658 TD=0.846456
pair[DDoS-UDP_Fragmentation↔Recon-PingSweep]: F=0.419344 TD=0.852363
pair[DDoS-UDP_Fragmentation↔Recon-PortScan]: F=0.436255 TD=0.841862
pair[DDoS-UDP_Fragmentation↔SqlInjection]: F=0.424579 TD=0.851496
pair[DDoS-UDP_Fragmentation↔Uploading_Attack]: F=0.424574 TD=0.854089
pair[DDoS-UDP_Fragmentation↔VulnerabilityScan]: F=0.493614 TD=0.820147
pair[DDoS-UDP_Fragmentation↔XSS]: F=0.428625 TD=0.847203
pair[DNS_Spoofing↔DictionaryBruteForce]: F=0.944590 TD=0.276743
pair[DNS_Spoofing↔DoS-HTTP_Flood]: F=0.576207 TD=0.757069
pair[DNS_Spoofing↔DoS-SYN_Flood]: F=0.459853 TD=0.827866
pair[DNS_Spoofing↔DoS-TCP_Flood]: F=0.494569 TD=0.812578
pair[DNS_Spoofing↔DoS-UDP_Flood]: F=0.494228 TD=0.811531
pair[DNS_Spoofing↔MITM-ArpSpoofing]: F=0.960903 TD=0.242455
pair[DNS_Spoofing↔Recon-HostDiscovery]: F=0.884859 TD=0.385841
pair[DNS_Spoofing↔Recon-OSScan]: F=0.932043 TD=0.285580
pair[DNS_Spoofing↔Recon-PingSweep]: F=0.937498 TD=0.292629
pair[DNS_Spoofing↔Recon-PortScan]: F=0.920491 TD=0.318553
pair[DNS_Spoofing↔SqlInjection]: F=0.913477 TD=0.345600
pair[DNS_Spoofing↔Uploading_Attack]: F=0.891827 TD=0.388624
pair[DNS_Spoofing↔VulnerabilityScan]: F=0.587967 TD=0.737033
pair[DNS_Spoofing↔XSS]: F=0.955078 TD=0.255476
pair[DictionaryBruteForce↔DoS-HTTP_Flood]: F=0.584282 TD=0.755153
pair[DictionaryBruteForce↔DoS-SYN_Flood]: F=0.494011 TD=0.812178
pair[DictionaryBruteForce↔DoS-TCP_Flood]: F=0.487854 TD=0.815130
pair[DictionaryBruteForce↔DoS-UDP_Flood]: F=0.462518 TD=0.828360
pair[DictionaryBruteForce↔MITM-ArpSpoofing]: F=0.893337 TD=0.399142
pair[DictionaryBruteForce↔Recon-HostDiscovery]: F=0.947985 TD=0.268913
pair[DictionaryBruteForce↔Recon-OSScan]: F=0.972781 TD=0.190609
pair[DictionaryBruteForce↔Recon-PingSweep]: F=0.949952 TD=0.264947
pair[DictionaryBruteForce↔Recon-PortScan]: F=0.965743 TD=0.212510
pair[DictionaryBruteForce↔SqlInjection]: F=0.961208 TD=0.227385
pair[DictionaryBruteForce↔Uploading_Attack]: F=0.918380 TD=0.341848
pair[DictionaryBruteForce↔VulnerabilityScan]: F=0.602559 TD=0.730163
pair[DictionaryBruteForce↔XSS]: F=0.957299 TD=0.252352
pair[DoS-HTTP_Flood↔DoS-SYN_Flood]: F=0.858575 TD=0.449579
pair[DoS-HTTP_Flood↔DoS-TCP_Flood]: F=0.779995 TD=0.593622
pair[DoS-HTTP_Flood↔DoS-UDP_Flood]: F=0.700811 TD=0.672248
pair[DoS-HTTP_Flood↔MITM-ArpSpoofing]: F=0.574805 TD=0.757165
pair[DoS-HTTP_Flood↔Recon-HostDiscovery]: F=0.585933 TD=0.754712
pair[DoS-HTTP_Flood↔Recon-OSScan]: F=0.600996 TD=0.742519
pair[DoS-HTTP_Flood↔Recon-PingSweep]: F=0.578313 TD=0.762664
pair[DoS-HTTP_Flood↔Recon-PortScan]: F=0.608172 TD=0.736436
pair[DoS-HTTP_Flood↔SqlInjection]: F=0.540473 TD=0.788297
pair[DoS-HTTP_Flood↔Uploading_Attack]: F=0.518530 TD=0.803689
pair[DoS-HTTP_Flood↔VulnerabilityScan]: F=0.767975 TD=0.588602
pair[DoS-HTTP_Flood↔XSS]: F=0.547234 TD=0.783097
pair[DoS-SYN_Flood↔DoS-TCP_Flood]: F=0.850913 TD=0.505662
pair[DoS-SYN_Flood↔DoS-UDP_Flood]: F=0.625597 TD=0.741954
pair[DoS-SYN_Flood↔MITM-ArpSpoofing]: F=0.445585 TD=0.836661
pair[DoS-SYN_Flood↔Recon-HostDiscovery]: F=0.554549 TD=0.775992
pair[DoS-SYN_Flood↔Recon-OSScan]: F=0.532009 TD=0.790223
pair[DoS-SYN_Flood↔Recon-PingSweep]: F=0.504998 TD=0.808026
pair[DoS-SYN_Flood↔Recon-PortScan]: F=0.547957 TD=0.779405
pair[DoS-SYN_Flood↔SqlInjection]: F=0.465433 TD=0.829511
pair[DoS-SYN_Flood↔Uploading_Attack]: F=0.449036 TD=0.842134
pair[DoS-SYN_Flood↔VulnerabilityScan]: F=0.681139 TD=0.690827
pair[DoS-SYN_Flood↔XSS]: F=0.456813 TD=0.834016
pair[DoS-TCP_Flood↔DoS-UDP_Flood]: F=0.766698 TD=0.601498
pair[DoS-TCP_Flood↔MITM-ArpSpoofing]: F=0.457572 TD=0.832690
pair[DoS-TCP_Flood↔Recon-HostDiscovery]: F=0.530491 TD=0.792676
pair[DoS-TCP_Flood↔Recon-OSScan]: F=0.503258 TD=0.807479
pair[DoS-TCP_Flood↔Recon-PingSweep]: F=0.519813 TD=0.799648
pair[DoS-TCP_Flood↔Recon-PortScan]: F=0.520840 TD=0.797039
pair[DoS-TCP_Flood↔SqlInjection]: F=0.480800 TD=0.821631
pair[DoS-TCP_Flood↔Uploading_Attack]: F=0.485880 TD=0.822900
pair[DoS-TCP_Flood↔VulnerabilityScan]: F=0.656865 TD=0.712948
pair[DoS-TCP_Flood↔XSS]: F=0.484541 TD=0.820729
pair[DoS-UDP_Flood↔MITM-ArpSpoofing]: F=0.471235 TD=0.823898
pair[DoS-UDP_Flood↔Recon-HostDiscovery]: F=0.460368 TD=0.830773
pair[DoS-UDP_Flood↔Recon-OSScan]: F=0.465013 TD=0.827204
pair[DoS-UDP_Flood↔Recon-PingSweep]: F=0.494852 TD=0.814276
pair[DoS-UDP_Flood↔Recon-PortScan]: F=0.474612 TD=0.821034
pair[DoS-UDP_Flood↔SqlInjection]: F=0.445150 TD=0.840635
pair[DoS-UDP_Flood↔Uploading_Attack]: F=0.439383 TD=0.844763
pair[DoS-UDP_Flood↔VulnerabilityScan]: F=0.524768 TD=0.802778
pair[DoS-UDP_Flood↔XSS]: F=0.455530 TD=0.833841
pair[MITM-ArpSpoofing↔Recon-HostDiscovery]: F=0.812707 TD=0.519337
pair[MITM-ArpSpoofing↔Recon-OSScan]: F=0.902946 TD=0.371575
pair[MITM-ArpSpoofing↔Recon-PingSweep]: F=0.875374 TD=0.426051
pair[MITM-ArpSpoofing↔Recon-PortScan]: F=0.880839 TD=0.412920
pair[MITM-ArpSpoofing↔SqlInjection]: F=0.822910 TD=0.497024
pair[MITM-ArpSpoofing↔Uploading_Attack]: F=0.796226 TD=0.543725
pair[MITM-ArpSpoofing↔VulnerabilityScan]: F=0.561637 TD=0.756886
pair[MITM-ArpSpoofing↔XSS]: F=0.881965 TD=0.414750
pair[Recon-HostDiscovery↔Recon-OSScan]: F=0.965605 TD=0.221702
pair[Recon-HostDiscovery↔Recon-PingSweep]: F=0.932012 TD=0.320328
pair[Recon-HostDiscovery↔Recon-PortScan]: F=0.977215 TD=0.176895
pair[Recon-HostDiscovery↔SqlInjection]: F=0.938417 TD=0.285964
pair[Recon-HostDiscovery↔Uploading_Attack]: F=0.916472 TD=0.335329
pair[Recon-HostDiscovery↔VulnerabilityScan]: F=0.588981 TD=0.745368
pair[Recon-HostDiscovery↔XSS]: F=0.922220 TD=0.308177
pair[Recon-OSScan↔Recon-PingSweep]: F=0.945940 TD=0.264505
pair[Recon-OSScan↔Recon-PortScan]: F=0.989083 TD=0.124859
pair[Recon-OSScan↔SqlInjection]: F=0.929531 TD=0.320609
pair[Recon-OSScan↔Uploading_Attack]: F=0.889448 TD=0.398860
pair[Recon-OSScan↔VulnerabilityScan]: F=0.592934 TD=0.738138
pair[Recon-OSScan↔XSS]: F=0.928922 TD=0.310696
pair[Recon-PingSweep↔Recon-PortScan]: F=0.943508 TD=0.281129
pair[Recon-PingSweep↔SqlInjection]: F=0.928796 TD=0.326253
pair[Recon-PingSweep↔Uploading_Attack]: F=0.891556 TD=0.396756
pair[Recon-PingSweep↔VulnerabilityScan]: F=0.571335 TD=0.756402
pair[Recon-PingSweep↔XSS]: F=0.932743 TD=0.308919
pair[Recon-PortScan↔SqlInjection]: F=0.929099 TD=0.313149
pair[Recon-PortScan↔Uploading_Attack]: F=0.898101 TD=0.381512
pair[Recon-PortScan↔VulnerabilityScan]: F=0.594673 TD=0.738119
pair[Recon-PortScan↔XSS]: F=0.926537 TD=0.308054
pair[SqlInjection↔Uploading_Attack]: F=0.947253 TD=0.261099
pair[SqlInjection↔VulnerabilityScan]: F=0.599473 TD=0.734193
pair[SqlInjection↔XSS]: F=0.964304 TD=0.224577
pair[Uploading_Attack↔VulnerabilityScan]: F=0.572419 TD=0.759703
pair[Uploading_Attack↔XSS]: F=0.940916 TD=0.266718
pair[VulnerabilityScan↔XSS]: F=0.593380 TD=0.739061
