{
  "history": {
    "sensitivity": [
      {
        "lambda1": 0.0,
        "lambda2": 0.0,
        "epochs": 5,
        "train_sec": 697.1283915489912,
        "val_macro_f1_last": 0.7517437790356419,
        "val_macro_f1_best": 0.7517437790356419,
        "val_loss_last": 0.5940514834303605,
        "val_loss_best": 0.5940514834303605,
        "l_intra_last": 0.1852024997907071,
        "l_inter_last": -0.6643331784917055,
        "grad_var_last": 0.002065694435885801,
        "grad_var_min": 0.00047797127748828403,
        "barren_plateau_any": false,
        "barren_plateau_ok": true
      },
      {
        "lambda1": 0.0,
        "lambda2": 0.33,
        "epochs": 5,
        "train_sec": 700.4744260560255,
        "val_macro_f1_last": 0.7484720750251739,
        "val_macro_f1_best": 0.7484720750251739,
        "val_loss_last": 0.4043961544418771,
        "val_loss_best": 0.4043961544418771,
        "l_intra_last": 0.1996398736250801,
        "l_inter_last": -0.6754438108975549,
        "grad_var_last": 0.0017929914346261754,
        "grad_var_min": 0.00047797127748828403,
        "barren_plateau_any": false,
        "barren_plateau_ok": true
      },
      {
        "lambda1": 0.0,
        "lambda2": 0.66,
        "epochs": 5,
        "train_sec": 706.6700939830043,
        "val_macro_f1_last": 0.740810300235553,
        "val_macro_f1_best": 0.740810300235553,
        "val_loss_last": 0.17392471052891048,
        "val_loss_best": 0.17392471052891048,
        "l_intra_last": 0.20381216444249403,
        "l_inter_last": -0.6803944872827301,
        "grad_var_last": 0.0020461480571884205,
        "grad_var_min": 0.00047797127748828403,
        "barren_plateau_any": false,
        "barren_plateau_ok": true
      },
      {
        "lambda1": 0.0,
        "lambda2": 1.0,
        "epochs": 5,
        "train_sec": 706.524684870994,
        "val_macro_f1_last": 0.7000161463230086,
        "val_macro_f1_best": 0.7000161463230086,
        "val_loss_last": -0.036436817789064345,
        "val_loss_best": -0.036436817789064345,
        "l_intra_last": 0.19600379079303104,
        "l_inter_last": -0.6854267996538751,
        "grad_var_last": 0.003422927002291457,
        "grad_var_min": 0.00047797127748828403,
        "barren_plateau_any": false,
        "barren_plateau_ok": true
      },
      {
        "lambda1": 0.33,
        "lambda2": 0.0,
        "epochs": 5,
        "train_sec": 704.0078685730114,
        "val_macro_f1_last": 0.7429448404952684,
        "val_macro_f1_best": 0.7429448404952684,
        "val_loss_last": 0.6606768835354844,
        "val_loss_best": 0.6606768835354844,
        "l_intra_last": 0.18451664319608788,
        "l_inter_last": -0.6608508663007271,
        "grad_var_last": 0.0020299176058124102,
        "grad_var_min": 0.00047797127748828403,
        "barren_plateau_any": false,
        "barren_plateau_ok": true
      },
      {
        "lambda1": 0.33,
        "lambda2": 0.33,
        "epochs": 5,
        "train_sec": 703.4769562300062,
        "val_macro_f1_last": 0.7436828609753664,
        "val_macro_f1_best": 0.7436828609753664,
        "val_loss_last": 0.43458636585458355,
        "val_loss_best": 0.43458636585458355,
        "l_intra_last": 0.18548357024429918,
        "l_inter_last": -0.6665111343039264,
        "grad_var_last": 0.0022499525533887297,
        "grad_var_min": 0.00047797127748828403,
        "barren_plateau_any": false,
        "barren_plateau_ok": true
      },
      {
        "lambda1": 0.33,
        "lambda2": 0.66,
        "epochs": 5,
        "train_sec": 709.4782658950135,
        "val_macro_f1_last": 0.7620258992996861,
        "val_macro_f1_best": 0.7620258992996861,
        "val_loss_last": 0.20304988791683282,
        "val_loss_best": 0.20304988791683282,
        "l_intra_last": 0.19402022051895904,
        "l_inter_last": -0.6745963648507409,
        "grad_var_last": 0.002136587618148194,
        "grad_var_min": 0.00047797127748828403,
        "barren_plateau_any": false,
        "barren_plateau_ok": true
      },
      {
        "lambda1": 0.33,
        "lambda2": 1.0,
        "epochs": 5,
        "train_sec": 710.8441101470089,
        "val_macro_f1_last": 0.7438631959115902,
        "val_macro_f1_best": 0.7438631959115902,
        "val_loss_last": -0.013616494161751655,
        "val_loss_best": -0.013616494161751655,
        "l_intra_last": 0.19792053129551415,
        "l_inter_last": -0.6775763226629985,
        "grad_var_last": 0.002080395479141428,
        "grad_var_min": 0.00047797127748828403,
        "barren_plateau_any": false,
        "barren_plateau_ok": true
      },
      {
        "lambda1": 0.66,
        "lambda2": 0.0,
        "epochs": 5,
        "train_sec": 707.192865880992,
        "val_macro_f1_last": 0.7510472135317755,
        "val_macro_f1_best": 0.7510472135317755,
        "val_loss_last": 0.7217201706450806,
        "val_loss_best": 0.7217201706450806,
        "l_intra_last": 0.18383691559485038,
        "l_inter_last": -0.6589952887123923,
        "grad_var_last": 0.0020545247111268742,
        "grad_var_min": 0.00047797127748828403,
        "barren_plateau_any": false,
        "barren_plateau_ok": true
      },
      {
        "lambda1": 0.66,
        "lambda2": 0.33,
        "epochs": 5,
        "train_sec": 703.0952458110114,
        "val_macro_f1_last": 0.7392274548649628,
        "val_macro_f1_best": 0.7392274548649628,
        "val_loss_last": 0.5009335514918598,
        "val_loss_best": 0.5009335514918598,
        "l_intra_last": 0.1848339040716123,
        "l_inter_last": -0.6636259823615024,
        "grad_var_last": 0.0021794389484242485,
        "grad_var_min": 0.00047797127748828403,
        "barren_plateau_any": false,
        "barren_plateau_ok": true
      },
      {
        "lambda1": 0.66,
        "lambda2": 0.66,
        "epochs": 5,
        "train_sec": 702.55298046401,
        "val_macro_f1_last": 0.7580329591048256,
        "val_macro_f1_best": 0.7580329591048256,
        "val_loss_last": 0.2631212040496171,
        "val_loss_best": 0.2631212040496171,
        "l_intra_last": 0.18667602373752404,
        "l_inter_last": -0.6688300546745435,
        "grad_var_last": 0.002275168113839188,
        "grad_var_min": 0.00047797127748828403,
        "barren_plateau_any": false,
        "barren_plateau_ok": true
      },
      {
        "lambda1": 0.66,
        "lambda2": 1.0,
        "epochs": 5,
        "train_sec": 704.5864474809787,
        "val_macro_f1_last": 0.7462722080081292,
        "val_macro_f1_best": 0.7462722080081292,
        "val_loss_last": 0.058850727595169794,
        "val_loss_best": 0.058850727595169794,
        "l_intra_last": 0.192761877092207,
        "l_inter_last": -0.6752622134581134,
        "grad_var_last": 0.0020068958135911483,
        "grad_var_min": 0.00047797127748828403,
        "barren_plateau_any": false,
        "barren_plateau_ok": true
      },
      {
        "lambda1": 1.0,
        "lambda2": 0.0,
        "epochs": 5,
        "train_sec": 704.431894882,
        "val_macro_f1_last": 0.7549320859872891,
        "val_macro_f1_best": 0.7549320859872891,
        "val_loss_last": 0.7825244169992672,
        "val_loss_best": 0.7825244169992672,
        "l_intra_last": 0.1833882309012868,
        "l_inter_last": -0.6578414990920617,
        "grad_var_last": 0.002104461012449266,
        "grad_var_min": 0.00047797127748828403,
        "barren_plateau_any": false,
        "barren_plateau_ok": true
      },
      {
        "lambda1": 1.0,
        "lambda2": 0.33,
        "epochs": 5,
        "train_sec": 708.3393538300006,
        "val_macro_f1_last": 0.7425306747459458,
        "val_macro_f1_best": 0.7425306747459458,
        "val_loss_last": 0.5669147640588819,
        "val_loss_best": 0.5669147640588819,
        "l_intra_last": 0.18384688042086322,
        "l_inter_last": -0.6611234735082255,
        "grad_var_last": 0.002172201106981458,
        "grad_var_min": 0.00047797127748828403,
        "barren_plateau_any": false,
        "barren_plateau_ok": true
      },
      {
        "lambda1": 1.0,
        "lambda2": 0.66,
        "epochs": 5,
        "train_sec": 705.3904520549986,
        "val_macro_f1_last": 0.7399970167355672,
        "val_macro_f1_best": 0.7399970167355672,
        "val_loss_last": 0.3421272605533371,
        "val_loss_best": 0.3421272605533371,
        "l_intra_last": 0.18531172168487386,
        "l_inter_last": -0.6655394110569638,
        "grad_var_last": 0.002310913159131368,
        "grad_var_min": 0.00047797127748828403,
        "barren_plateau_any": false,
        "barren_plateau_ok": true
      },
      {
        "lambda1": 1.0,
        "lambda2": 1.0,
        "epochs": 5,
        "train_sec": 710.3653484270035,
        "val_macro_f1_last": 0.7594318655362307,
        "val_macro_f1_best": 0.7594318655362307,
        "val_loss_last": 0.10025926064756023,
        "val_loss_best": 0.10025926064756023,
        "l_intra_last": 0.18687908008245252,
        "l_inter_last": -0.6692937476817158,
        "grad_var_last": 0.0022733426070075014,
        "grad_var_min": 0.00047797127748828403,
        "barren_plateau_any": false,
        "barren_plateau_ok": true
      }
    ]
  },
  "extra": {
    "dataset": "BoT-IoT",
    "data_path": "data/FROZEN/BoT-IoT",
    "teamC_handoff": "team-artifacts/teamC_week3_FROZEN_handoff.json",
    "feature_cols": [
      "n_pkts_total",
      "n_bytes_total",
      "src_bytes",
      "rate",
      "pkt_size_min",
      "pkt_size_max",
      "pkt_size_mean",
      "pkt_size_std",
      "protocol",
      "conn_state"
    ],
    "target_col": "label_multiclass",
    "use_pca": true,
    "subset": true,
    "per_class_cap": 3000,
    "sampler": "greedy_dpp",
    "train_fn": "train_maqt",
    "use_lr_schedule": false,
    "use_weighted_sampler": true,
    "early_stopping": false,
    "seed": 42,
    "epochs": 5,
    "batch_size": 64,
    "lr": 0.01,
    "n_train": 10648,
    "n_val": 1184,
    "num_qubits": 5,
    "k95": 5,
    "num_layers": 2,
    "noise_rate": 0.01,
    "barren_plateau_var": 1e-06,
    "lambda1_grid": [
      0.0,
      0.33,
      0.66,
      1.0
    ],
    "lambda2_grid": [
      0.0,
      0.33,
      0.66,
      1.0
    ],
    "best_row": {
      "lambda1": 0.33,
      "lambda2": 0.66,
      "epochs": 5,
      "train_sec": 709.4782658950135,
      "val_macro_f1_last": 0.7620258992996861,
      "val_macro_f1_best": 0.7620258992996861,
      "val_loss_last": 0.20304988791683282,
      "val_loss_best": 0.20304988791683282,
      "l_intra_last": 0.19402022051895904,
      "l_inter_last": -0.6745963648507409,
      "grad_var_last": 0.002136587618148194,
      "grad_var_min": 0.00047797127748828403,
      "barren_plateau_any": false,
      "barren_plateau_ok": true
    },
    "class_names": [
      "DDoS",
      "DoS",
      "Normal",
      "Reconnaissance"
    ],
    "l_inter": "rho_vs_other_class_ema"
  }
}