{
  "history": {
    "sensitivity": [
      {
        "lambda1": 0.0,
        "lambda2": 0.0,
        "epochs": 5,
        "train_sec": 359.65804447300616,
        "val_macro_f1_last": 0.28154933875443633,
        "val_macro_f1_best": 0.28154933875443633,
        "val_loss_last": 1.7922976613044739,
        "val_loss_best": 1.7922976613044739,
        "l_intra_last": 0.1648478642915306,
        "l_inter_last": 0.2625094898207589,
        "grad_var_last": 0.0018306981588732138,
        "grad_var_min": 0.00022453554868590207,
        "barren_plateau_any": false,
        "barren_plateau_ok": true
      },
      {
        "lambda1": 0.0,
        "lambda2": 0.33,
        "epochs": 5,
        "train_sec": 361.0373988520005,
        "val_macro_f1_last": 0.24831620763258316,
        "val_macro_f1_best": 0.24831620763258316,
        "val_loss_last": 1.8869423347932135,
        "val_loss_best": 1.8869423347932135,
        "l_intra_last": 0.18563984768655606,
        "l_inter_last": 0.2052009067890739,
        "grad_var_last": 0.0018492425468834013,
        "grad_var_min": 0.00022453554868590207,
        "barren_plateau_any": false,
        "barren_plateau_ok": true
      },
      {
        "lambda1": 0.0,
        "lambda2": 0.66,
        "epochs": 5,
        "train_sec": 365.84234193500015,
        "val_macro_f1_last": 0.19469496225917,
        "val_macro_f1_best": 0.19469496225917,
        "val_loss_last": 2.037399494396617,
        "val_loss_best": 2.023320734500885,
        "l_intra_last": 0.17368387506548186,
        "l_inter_last": 0.16183853357364955,
        "grad_var_last": 0.0036601640540436745,
        "grad_var_min": 0.00022453554868590207,
        "barren_plateau_any": false,
        "barren_plateau_ok": true
      },
      {
        "lambda1": 0.0,
        "lambda2": 1.0,
        "epochs": 5,
        "train_sec": 365.3240465960116,
        "val_macro_f1_last": 0.18681542065492898,
        "val_macro_f1_best": 0.18681542065492898,
        "val_loss_last": 2.0769294388885644,
        "val_loss_best": 2.023320734500885,
        "l_intra_last": 0.19306325862970597,
        "l_inter_last": 0.1535966218921167,
        "grad_var_last": 0.006651294841483402,
        "grad_var_min": 0.00022453554868590207,
        "barren_plateau_any": false,
        "barren_plateau_ok": true
      },
      {
        "lambda1": 0.33,
        "lambda2": 0.0,
        "epochs": 5,
        "train_sec": 361.1648042279994,
        "val_macro_f1_last": 0.2680753401959231,
        "val_macro_f1_best": 0.2680753401959231,
        "val_loss_last": 1.8563311657469996,
        "val_loss_best": 1.8563311657469996,
        "l_intra_last": 0.1618517529464673,
        "l_inter_last": 0.2675097701738181,
        "grad_var_last": 0.0019683742966356403,
        "grad_var_min": 0.00022453554868590207,
        "barren_plateau_any": false,
        "barren_plateau_ok": true
      },
      {
        "lambda1": 0.33,
        "lambda2": 0.33,
        "epochs": 5,
        "train_sec": 362.0052225969848,
        "val_macro_f1_last": 0.25533940112041414,
        "val_macro_f1_best": 0.25533940112041414,
        "val_loss_last": 1.948288524948747,
        "val_loss_best": 1.948288524948747,
        "l_intra_last": 0.17397720814878298,
        "l_inter_last": 0.18248425315662847,
        "grad_var_last": 0.0014145319298396327,
        "grad_var_min": 0.00022453554868590207,
        "barren_plateau_any": false,
        "barren_plateau_ok": true
      },
      {
        "lambda1": 0.33,
        "lambda2": 0.66,
        "epochs": 5,
        "train_sec": 362.28999055101303,
        "val_macro_f1_last": 0.20567724178528723,
        "val_macro_f1_best": 0.20567724178528723,
        "val_loss_last": 2.048722078981727,
        "val_loss_best": 2.023320734500885,
        "l_intra_last": 0.1855847082827254,
        "l_inter_last": 0.15365618240727297,
        "grad_var_last": 0.0027629788180164407,
        "grad_var_min": 0.00022453554868590207,
        "barren_plateau_any": false,
        "barren_plateau_ok": true
      },
      {
        "lambda1": 0.33,
        "lambda2": 1.0,
        "epochs": 5,
        "train_sec": 358.3778855910059,
        "val_macro_f1_last": 0.129178369517867,
        "val_macro_f1_best": 0.129178369517867,
        "val_loss_last": 2.224233150522705,
        "val_loss_best": 2.023320734500885,
        "l_intra_last": 0.18821999144037702,
        "l_inter_last": 0.16565421951413722,
        "grad_var_last": 0.003568065180076977,
        "grad_var_min": 0.00022453554868590207,
        "barren_plateau_any": false,
        "barren_plateau_ok": true
      },
      {
        "lambda1": 0.66,
        "lambda2": 0.0,
        "epochs": 5,
        "train_sec": 359.25566565600457,
        "val_macro_f1_last": 0.2742521298579218,
        "val_macro_f1_best": 0.2742521298579218,
        "val_loss_last": 1.9283432395290419,
        "val_loss_best": 1.9283432395290419,
        "l_intra_last": 0.16057999954523414,
        "l_inter_last": 0.2693780756309892,
        "grad_var_last": 0.002190991040264267,
        "grad_var_min": 0.00022453554868590207,
        "barren_plateau_any": false,
        "barren_plateau_ok": true
      },
      {
        "lambda1": 0.66,
        "lambda2": 0.33,
        "epochs": 5,
        "train_sec": 363.0399585960258,
        "val_macro_f1_last": 0.27665737259854783,
        "val_macro_f1_best": 0.27665737259854783,
        "val_loss_last": 1.9950035296600674,
        "val_loss_best": 1.9950035296600674,
        "l_intra_last": 0.1588926940839883,
        "l_inter_last": 0.22278693110463638,
        "grad_var_last": 0.0018821928538630581,
        "grad_var_min": 0.00022453554868590207,
        "barren_plateau_any": false,
        "barren_plateau_ok": true
      },
      {
        "lambda1": 0.66,
        "lambda2": 0.66,
        "epochs": 5,
        "train_sec": 361.09718341199914,
        "val_macro_f1_last": 0.22232194109691703,
        "val_macro_f1_best": 0.22232194109691703,
        "val_loss_last": 2.0884512047732846,
        "val_loss_best": 2.023320734500885,
        "l_intra_last": 0.1979995721082474,
        "l_inter_last": 0.14649072107746253,
        "grad_var_last": 0.0019329378349978602,
        "grad_var_min": 0.00022453554868590207,
        "barren_plateau_any": false,
        "barren_plateau_ok": true
      },
      {
        "lambda1": 0.66,
        "lambda2": 1.0,
        "epochs": 5,
        "train_sec": 363.0975798299769,
        "val_macro_f1_last": 0.17880597832694484,
        "val_macro_f1_best": 0.17880597832694484,
        "val_loss_last": 2.268626728341037,
        "val_loss_best": 2.023320734500885,
        "l_intra_last": 0.1887775509399574,
        "l_inter_last": 0.16505615725894524,
        "grad_var_last": 0.0033498522263083062,
        "grad_var_min": 0.00022453554868590207,
        "barren_plateau_any": false,
        "barren_plateau_ok": true
      },
      {
        "lambda1": 1.0,
        "lambda2": 0.0,
        "epochs": 5,
        "train_sec": 355.92572225199547,
        "val_macro_f1_last": 0.25055804866910086,
        "val_macro_f1_best": 0.25055804866910086,
        "val_loss_last": 1.9883765518811924,
        "val_loss_best": 1.9883765518811924,
        "l_intra_last": 0.14984999041826028,
        "l_inter_last": 0.2757066318888318,
        "grad_var_last": 0.00206721360203967,
        "grad_var_min": 0.00022453554868590207,
        "barren_plateau_any": false,
        "barren_plateau_ok": true
      },
      {
        "lambda1": 1.0,
        "lambda2": 0.33,
        "epochs": 5,
        "train_sec": 360.6950629479834,
        "val_macro_f1_last": 0.2714956325514257,
        "val_macro_f1_best": 0.2714956325514257,
        "val_loss_last": 2.0485529076663838,
        "val_loss_best": 2.023320734500885,
        "l_intra_last": 0.15680817322781276,
        "l_inter_last": 0.23567134766654235,
        "grad_var_last": 0.00203036010252924,
        "grad_var_min": 0.00022453554868590207,
        "barren_plateau_any": false,
        "barren_plateau_ok": true
      },
      {
        "lambda1": 1.0,
        "lambda2": 0.66,
        "epochs": 5,
        "train_sec": 364.44612512300955,
        "val_macro_f1_last": 0.21039989666509862,
        "val_macro_f1_best": 0.21039989666509862,
        "val_loss_last": 2.1622258258127838,
        "val_loss_best": 2.023320734500885,
        "l_intra_last": 0.14621381229571773,
        "l_inter_last": 0.22081049735852087,
        "grad_var_last": 0.001966452038666401,
        "grad_var_min": 0.00022453554868590207,
        "barren_plateau_any": false,
        "barren_plateau_ok": true
      },
      {
        "lambda1": 1.0,
        "lambda2": 1.0,
        "epochs": 5,
        "train_sec": 377.8387026240234,
        "val_macro_f1_last": 0.20354306375677783,
        "val_macro_f1_best": 0.20354306375677783,
        "val_loss_last": 2.3158208055722356,
        "val_loss_best": 2.023320734500885,
        "l_intra_last": 0.18195958343880056,
        "l_inter_last": 0.16317336788051381,
        "grad_var_last": 0.0026103477791642373,
        "grad_var_min": 0.00022453554868590207,
        "barren_plateau_any": false,
        "barren_plateau_ok": true
      }
    ]
  },
  "extra": {
    "dataset": "UNSW-NB15",
    "data_path": "data/FROZEN/UNSW-NB15",
    "teamC_handoff": "team-artifacts/teamC_week3_FROZEN_handoff.json",
    "feature_cols": [
      "duration",
      "n_pkts_total",
      "n_bytes_total",
      "src_bytes",
      "dst_bytes",
      "rate",
      "rate_src",
      "rate_dst",
      "pkt_size_mean",
      "iat"
    ],
    "target_col": "label_multiclass",
    "use_pca": true,
    "subset": true,
    "per_class_cap": 1000,
    "sampler": "greedy_dpp",
    "train_fn": "train_maqt",
    "use_lr_schedule": false,
    "use_weighted_sampler": true,
    "early_stopping": false,
    "seed": 42,
    "epochs": 5,
    "batch_size": 64,
    "lr": 0.01,
    "n_train": 5668,
    "n_val": 630,
    "num_qubits": 4,
    "k95": 4,
    "num_layers": 2,
    "noise_rate": 0.01,
    "barren_plateau_var": 1e-06,
    "lambda1_grid": [
      0.0,
      0.33,
      0.66,
      1.0
    ],
    "lambda2_grid": [
      0.0,
      0.33,
      0.66,
      1.0
    ],
    "best_row": {
      "lambda1": 0.0,
      "lambda2": 0.0,
      "epochs": 5,
      "train_sec": 359.65804447300616,
      "val_macro_f1_last": 0.28154933875443633,
      "val_macro_f1_best": 0.28154933875443633,
      "val_loss_last": 1.7922976613044739,
      "val_loss_best": 1.7922976613044739,
      "l_intra_last": 0.1648478642915306,
      "l_inter_last": 0.2625094898207589,
      "grad_var_last": 0.0018306981588732138,
      "grad_var_min": 0.00022453554868590207,
      "barren_plateau_any": false,
      "barren_plateau_ok": true
    },
    "class_names": [
      "Analysis",
      "Backdoor",
      "DoS",
      "Exploits",
      "Fuzzers",
      "Generic",
      "Normal",
      "Reconnaissance"
    ],
    "l_inter": "rho_vs_other_class_ema"
  }
}