{
  "history": {
    "sensitivity": [
      {
        "lambda1": 0.0,
        "lambda2": 0.0,
        "epochs": 5,
        "train_sec": 7161.372822383011,
        "val_macro_f1_last": 0.24596340167195957,
        "val_macro_f1_best": 0.24596340167195957,
        "val_loss_last": 2.0914969193307975,
        "val_loss_best": 2.0914969193307975,
        "l_intra_last": 0.22816257271249066,
        "l_inter_last": -0.80637817882445,
        "grad_var_last": 0.001439885867457742,
        "grad_var_min": 0.0003400040469294439,
        "barren_plateau_any": false,
        "barren_plateau_ok": true
      },
      {
        "lambda1": 0.0,
        "lambda2": 0.33,
        "epochs": 5,
        "train_sec": 7242.668138754001,
        "val_macro_f1_last": 0.2554345589925012,
        "val_macro_f1_best": 0.2554345589925012,
        "val_loss_last": 1.7850728983048152,
        "val_loss_best": 1.7850728983048152,
        "l_intra_last": 0.25640131854591947,
        "l_inter_last": -0.8153566289879646,
        "grad_var_last": 0.0015642816492064972,
        "grad_var_min": 0.0003400040469294439,
        "barren_plateau_any": false,
        "barren_plateau_ok": true
      },
      {
        "lambda1": 0.0,
        "lambda2": 0.66,
        "epochs": 5,
        "train_sec": 7096.432643942011,
        "val_macro_f1_last": 0.25626601198067855,
        "val_macro_f1_best": 0.25626601198067855,
        "val_loss_last": 1.5287277567422701,
        "val_loss_best": 1.5287277567422701,
        "l_intra_last": 0.2561071801368103,
        "l_inter_last": -0.8150046103676026,
        "grad_var_last": 0.001567305183326714,
        "grad_var_min": 0.0003400040469294439,
        "barren_plateau_any": false,
        "barren_plateau_ok": true
      },
      {
        "lambda1": 0.0,
        "lambda2": 1.0,
        "epochs": 5,
        "train_sec": 7084.3133470299945,
        "val_macro_f1_last": 0.26203872878613943,
        "val_macro_f1_best": 0.26203872878613943,
        "val_loss_last": 1.2614227292616047,
        "val_loss_best": 1.2614227292616047,
        "l_intra_last": 0.25335347057187796,
        "l_inter_last": -0.8139195361943496,
        "grad_var_last": 0.0015984712589272817,
        "grad_var_min": 0.0003400040469294439,
        "barren_plateau_any": false,
        "barren_plateau_ok": true
      },
      {
        "lambda1": 0.33,
        "lambda2": 0.0,
        "epochs": 5,
        "train_sec": 7089.311875780986,
        "val_macro_f1_last": 0.2440353336142692,
        "val_macro_f1_best": 0.2440353336142692,
        "val_loss_last": 2.1586735594684385,
        "val_loss_best": 2.1586735594684385,
        "l_intra_last": 0.22743805432805095,
        "l_inter_last": -0.8067758957083127,
        "grad_var_last": 0.001457459599506054,
        "grad_var_min": 0.0003400040469294439,
        "barren_plateau_any": false,
        "barren_plateau_ok": true
      },
      {
        "lambda1": 0.33,
        "lambda2": 0.33,
        "epochs": 5,
        "train_sec": 7205.466795568005,
        "val_macro_f1_last": 0.2450796514363923,
        "val_macro_f1_best": 0.2450796514363923,
        "val_loss_last": 1.8925142426714952,
        "val_loss_best": 1.8925142426714952,
        "l_intra_last": 0.22829075183578315,
        "l_inter_last": -0.807132667530041,
        "grad_var_last": 0.0014608620858889262,
        "grad_var_min": 0.0003400040469294439,
        "barren_plateau_any": false,
        "barren_plateau_ok": true
      },
      {
        "lambda1": 0.33,
        "lambda2": 0.66,
        "epochs": 5,
        "train_sec": 7337.711223787977,
        "val_macro_f1_last": 0.25063818402990395,
        "val_macro_f1_best": 0.25063818402990395,
        "val_loss_last": 1.6220623824966645,
        "val_loss_best": 1.6220623824966645,
        "l_intra_last": 0.23230888222039367,
        "l_inter_last": -0.8074159654253071,
        "grad_var_last": 0.0014713409888832745,
        "grad_var_min": 0.0003400040469294439,
        "barren_plateau_any": false,
        "barren_plateau_ok": true
      },
      {
        "lambda1": 0.33,
        "lambda2": 1.0,
        "epochs": 5,
        "train_sec": 6392.720594404003,
        "val_macro_f1_last": 0.24014192347931532,
        "val_macro_f1_best": 0.24014192347931532,
        "val_loss_last": 1.3329868592214538,
        "val_loss_best": 1.3329868592214538,
        "l_intra_last": 0.26411904875053427,
        "l_inter_last": -0.8186641317784575,
        "grad_var_last": 0.0015064943024141347,
        "grad_var_min": 0.0003400040469294439,
        "barren_plateau_any": false,
        "barren_plateau_ok": true
      },
      {
        "lambda1": 0.66,
        "lambda2": 0.0,
        "epochs": 5,
        "train_sec": 6283.297252750985,
        "val_macro_f1_last": 0.24176563604878717,
        "val_macro_f1_best": 0.24176563604878717,
        "val_loss_last": 2.227260527698386,
        "val_loss_best": 2.227260527698386,
        "l_intra_last": 0.2271957707490265,
        "l_inter_last": -0.8067236116361617,
        "grad_var_last": 0.0014801320279523183,
        "grad_var_min": 0.0003400040469294439,
        "barren_plateau_any": false,
        "barren_plateau_ok": true
      },
      {
        "lambda1": 0.66,
        "lambda2": 0.33,
        "epochs": 5,
        "train_sec": 6256.285495900986,
        "val_macro_f1_last": 0.24352667811843454,
        "val_macro_f1_best": 0.24352667811843454,
        "val_loss_last": 1.960888193941259,
        "val_loss_best": 1.960888193941259,
        "l_intra_last": 0.22756362941766106,
        "l_inter_last": -0.807068694081851,
        "grad_var_last": 0.0014815004248817558,
        "grad_var_min": 0.0003400040469294439,
        "barren_plateau_any": false,
        "barren_plateau_ok": true
      },
      {
        "lambda1": 0.66,
        "lambda2": 0.66,
        "epochs": 5,
        "train_sec": 6333.064915391005,
        "val_macro_f1_last": 0.24365738890411334,
        "val_macro_f1_best": 0.24365738890411334,
        "val_loss_last": 1.69538935485344,
        "val_loss_best": 1.69538935485344,
        "l_intra_last": 0.22819250598786575,
        "l_inter_last": -0.8073266057952401,
        "grad_var_last": 0.0014851073194037242,
        "grad_var_min": 0.0003400040469294439,
        "barren_plateau_any": false,
        "barren_plateau_ok": true
      },
      {
        "lambda1": 0.66,
        "lambda2": 1.0,
        "epochs": 5,
        "train_sec": 6258.327763671987,
        "val_macro_f1_last": 0.244230151693399,
        "val_macro_f1_best": 0.244230151693399,
        "val_loss_last": 1.4213871490478045,
        "val_loss_best": 1.4213871490478045,
        "l_intra_last": 0.22873442057853488,
        "l_inter_last": -0.8075564936565173,
        "grad_var_last": 0.001489897902523764,
        "grad_var_min": 0.0003400040469294439,
        "barren_plateau_any": false,
        "barren_plateau_ok": true
      },
      {
        "lambda1": 1.0,
        "lambda2": 0.0,
        "epochs": 5,
        "train_sec": 6247.665259101021,
        "val_macro_f1_last": 0.23839261532134587,
        "val_macro_f1_best": 0.23839261532134587,
        "val_loss_last": 2.298142674559966,
        "val_loss_best": 2.298142674559966,
        "l_intra_last": 0.226946520107853,
        "l_inter_last": -0.8066938169085315,
        "grad_var_last": 0.0015136943425994344,
        "grad_var_min": 0.0003400040469294439,
        "barren_plateau_any": false,
        "barren_plateau_ok": true
      },
      {
        "lambda1": 1.0,
        "lambda2": 0.33,
        "epochs": 5,
        "train_sec": 6253.213690895034,
        "val_macro_f1_last": 0.2401903577144747,
        "val_macro_f1_best": 0.2401903577144747,
        "val_loss_last": 2.031397709854516,
        "val_loss_best": 2.031397709854516,
        "l_intra_last": 0.22722897250675275,
        "l_inter_last": -0.8069872892403103,
        "grad_var_last": 0.0015118840300585394,
        "grad_var_min": 0.0003400040469294439,
        "barren_plateau_any": false,
        "barren_plateau_ok": true
      },
      {
        "lambda1": 1.0,
        "lambda2": 0.66,
        "epochs": 5,
        "train_sec": 6254.260631265992,
        "val_macro_f1_last": 0.24117795321745597,
        "val_macro_f1_best": 0.24117795321745597,
        "val_loss_last": 1.765695409989812,
        "val_loss_best": 1.765695409989812,
        "l_intra_last": 0.22757844007045436,
        "l_inter_last": -0.8072248205645929,
        "grad_var_last": 0.0015138563987398856,
        "grad_var_min": 0.0003400040469294439,
        "barren_plateau_any": false,
        "barren_plateau_ok": true
      },
      {
        "lambda1": 1.0,
        "lambda2": 1.0,
        "epochs": 5,
        "train_sec": 6255.395534882962,
        "val_macro_f1_last": 0.24312820962452125,
        "val_macro_f1_best": 0.24312820962452125,
        "val_loss_last": 1.4924937939513192,
        "val_loss_best": 1.4924937939513192,
        "l_intra_last": 0.2281077762265277,
        "l_inter_last": -0.8075574676508535,
        "grad_var_last": 0.0015186819084606294,
        "grad_var_min": 0.0003400040469294439,
        "barren_plateau_any": false,
        "barren_plateau_ok": true
      }
    ]
  },
  "extra": {
    "dataset": "CICIoT2023",
    "data_path": "data/FROZEN/CICIoT2023",
    "teamC_handoff": "team-artifacts/teamC_week3_FROZEN_handoff.json",
    "feature_cols": [
      "duration",
      "n_pkts_total",
      "n_bytes_total",
      "rate",
      "pkt_size_min",
      "pkt_size_max",
      "pkt_size_mean",
      "iat",
      "protocol",
      "conn_state"
    ],
    "target_col": "label_multiclass",
    "use_pca": true,
    "subset": true,
    "per_class_cap": 500,
    "sampler": "greedy_dpp",
    "train_fn": "train_maqt",
    "use_lr_schedule": false,
    "use_weighted_sampler": true,
    "early_stopping": false,
    "seed": 42,
    "epochs": 5,
    "batch_size": 64,
    "lr": 0.01,
    "n_train": 10666,
    "n_val": 1186,
    "num_qubits": 6,
    "k95": 6,
    "num_layers": 2,
    "noise_rate": 0.01,
    "barren_plateau_var": 1e-06,
    "lambda1_grid": [
      0.0,
      0.33,
      0.66,
      1.0
    ],
    "lambda2_grid": [
      0.0,
      0.33,
      0.66,
      1.0
    ],
    "best_row": {
      "lambda1": 0.0,
      "lambda2": 1.0,
      "epochs": 5,
      "train_sec": 7084.3133470299945,
      "val_macro_f1_last": 0.26203872878613943,
      "val_macro_f1_best": 0.26203872878613943,
      "val_loss_last": 1.2614227292616047,
      "val_loss_best": 1.2614227292616047,
      "l_intra_last": 0.25335347057187796,
      "l_inter_last": -0.8139195361943496,
      "grad_var_last": 0.0015984712589272817,
      "grad_var_min": 0.0003400040469294439,
      "barren_plateau_any": false,
      "barren_plateau_ok": true
    },
    "class_names": [
      "Backdoor_Malware",
      "BenignTraffic",
      "BrowserHijacking",
      "CommandInjection",
      "DDoS-ACK_Fragmentation",
      "DDoS-HTTP_Flood",
      "DDoS-ICMP_Flood",
      "DDoS-ICMP_Fragmentation",
      "DDoS-PSHACK_Flood",
      "DDoS-RSTFINFlood",
      "DDoS-SYN_Flood",
      "DDoS-SlowLoris",
      "DDoS-SynonymousIP_Flood",
      "DDoS-TCP_Flood",
      "DDoS-UDP_Flood",
      "DDoS-UDP_Fragmentation",
      "DNS_Spoofing",
      "DictionaryBruteForce",
      "DoS-HTTP_Flood",
      "DoS-SYN_Flood",
      "DoS-TCP_Flood",
      "DoS-UDP_Flood",
      "MITM-ArpSpoofing",
      "Recon-HostDiscovery",
      "Recon-OSScan",
      "Recon-PingSweep",
      "Recon-PortScan",
      "SqlInjection",
      "Uploading_Attack",
      "VulnerabilityScan",
      "XSS"
    ],
    "l_inter": "rho_vs_other_class_ema"
  }
}