{
  "history": {
    "prop1_resid_max": [
      0.0,
      2.220446049250313e-16,
      2.220446049250313e-16,
      8.326672684688674e-17,
      0.0,
      0.0,
      4.440892098500626e-16,
      2.7755575615628914e-16,
      1.6653345369377348e-16,
      0.0,
      0.0,
      4.440892098500626e-16,
      6.661338147750939e-16,
      3.3306690738754696e-16,
      0.0
    ],
    "prop1_resid_mean": [
      0.0,
      5.2909066017292616e-17,
      2.2388774861825667e-17,
      1.83772268236293e-17,
      0.0,
      0.0,
      1.240327285323417e-16,
      5.898059818321144e-17,
      3.0791341698588326e-17,
      0.0,
      0.0,
      1.5352302762394743e-16,
      8.023096076392733e-17,
      4.423544863740858e-17,
      0.0
    ],
    "p_grid": [
      0.0,
      0.25,
      0.5,
      0.75,
      1.0
    ],
    "reg_mean_pairwise_Dtr": [
      0.9205781222842081,
      0.8285203100557872,
      0.7364624978273664,
      0.6444046855989454,
      0.5523468733705247,
      0.46028906114210405,
      0.3682312489136831,
      0.27617343668526234,
      0.18411562445684154,
      0.09205781222842077,
      0.0
    ]
  },
  "extra": {
    "seed": 42,
    "n_pairs": 64,
    "qubit_grid": [
      1,
      2,
      3
    ],
    "p_grid": [
      0.0,
      0.25,
      0.5,
      0.75,
      1.0
    ],
    "prop1_tol": 1e-10,
    "prop1_worst_residual": 6.661338147750939e-16,
    "prop1_passed": true,
    "circuit_num_qubits": 4,
    "circuit_num_layers": 2,
    "circuit_noise_rate": 0.01,
    "reg_p_grid": [
      0.0,
      0.1,
      0.2,
      0.30000000000000004,
      0.4,
      0.5,
      0.6000000000000001,
      0.7000000000000001,
      0.8,
      0.9,
      1.0
    ],
    "reg_D0": 0.9205781222842081,
    "reg_resid_max": 2.220446049250313e-16,
    "dataset": null
  }
}