{
  "history": {
    "radius_mean": [
      0.006664966718956647
    ]
  },
  "extra": {
    "dataset": "BoT-IoT",
    "notebook": "22.e2e-algo3_bot-iot",
    "checkpoint": "models/prototypes/BoT-IoT/23.maqt-FROZEN-feat-prototypes_bot-iot-checkpoint.pt",
    "lphi_path": null,
    "L_phi_source": "analytic_lipschitz_bound (R/2)",
    "q_source": "calibrate_threshold(X_cal) on Day-23 checkpoint",
    "q": 0.10952359437942505,
    "alpha": 0.05,
    "L_phi": 1.0,
    "p": 0.01,
    "C_f": 1.0,
    "use_pca": true,
    "num_qubits": 5,
    "num_layers": 2,
    "pipeline_reject_rate": 0.04744231079554628,
    "pipeline_acc_accepted": 0.6037043311310633,
    "pipeline_macro_f1_accepted": 0.4670940213112656,
    "pipeline_radius_mean_accepted": 0.006664966718956647,
    "zeroday_detection_rate": 0.8682284040995608,
    "n_zeroday_eval": 683,
    "RQ1": {
      "TPR_zeroday": 0.8682284040995608,
      "FPR_known": 0.04744231079554628,
      "class_acc_known": 0.6037043311310633,
      "alpha": 0.05,
      "n_test": 18591,
      "n_zeroday": 683
    }
  }
}