{
  "history": {
    "radius_mean": [
      0.011813837433357427
    ]
  },
  "extra": {
    "dataset": "BoT-IoT",
    "notebook": "22.e2e-algo3_bot-iot-more-train",
    "checkpoint": "models/prototypes/BoT-IoT/23.maqt-FROZEN-feat-prototypes_bot-iot-more-train-checkpoint.pt",
    "lphi_path": null,
    "L_phi_source": "analytic_lipschitz_bound (R/2)",
    "q_source": "calibrate_threshold(X_cal) on Day-23 checkpoint",
    "q": 0.30151546001434326,
    "alpha": 0.05,
    "L_phi": 1.0,
    "p": 0.01,
    "C_f": 1.0,
    "use_pca": true,
    "num_qubits": 5,
    "num_layers": 2,
    "pipeline_reject_rate": 0.04722715292345758,
    "pipeline_acc_accepted": 0.523513803421216,
    "pipeline_macro_f1_accepted": 0.47955976409663775,
    "pipeline_radius_mean_accepted": 0.011813837433357427,
    "zeroday_detection_rate": 0.2445095168374817,
    "n_zeroday_eval": 683,
    "RQ1": {
      "TPR_zeroday": 0.2445095168374817,
      "FPR_known": 0.04722715292345758,
      "class_acc_known": 0.523513803421216,
      "alpha": 0.05,
      "n_test": 18591,
      "n_zeroday": 683
    }
  }
}