{
  "history": {
    "radius_mean": [
      0.07074152220924791
    ]
  },
  "extra": {
    "dataset": "BoT-IoT",
    "notebook": "22.e2e-algo3_bot-iot-3class",
    "checkpoint": "models/prototypes/BoT-IoT/23.maqt-FROZEN-feat-prototypes_bot-iot-3class-checkpoint.pt",
    "lphi_path": null,
    "L_phi_source": "analytic_lipschitz_bound (R/2)",
    "q_source": "calibrate_threshold(X_cal) on Day-23 checkpoint",
    "q": 0.28246718645095825,
    "alpha": 0.05,
    "L_phi": 1.0,
    "p": 0.01,
    "C_f": 1.0,
    "use_pca": true,
    "num_qubits": 5,
    "num_layers": 2,
    "pipeline_reject_rate": 0.04896710022953332,
    "pipeline_acc_accepted": 0.9531375703942075,
    "pipeline_macro_f1_accepted": 0.6510758498091357,
    "pipeline_radius_mean_accepted": 0.07074152220924791,
    "zeroday_detection_rate": 0.15666178623718888,
    "n_zeroday_eval": 683,
    "RQ1": {
      "TPR_zeroday": 0.15666178623718888,
      "FPR_known": 0.04896710022953332,
      "class_acc_known": 0.9531375703942075,
      "alpha": 0.05,
      "n_test": 10456,
      "n_zeroday": 683
    }
  }
}