{
  "history": {
    "radius_mean": [
      0.012045380780347132
    ]
  },
  "extra": {
    "dataset": "BoT-IoT",
    "notebook": "22.e2e-algo3_bot-iot-3000-auto-lr",
    "checkpoint": "models/prototypes/BoT-IoT/23.maqt-FROZEN-feat-prototypes_bot-iot-3000-auto-lr-checkpoint.pt",
    "lphi_path": null,
    "L_phi_source": "analytic_lipschitz_bound (R/2)",
    "q_source": "calibrate_threshold(X_cal) on Day-23 checkpoint",
    "q": 0.2927284836769104,
    "alpha": 0.05,
    "L_phi": 1.0,
    "p": 0.01,
    "C_f": 1.0,
    "use_pca": true,
    "num_qubits": 5,
    "num_layers": 2,
    "pipeline_reject_rate": 0.04706578451939114,
    "pipeline_acc_accepted": 0.5207721833370964,
    "pipeline_macro_f1_accepted": 0.47919143305588796,
    "pipeline_radius_mean_accepted": 0.012045380780347132,
    "zeroday_detection_rate": 0.23865300146412885,
    "n_zeroday_eval": 683,
    "RQ1": {
      "TPR_zeroday": 0.23865300146412885,
      "FPR_known": 0.04706578451939114,
      "class_acc_known": 0.5207721833370964,
      "alpha": 0.05,
      "n_test": 18591,
      "n_zeroday": 683
    }
  }
}