{
  "history": {
    "radius_mean": [
      0.011190050611125149
    ]
  },
  "extra": {
    "dataset": "CICIoT2023",
    "notebook": "22.e2e-algo3_ciciot2023.ipynb",
    "checkpoint": "models/prototypes/CICIoT2023/16.estimate-lipschitz_ciciot2023-checkpoint.pt",
    "lphi_path": "models/prototypes/CICIoT2023/16.estimate-lipschitz_ciciot2023-lphi.pt",
    "q_source": "models/prototypes/CICIoT2023/19.fgsm-pgd-robustness_ciciot2023-artifact.pt",
    "q": 0.3162590265274048,
    "alpha": 0.05,
    "L_phi": 1.0,
    "p": 0.01,
    "C_f": 1.0,
    "pipeline_reject_rate": 0.05571148652226876,
    "pipeline_acc_accepted": 0.48225001402052603,
    "pipeline_macro_f1_accepted": 0.23550417341380359,
    "pipeline_radius_mean_accepted": 0.011190050611125149,
    "zeroday_detection_rate": 0.8739075018208303,
    "n_zeroday_eval": 10984,
    "RQ1": {
      "TPR_zeroday": 0.8739075018208303,
      "FPR_known": 0.05571148652226876,
      "class_acc_known": 0.48225001402052603,
      "alpha": 0.05,
      "n_test": 18883,
      "n_zeroday": 10984
    }
  }
}