{
  "history": {
    "loss": [
      0.7696014078887733,
      0.6108984272504084,
      0.591548092858042,
      0.5752813738787089,
      0.5652552161884867,
      0.5478935509453484,
      0.5536838009376882,
      0.5513444397343965,
      0.5532614970276096,
      0.5461606205397531,
      0.5376304497771264,
      0.5496053986007154,
      0.5459977347343873,
      0.5521055693242809,
      0.5474099533420997,
      0.5294215240633476,
      0.54319847396429,
      0.5372136716724972,
      0.5393725880112199,
      0.5468102952008025,
      0.5373020263978012,
      0.5360105749035079,
      0.547096410710939,
      0.5400433514635328,
      0.5474674519633849,
      0.5329134330423899,
      0.5413375625807922,
      0.549437100139568,
      0.535928460454604,
      0.5304129454311423,
      0.5396395189052761,
      0.541130550640563,
      0.5501718015680225,
      0.544331772815674,
      0.5535148143016975,
      0.5501897041107138,
      0.5444636697899156,
      0.5491844387460594,
      0.5317288913855303,
      0.5403483163328776,
      0.5467777877162202,
      0.5480768937596381,
      0.5349197460561833,
      0.5445047577499734,
      0.5416788517272649,
      0.5572183748411575,
      0.5369342382239992,
      0.5480417141087851,
      0.543665489224234
    ],
    "L_CE": [
      0.7696014078887733,
      0.5742147231424177,
      0.5281034988325995,
      0.5176700144200712,
      0.5069503859893696,
      0.48857298735025767,
      0.49581389072779064,
      0.4938440274547886,
      0.4953023858972498,
      0.4895486710844813,
      0.48022429363147634,
      0.4907734023558127,
      0.48837866718704637,
      0.49519569632169363,
      0.4890108986480816,
      0.47377000982696943,
      0.4873858513058843,
      0.4809834404571636,
      0.4832349616128045,
      0.4914167218917125,
      0.48276596343195116,
      0.4815382504785383,
      0.4920076521667274,
      0.4842820873131623,
      0.4923851950748547,
      0.47796348736092853,
      0.48522800497106605,
      0.49342624625644166,
      0.4812329931839092,
      0.47586621738768914,
      0.4844603657722473,
      0.48545385760229987,
      0.494500553446847,
      0.4902602545312933,
      0.4987248854057209,
      0.4949314831076442,
      0.48873118274920696,
      0.4940975313251083,
      0.47633998538996725,
      0.48486890454550047,
      0.49138817432764414,
      0.4920267792972359,
      0.478348738116187,
      0.48832707614512055,
      0.48705510191015294,
      0.5011299370108424,
      0.48291946367637534,
      0.4935509886290576,
      0.48881297498135956
    ],
    "L_intra": [
      0.20233586550561594,
      0.16641526268672152,
      0.14571935275721962,
      0.13367175377979226,
      0.13500922404271096,
      0.13713322268115954,
      0.13414670674028673,
      0.1333320257604855,
      0.13432842814695095,
      0.1314826498138673,
      0.13330775998371946,
      0.13618208288458206,
      0.13362869036822772,
      0.13208467831183063,
      0.13505484675164572,
      0.12966709203311255,
      0.12987089067824925,
      0.1308727337849299,
      0.1306918614680417,
      0.1290034442399318,
      0.12729121213547573,
      0.12720493875966019,
      0.12833226420678207,
      0.12974121948832465,
      0.1282846703024065,
      0.12816441644278567,
      0.13053074272744267,
      0.1300990203674351,
      0.12756837230162762,
      0.1273122377348267,
      0.1285256423798803,
      0.12940879205443054,
      0.12952221063111227,
      0.12624310224121998,
      0.12756572240745015,
      0.1286056191991354,
      0.12947109093097206,
      0.128160907912429,
      0.12892820910954553,
      0.1291178343028804,
      0.12884258919470176,
      0.13012612826861822,
      0.13146512768253912,
      0.13052966052387968,
      0.1272787246418808,
      0.13011702420875587,
      0.12611633307043793,
      0.12696994914600243,
      0.12783676366990557
    ],
    "L_inter": [
      -0.4899340471234328,
      -0.49201115636896775,
      -0.47075411765836916,
      -0.4612258715629165,
      -0.4599890911119131,
      -0.4623023872744496,
      -0.46017215801228584,
      -0.4582800300317466,
      -0.46025514715578064,
      -0.45646877258309254,
      -0.4623861923104879,
      -0.4629522598694146,
      -0.45976388183865025,
      -0.4566233076664042,
      -0.4564184340902391,
      -0.45910158900890863,
      -0.45614113403594536,
      -0.46030678385656565,
      -0.4604152167802692,
      -0.4554074405437906,
      -0.4554771550943917,
      -0.45650724774302626,
      -0.45386867795898095,
      -0.45546727968959316,
      -0.45300391313365496,
      -0.4566131269965705,
      -0.4577906876997525,
      -0.4519328150295615,
      -0.45443594400595794,
      -0.4554695411980101,
      -0.45418340284557224,
      -0.4513851494476032,
      -0.4544928597190355,
      -0.4525016418114614,
      -0.44964661538742773,
      -0.4522294298249025,
      -0.4501529212388763,
      -0.4496773267631711,
      -0.45375992796048714,
      -0.4539752682031573,
      -0.45158406043874155,
      -0.45064748359534246,
      -0.45807779506366636,
      -0.45435743285435093,
      -0.4507806251914211,
      -0.4485037137031411,
      -0.45216959937974943,
      -0.449712454663682,
      -0.45329337960391786
    ],
    "grad_var": [
      0.0017241049011244211,
      0.0034772904408856523,
      0.005276846500409364,
      0.0076520608778967445,
      0.007054181864510315,
      0.006937337686729341,
      0.008772178475644338,
      0.008942971918794855,
      0.009584948847485656,
      0.01072001253424615,
      0.009303282011879256,
      0.011819881208027034,
      0.011336975657645411,
      0.012624553561122534,
      0.011948607819362519,
      0.011670085590810994,
      0.011239636618002142,
      0.012964536406955607,
      0.014565884912185169,
      0.012916287770368965,
      0.016045977922653578,
      0.01268729437111147,
      0.016089435362231893,
      0.01506465655512403,
      0.014950457003559112,
      0.01377973244619883,
      0.016368068539461978,
      0.01533553896368028,
      0.01651329146713849,
      0.014450908001713655,
      0.016107304477938324,
      0.017332760588190443,
      0.017368539988780646,
      0.017006093634267312,
      0.015955483085928937,
      0.016115961389339253,
      0.015858354639715036,
      0.015621442949663646,
      0.016298299565017726,
      0.01735064634625372,
      0.016208209619681176,
      0.01610964425789142,
      0.01551899510322491,
      0.015885241480695235,
      0.017216165081874745,
      0.017436635048707596,
      0.016237683888411503,
      0.015219214510776707,
      0.016492436921563804
    ],
    "intra_fid_gap": [
      0.797664134494384,
      0.8335847373132785,
      0.8542806472427803,
      0.8663282462202075,
      0.8649907759572891,
      0.8628667773188404,
      0.8658532932597133,
      0.8666679742395147,
      0.865671571853049,
      0.8685173501861327,
      0.8666922400162806,
      0.8638179171154179,
      0.8663713096317723,
      0.8679153216881694,
      0.8649451532483543,
      0.8703329079668874,
      0.8701291093217507,
      0.8691272662150701,
      0.8693081385319583,
      0.870996555760068,
      0.8727087878645242,
      0.8727950612403398,
      0.871667735793218,
      0.8702587805116753,
      0.8717153296975936,
      0.8718355835572144,
      0.8694692572725574,
      0.869900979632565,
      0.8724316276983723,
      0.8726877622651734,
      0.8714743576201198,
      0.8705912079455695,
      0.8704777893688878,
      0.87375689775878,
      0.8724342775925499,
      0.8713943808008646,
      0.8705289090690279,
      0.8718390920875709,
      0.8710717908904543,
      0.8708821656971195,
      0.8711574108052982,
      0.8698738717313819,
      0.8685348723174608,
      0.8694703394761203,
      0.8727212753581192,
      0.8698829757912442,
      0.8738836669295621,
      0.8730300508539975,
      0.8721632363300944
    ],
    "inter_trace_dist": [
      0.5053564839970218,
      0.4833958185825238,
      0.4617970684021427,
      0.45642763521896557,
      0.44985574580612947,
      0.47132925757683725,
      0.45858164996134976,
      0.46634095478060694,
      0.45758108771395517,
      0.44201761822551683,
      0.4537915524205114,
      0.4667576735553141,
      0.45310552302743595,
      0.4626134282368777,
      0.4578829969086467,
      0.4584918927872095,
      0.4609948584472356,
      0.4707290143763732,
      0.45605860503059253,
      0.46243202114538406,
      0.4491864265067364,
      0.44805584658828074,
      0.4494078348912585,
      0.4499276757417112,
      0.4424134428225597,
      0.4510028578270893,
      0.4509573613049271,
      0.4498843490006395,
      0.457604788030095,
      0.45392717664275395,
      0.4535919042584378,
      0.44456982310891896,
      0.435085903824753,
      0.45567368095223904,
      0.45705850637711215,
      0.44150731503440627,
      0.4695069449528293,
      0.4513924283243434,
      0.45036839029105447,
      0.450907601243231,
      0.4541962103517017,
      0.44996854434743644,
      0.4542827578270047,
      0.4468409091767065,
      0.4514824108982905,
      0.4483274447075764,
      0.45480634269685144,
      0.4537684777316812,
      0.45316472881198805
    ],
    "epoch_sec": [
      105.30234517600002,
      104.93480361499951,
      104.06166354499965,
      104.54594917800023,
      104.99207179000041,
      107.12229778099936,
      113.283517115,
      105.68391611399966,
      105.76364769299835,
      106.09543025100174,
      105.17016941200018,
      104.76326918799896,
      105.73516239399942,
      111.99132726400057,
      112.99023589799981,
      109.50151383600132,
      104.57295909499953,
      111.54143787999965,
      108.21702584300147,
      110.62597403600012,
      118.67863945700083,
      115.75910727700102,
      118.11987204900106,
      118.47517148599945,
      118.07506205900063,
      116.97388743900046,
      116.8733404579998,
      118.74126317700029,
      117.92774908300089,
      118.5199459939995,
      118.44693643400024,
      117.55476842699863,
      118.47319869000057,
      117.86853075199906,
      117.71944825399987,
      103.89640040500126,
      107.14832076099992,
      90.87737448300322,
      220.73644518799847,
      223.68765568199888,
      103.29789334200177,
      104.30735291699966,
      102.83463624299839,
      105.66306199899918,
      92.83278164100193,
      115.16556932599997,
      108.42407108200132,
      107.78276794500198,
      107.37449003399888
    ],
    "gpu_mem_mb": [
      49.806848,
      49.806848,
      49.806848,
      49.806848,
      49.806848,
      49.806848,
      49.806848,
      49.806848,
      49.806848,
      49.806848,
      50.0096,
      50.0096,
      50.0096,
      50.0096,
      50.0096,
      50.0096,
      50.076672,
      49.942528,
      49.942528,
      49.942528,
      49.942528,
      49.942528,
      49.942528,
      49.942528,
      49.942528,
      49.942528,
      49.942528,
      49.942528,
      49.942528,
      49.942528,
      49.942528,
      49.942528,
      49.942528,
      49.942528,
      49.942528,
      49.942528,
      49.942528,
      50.037248,
      50.037248,
      50.037248,
      50.037248,
      50.037248,
      49.942528,
      49.942528,
      50.037248,
      50.037248,
      50.037248,
      50.037248,
      50.037248
    ],
    "best_epoch": 30,
    "best_score": 0.5304129454311423,
    "stopped_early": true,
    "epochs_ran": 49,
    "interrupted": false,
    "stop_reason": "early_stopping"
  },
  "extra": {
    "teamC_handoff": "team-artifacts/teamC_week3_FROZEN_handoff.json",
    "data_path": "data/FROZEN/BoT-IoT",
    "dataset": "BoT-IoT",
    "feature_cols": [
      "n_pkts_total",
      "n_bytes_total",
      "src_bytes",
      "rate",
      "pkt_size_min",
      "pkt_size_max",
      "pkt_size_mean",
      "pkt_size_std",
      "protocol",
      "conn_state"
    ],
    "target_col": "label_multiclass",
    "n_train": 11832,
    "class_names": [
      "DDoS",
      "DoS",
      "Normal",
      "Reconnaissance"
    ],
    "use_pca": true,
    "subset": true,
    "per_class_cap": 3000,
    "sampler": "greedy_dpp",
    "num_qubits": 5,
    "k95": 5,
    "epochs": 50,
    "batch_size": 64,
    "lr": 0.05,
    "lambda1": 0.5,
    "lambda2": 0.02,
    "noise_rate": 0.01,
    "num_layers": 2,
    "num_classes": 4,
    "train_total_sec": 5609.130459188007,
    "loss_last": 0.543665489224234,
    "barren_plateau_var": 1e-06,
    "barren_plateau_any": false,
    "seed": 42,
    "early_stopping": true,
    "patience": 5,
    "best_epoch": 30,
    "best_score": 0.5304129454311423,
    "stopped_early": true,
    "epochs_ran": 49,
    "stop_reason": "early_stopping",
    "interrupted": false,
    "checkpoint_dir": "models/prototypes/BoT-IoT/23.maqt-FROZEN-feat-prototypes_bot-iot_seed42"
  }
}