{
  "history": {
    "loss": [
      0.4857876982688904,
      0.24545885587338206,
      0.23516208073715575,
      0.2236268886728169,
      0.217540219951579,
      0.20088251253571396,
      0.2133187352589545,
      0.22278361292987595,
      0.22257416991152165,
      0.22465905519438542,
      0.21740713107325932
    ],
    "L_CE": [
      0.4857876982688904,
      0.23711715573072434,
      0.21793841934204103,
      0.19800064891576766,
      0.18327371829748154,
      0.15907382375001908,
      0.16287348128855228,
      0.16274119049310684,
      0.15459030702710153,
      0.14947810313105583,
      0.13458022359013558
    ],
    "L_intra": [
      0.21097210463409913,
      0.18937958662068796,
      0.19449535535910348,
      0.19289340428252097,
      0.1932200432310716,
      0.1893032342501455,
      0.1898615021490167,
      0.1932423704467637,
      0.19177894581661686,
      0.18877491222240417,
      0.1874228752151312
    ],
    "L_inter": [
      -0.539883761029767,
      -0.5636395941883177,
      -0.5564685351989065,
      -0.5512951475548199,
      -0.5471883740146118,
      -0.5517119776841453,
      -0.5427663895252309,
      -0.5423148013998714,
      -0.5454822151391621,
      -0.5426532464862376,
      -0.5442265062220931
    ],
    "val_loss": [
      0.2941622787288257,
      0.23165043759686113,
      0.2137070850016015,
      0.1900887494894262,
      0.19296971413871283,
      0.18273337752718852,
      0.19840058148534492,
      0.19972011857891547,
      0.21008874613441075,
      0.2188977973098309,
      0.2340346597944725
    ],
    "grad_var": [
      0.0025202190153067934,
      0.004234013761626556,
      0.005371534390607849,
      0.007455520594958216,
      0.005477158576482907,
      0.008103115863283165,
      0.007657876158133149,
      0.01132286622002721,
      0.011282956711016595,
      0.011211226912913845,
      0.008550532124936581
    ],
    "intra_fid_gap": [
      0.789027895365901,
      0.8106204133793119,
      0.8055046446408965,
      0.807106595717479,
      0.8067799567689284,
      0.8106967657498543,
      0.8101384978509835,
      0.8067576295532364,
      0.8082210541833831,
      0.8112250877775958,
      0.8125771247848689
    ],
    "inter_trace_dist": [
      0.5610209542943188,
      0.5583714883906822,
      0.5487328454543234,
      0.5579681192773495,
      0.5679824067050696,
      0.5710085468175272,
      0.5547639128151339,
      0.551883952508302,
      0.5472260887482845,
      0.5409063534687476,
      0.5443794120574144
    ],
    "epoch_sec": [
      73.27953803499986,
      69.77680462101125,
      73.08619473500585,
      73.48929145200236,
      72.01137911999831,
      69.46598289199756,
      70.34790667599009,
      69.54877553400001,
      69.63361313100904,
      72.093394911004,
      73.11272248599562
    ],
    "gpu_mem_mb": [
      49.77408,
      49.77408,
      49.77408,
      49.77408,
      49.77408,
      49.77408,
      49.77408,
      49.77408,
      49.77408,
      49.77408,
      49.77408
    ],
    "best_epoch": 6,
    "best_score": 0.18273337752718852,
    "stopped_early": true,
    "epochs_ran": 11,
    "interrupted": false,
    "stop_reason": "early_stopping"
  },
  "extra": {
    "teamC_handoff": "team-artifacts/teamC_week3_FROZEN_handoff.json",
    "data_path": "data/FROZEN/BoT-IoT",
    "dataset": "BoT-IoT",
    "feature_cols": [
      "n_pkts_total",
      "n_bytes_total",
      "src_bytes",
      "rate",
      "pkt_size_min",
      "pkt_size_max",
      "pkt_size_mean",
      "pkt_size_std",
      "protocol",
      "conn_state"
    ],
    "target_col": "label_multiclass",
    "n_train": 8832,
    "class_names": [
      "DDoS",
      "Normal",
      "Reconnaissance"
    ],
    "use_pca": true,
    "subset": true,
    "per_class_cap": 3000,
    "sampler": "greedy_dpp",
    "num_qubits": 5,
    "k95": 5,
    "epochs": 50,
    "batch_size": 64,
    "lr": 0.05,
    "lambda1": 0.5,
    "lambda2": 0.02,
    "noise_rate": 0.01,
    "num_layers": 2,
    "num_classes": 3,
    "train_total_sec": 785.845603593014,
    "loss_last": 0.21740713107325932,
    "barren_plateau_var": 1e-06,
    "barren_plateau_any": false,
    "seed": 42,
    "early_stopping": true,
    "patience": 5,
    "best_epoch": 6,
    "best_score": 0.18273337752718852,
    "stopped_early": true,
    "epochs_ran": 11,
    "stop_reason": "early_stopping",
    "interrupted": false,
    "checkpoint_dir": "artifacts/BoT-IoT/23.maqt-FROZEN-feat-prototypes_bot-iot-3class_seed42"
  }
}