{
  "history": {
    "loss": [
      0.6180823914017446,
      0.508325762225018,
      0.5113686500946478,
      0.5104893852687757,
      0.5058437596749518,
      0.5146236512962716,
      0.5177112277238157,
      0.5281369050045329,
      0.5208731246193509,
      0.5288168793357779,
      0.5276574885215739,
      0.529269844479839,
      0.531717125426633,
      0.524242645504543
    ],
    "L_CE": [
      0.6180823914017446,
      0.5012278262739139,
      0.4979602899757951,
      0.49043926029916024,
      0.48003350874400874,
      0.482045048670009,
      0.47900582176035544,
      0.48289356720955184,
      0.47022227365277414,
      0.4734354291368336,
      0.4663285786359846,
      0.46870533971009276,
      0.4704977561023617,
      0.46358988472368573
    ],
    "L_intra": [
      0.184853194350932,
      0.16138761148108757,
      0.1529811138003369,
      0.15263562111444956,
      0.14791248428291773,
      0.1491872463974273,
      0.1477591710160304,
      0.1479258854365226,
      0.14530863715043868,
      0.14159304086984292,
      0.14112503122644754,
      0.13949703270911476,
      0.14096562471543944,
      0.1397582538811912
    ],
    "L_inter": [
      -0.4915019050924093,
      -0.4857223114751566,
      -0.47243781529525064,
      -0.47420303292531646,
      -0.47153074070507045,
      -0.4718208973094213,
      -0.4685287784457413,
      -0.4664801505572711,
      -0.46703774334992126,
      -0.4630787884713892,
      -0.4616802863817251,
      -0.4592005792405568,
      -0.4631721516724236,
      -0.46131830798691986
    ],
    "val_loss": [
      0.7062624818400333,
      0.7070132875092296,
      0.6916850270894365,
      0.6949316955863003,
      0.7261033508697311,
      0.7680387553300754,
      0.6877481454505673,
      0.7058314432916283,
      0.6744856041696897,
      0.6737770175125949,
      0.7090091836995537,
      0.8055975542448857,
      0.707480467787108,
      0.7544400417334786
    ],
    "grad_var": [
      0.004095608913838841,
      0.00838817056326063,
      0.011226460841165038,
      0.012301955688604607,
      0.011856479465222279,
      0.013593172084399268,
      0.013134204322824708,
      0.013920218824041753,
      0.014674546547072,
      0.015443949442286395,
      0.015144540866720319,
      0.015838832552572124,
      0.01629886213910907,
      0.016320706577886104
    ],
    "intra_fid_gap": [
      0.8151468056490679,
      0.8386123885189125,
      0.847018886199663,
      0.8473643788855506,
      0.8520875157170823,
      0.8508127536025726,
      0.8522408289839696,
      0.8520741145634774,
      0.8546913628495614,
      0.8584069591301571,
      0.8588749687735524,
      0.8605029672908853,
      0.8590343752845604,
      0.8602417461188088
    ],
    "inter_trace_dist": [
      0.4796881341891324,
      0.48861590832248764,
      0.4806502055206958,
      0.44905433894675123,
      0.48007679651145246,
      0.47085469364992755,
      0.4686589016922716,
      0.47205386589411624,
      0.45771675639236853,
      0.48423019266523126,
      0.4527362466483384,
      0.4655491518122908,
      0.4827783349605834,
      0.46486020132808664
    ],
    "epoch_sec": [
      395.4635154879943,
      391.18759591500566,
      390.3125873419922,
      389.70458120999683,
      390.71979212600854,
      389.35989082499873,
      394.7811113839998,
      394.254228485006,
      393.8846708260098,
      390.3494811690034,
      389.1096192010009,
      398.5974298890069,
      404.4611753539939,
      390.9224843150005
    ],
    "gpu_mem_mb": [
      49.806848,
      49.806848,
      49.806848,
      49.806848,
      49.806848,
      49.806848,
      49.806848,
      49.806848,
      49.806848,
      49.806848,
      49.806848,
      49.806848,
      49.806848,
      49.806848
    ],
    "best_epoch": 9,
    "best_score": 0.6744856041696897,
    "stopped_early": true,
    "epochs_ran": 14,
    "interrupted": false,
    "stop_reason": "early_stopping"
  },
  "extra": {
    "teamC_handoff": "team-artifacts/teamC_week3_FROZEN_handoff.json",
    "data_path": "data/FROZEN/BoT-IoT",
    "dataset": "BoT-IoT",
    "feature_cols": [
      "n_pkts_total",
      "n_bytes_total",
      "src_bytes",
      "rate",
      "pkt_size_min",
      "pkt_size_max",
      "pkt_size_mean",
      "pkt_size_std",
      "protocol",
      "conn_state"
    ],
    "target_col": "label_multiclass",
    "n_train": 48359,
    "class_names": [
      "DDoS",
      "DoS",
      "Normal",
      "Reconnaissance"
    ],
    "use_pca": true,
    "subset": true,
    "per_class_cap": 20000,
    "sampler": "greedy_dpp",
    "num_qubits": 5,
    "k95": 5,
    "epochs": 50,
    "batch_size": 64,
    "lr": 0.05,
    "lambda1": 0.5,
    "lambda2": 0.02,
    "noise_rate": 0.01,
    "num_layers": 2,
    "num_classes": 4,
    "train_total_sec": 5503.1081635290175,
    "loss_last": 0.524242645504543,
    "barren_plateau_var": 1e-06,
    "barren_plateau_any": false,
    "seed": 42,
    "early_stopping": true,
    "patience": 5,
    "best_epoch": 9,
    "best_score": 0.6744856041696897,
    "stopped_early": true,
    "epochs_ran": 14,
    "stop_reason": "early_stopping",
    "interrupted": false,
    "checkpoint_dir": "models/prototypes/BoT-IoT/23.maqt-FROZEN-feat-prototypes_bot-iot-more-train_seed42"
  }
}