{
  "history": {
    "loss": [
      1.0397897291326237,
      0.7471348054559799,
      0.6907240861140936,
      0.6604682276136266,
      0.6385930143927063,
      0.6168155403504686,
      0.6030942051124584,
      0.5976510625302455,
      0.5899644001730001,
      0.5886459146221976,
      0.5978004527316856,
      0.5912613987091248,
      0.5864232476169079,
      0.5838350360616311,
      0.5807718148920575,
      0.579705733143964,
      0.5744600354220332,
      0.5691901087586383,
      0.5778515492008555,
      0.5698670548812461,
      0.5493621656322902,
      0.5640069489213254,
      0.5518667728415066,
      0.5628299663142327,
      0.5618993861687053,
      0.5456825902681229,
      0.5497444368810257,
      0.5487677962958648,
      0.552669513804828,
      0.5552671122890271,
      0.5455718231851803,
      0.5520232264280305,
      0.559158136981502,
      0.5524515553331518,
      0.5421354858353237,
      0.537214915675723,
      0.5447280624971602,
      0.5499745226932489,
      0.5359416795150118,
      0.5390545985558233,
      0.5490538194602768,
      0.5418071747064243,
      0.5458759647083314,
      0.5446492822161065,
      0.550009321448492,
      0.544845019835421,
      0.539690663793326,
      0.5367699816902048
    ],
    "L_CE": [
      1.0397897291326237,
      0.7388778846420928,
      0.6740722577728911,
      0.6358468384442929,
      0.6056390802660389,
      0.5755894414322105,
      0.553880397788065,
      0.5394936899938984,
      0.5246154351862605,
      0.5143564463018657,
      0.515019073636232,
      0.5087850930804978,
      0.504195063235517,
      0.5013927633533934,
      0.4983248398332539,
      0.4991232162107251,
      0.4919714795615145,
      0.48728090935124607,
      0.4969000856498044,
      0.48795335931692296,
      0.4698702632310148,
      0.48326582376828453,
      0.47061700574652165,
      0.48196386434360894,
      0.48242770661850887,
      0.4658218327753558,
      0.46979399908802466,
      0.46811744659960625,
      0.47295513499282793,
      0.47564692536513964,
      0.4643108793004544,
      0.4705458916946799,
      0.47903506555956993,
      0.47318495390657894,
      0.46233324269334714,
      0.45614673491723523,
      0.4649246923937769,
      0.469226017683566,
      0.4569556448987858,
      0.46005090285917954,
      0.4694648906142412,
      0.461863443166196,
      0.4655888610614274,
      0.4643086314558269,
      0.47016786850855025,
      0.4656585826131398,
      0.4599372933724683,
      0.45831311373653527
    ],
    "L_intra": [
      0.19684009477090658,
      0.18541594346822457,
      0.18660889316676046,
      0.18447442409988657,
      0.18508145127574796,
      0.1855053704196474,
      0.18466267695332916,
      0.18669000668508645,
      0.18387868691315415,
      0.1857814062724404,
      0.18601688497623217,
      0.18535407925573477,
      0.18495987574972408,
      0.18528796673238826,
      0.18530698657352768,
      0.18138194562573995,
      0.18547878991488934,
      0.1841411102357931,
      0.18215033815906717,
      0.1842994275155492,
      0.17950419052113425,
      0.18188855210376909,
      0.1829978819553003,
      0.18210407501485007,
      0.17910061725963938,
      0.18001040260660092,
      0.18007664690867045,
      0.18165065564484387,
      0.1797127922688676,
      0.17932127830257327,
      0.1828143752252664,
      0.18320940396537003,
      0.18033207549987093,
      0.1785303225050698,
      0.17986688697771555,
      0.18244101604684243,
      0.17972295062352558,
      0.1815718486779382,
      0.17793174618213878,
      0.1781814888743763,
      0.17914124382276939,
      0.17993075592040206,
      0.180642741592777,
      0.18084137445476584,
      0.17962037206038614,
      0.17848691326931856,
      0.17968679673414845,
      0.17696822603703444
    ],
    "L_inter": [
      -0.5046855467952921,
      -0.5069381797620222,
      -0.5022652438683796,
      -0.5082957409415564,
      -0.5077945160602689,
      -0.5150243686653739,
      -0.5154163134671119,
      -0.5131521288166427,
      -0.5126568611576204,
      -0.517342472348131,
      -0.5113531696331285,
      -0.5100366999620272,
      -0.5125876746735599,
      -0.5100855328978252,
      -0.5103259113980116,
      -0.5054227939815484,
      -0.5125419548462968,
      -0.5080677855252147,
      -0.5061852764241257,
      -0.5118009096725772,
      -0.5130096429645875,
      -0.5101575449421873,
      -0.5124586941332575,
      -0.5092967768400622,
      -0.503931453981172,
      -0.5072221905266676,
      -0.5043942830667092,
      -0.5087489063081655,
      -0.5071008661216861,
      -0.5020226113699591,
      -0.5073121863953628,
      -0.5063683624667249,
      -0.5021483164001734,
      -0.4999279912980982,
      -0.5065600173440611,
      -0.507616363246673,
      -0.5029052604189718,
      -0.501870966464311,
      -0.49899192374216544,
      -0.5043524370272179,
      -0.4990846532674556,
      -0.501082320998634,
      -0.5017133574742235,
      -0.5040018233551669,
      -0.49843665451256514,
      -0.5028509706189067,
      -0.5045013973108271,
      -0.5013622532423815
    ],
    "val_loss": [
      0.8155184890094557,
      0.7259416903369732,
      0.6825740926332269,
      0.6509959274230154,
      0.6299397177387714,
      0.6113221335975243,
      0.6042825090901707,
      0.5908866160164032,
      0.5944586606629302,
      0.5918539993332618,
      0.594702836685023,
      0.5859347103875028,
      0.5826576162321002,
      0.5784838164675735,
      0.5723390596651107,
      0.5720654630105254,
      0.5648402633817453,
      0.5641699715264469,
      0.560614134275809,
      0.5581723897840077,
      0.5530717925317583,
      0.5550227164857984,
      0.5492031157022106,
      0.5547529958982108,
      0.5485280870094835,
      0.547172707528568,
      0.5500436199120177,
      0.5429531514956327,
      0.5421005176841951,
      0.5414035177503344,
      0.5413658424972253,
      0.5409463193205722,
      0.5417341007817363,
      0.5391831077123467,
      0.5397149771011841,
      0.5408916050693854,
      0.5379058545479676,
      0.5383720002366039,
      0.5362064026303477,
      0.5365876082587425,
      0.5365441624042288,
      0.5356437594590275,
      0.5345769970696181,
      0.5353692144343298,
      0.5348153898450261,
      0.5358467889060466,
      0.5369691691344576,
      0.5348395945498976
    ],
    "lr": [
      0.01,
      0.009990232305719944,
      0.009960967771506665,
      0.009912321891107008,
      0.009844486647586722,
      0.00975772975566101,
      0.009652393605146843,
      0.009528893909706796,
      0.009387718066217124,
      0.009229423231234974,
      0.009054634122155989,
      0.008864040551740155,
      0.008658394705735985,
      0.008438508174347006,
      0.008205248749256011,
      0.00795953699884774,
      0.007702342635146031,
      0.007434680686803489,
      0.007157607493247108,
      0.006872216535789155,
      0.006579634122155988,
      0.006281014941466028,
      0.005977537507199335,
      0.005670399506143305,
      0.005360813071670099,
      0.005049999999999998,
      0.004739186928329897,
      0.004429600493856692,
      0.004122462492800662,
      0.0038189850585339667,
      0.0035203658778440103,
      0.003227783464210844,
      0.0029423925067528886,
      0.002665319313196507,
      0.002397657364853964,
      0.002140463001152257,
      0.0018947512507439847,
      0.00166149182565299,
      0.0014416052942640132,
      0.001235959448259843,
      0.00104536587784401,
      0.000870576768765026,
      0.000712281933782875,
      0.000571106090293204,
      0.0004476063948531556,
      0.0003422702443389899,
      0.00025551335241327664,
      0.0001876781088929908
    ],
    "grad_var": [
      0.00047797127748828403,
      0.0008954080727061502,
      0.001207926562055074,
      0.0016989235107126104,
      0.0020445551447713928,
      0.002895140691735631,
      0.00311496570981024,
      0.003201287227765027,
      0.0035247505859619644,
      0.003653696674224781,
      0.004277650143848007,
      0.00505319026819553,
      0.004928361751873905,
      0.0056123522916825454,
      0.005448414657256583,
      0.005194417949665539,
      0.006229807837698246,
      0.006437182410419389,
      0.007281334849400725,
      0.008428356582006094,
      0.007465696161679789,
      0.007368686649576108,
      0.007983924897874198,
      0.008560310585304404,
      0.007804039699474383,
      0.008125513638502188,
      0.00864998917450883,
      0.007615494450155511,
      0.008978515395666,
      0.008442899993339185,
      0.008532642660813106,
      0.009044183525856316,
      0.0080625933746969,
      0.009710832454179119,
      0.008240389250411267,
      0.008505048076057538,
      0.010319421478075918,
      0.010506565473112139,
      0.009047267415134157,
      0.0090386928581984,
      0.008722750853271708,
      0.008205727447510256,
      0.009067027440781198,
      0.008494178447691155,
      0.009041487177085231,
      0.007909312913463378,
      0.00816326361730929,
      0.007803884534929282
    ],
    "intra_fid_gap": [
      0.8031599052290935,
      0.8145840565317753,
      0.8133911068332395,
      0.8155255759001135,
      0.8149185487242521,
      0.8144946295803526,
      0.8153373230466706,
      0.8133099933149137,
      0.8161213130868458,
      0.8142185937275596,
      0.8139831150237679,
      0.8146459207442651,
      0.8150401242502758,
      0.8147120332676118,
      0.8146930134264724,
      0.8186180543742602,
      0.8145212100851105,
      0.815858889764207,
      0.8178496618409329,
      0.8157005724844507,
      0.8204958094788657,
      0.8181114478962309,
      0.8170021180446998,
      0.81789592498515,
      0.8208993827403603,
      0.819989597393399,
      0.8199233530913296,
      0.818349344355156,
      0.8202872077311326,
      0.8206787216974268,
      0.8171856247747336,
      0.81679059603463,
      0.8196679245001292,
      0.82146967749493,
      0.8201331130222843,
      0.8175589839531576,
      0.8202770493764745,
      0.8184281513220618,
      0.8220682538178613,
      0.8218185111256238,
      0.8208587561772307,
      0.8200692440795979,
      0.8193572584072231,
      0.8191586255452341,
      0.8203796279396139,
      0.8215130867306815,
      0.8203132032658514,
      0.8230317739629657
    ],
    "inter_trace_dist": [
      0.5070089864544967,
      0.48514523030734785,
      0.515565195455617,
      0.529480348257576,
      0.5073644579632158,
      0.513648340204465,
      0.5257865196774557,
      0.5087561397403572,
      0.5180546646780951,
      0.5018258045919813,
      0.5090282054079802,
      0.517931671446505,
      0.4942753306986001,
      0.5249081751626727,
      0.5180789387727757,
      0.5029790545861323,
      0.5013001798334283,
      0.5243638196447535,
      0.4969069002757669,
      0.5306610677806916,
      0.5148587822929547,
      0.4997269612850968,
      0.5148991317501994,
      0.5109687677241758,
      0.5116000297913589,
      0.5171588771368779,
      0.5119438156840617,
      0.5238488466071295,
      0.5105643710818494,
      0.4967825898023224,
      0.5236057526111559,
      0.4967597023154371,
      0.50911730307012,
      0.5176470333350806,
      0.5054134557491504,
      0.5120182721984677,
      0.4840297289138455,
      0.497746997206769,
      0.5042051469990724,
      0.5104261853249941,
      0.5009509004206089,
      0.49649145617911655,
      0.5039787754551871,
      0.4987467119831912,
      0.5011731409171375,
      0.4936314131456765,
      0.507570154016168,
      0.5112169982182984
    ],
    "epoch_sec": [
      98.54579959299008,
      93.87080867199984,
      94.7691385490034,
      95.15936235900153,
      94.63154867901176,
      95.21677553799236,
      95.45858756199596,
      95.30546299999696,
      94.8513205890049,
      94.81100443399919,
      95.18694144499023,
      94.97330653999234,
      94.41987546700693,
      95.08999318399583,
      94.90128692300641,
      94.92996846999449,
      94.81659391900757,
      95.17317274400557,
      94.68097495399707,
      94.06324958299228,
      94.06985768400773,
      94.48418106799363,
      95.42666646500584,
      95.93807403100072,
      95.36874562299636,
      94.62603821999801,
      94.65070558100706,
      94.32712838699808,
      94.60538759699557,
      95.01316449699516,
      95.98970701100188,
      95.73626358099864,
      95.38305987000058,
      95.03367602700018,
      94.33889683899179,
      94.26746751900646,
      95.11457321001217,
      95.52388326800428,
      94.92520674099796,
      94.7210963749967,
      96.22861039001145,
      94.51306450201082,
      94.67049868998583,
      95.63119130500127,
      95.14064600502024,
      94.68414812500123,
      94.67514421697706,
      94.56113362099859
    ],
    "gpu_mem_mb": [
      49.806848,
      49.806848,
      49.806848,
      49.806848,
      49.806848,
      49.806848,
      49.806848,
      49.806848,
      49.806848,
      49.806848,
      49.806848,
      49.806848,
      49.806848,
      49.806848,
      49.806848,
      49.806848,
      49.806848,
      49.806848,
      49.806848,
      49.806848,
      49.806848,
      49.806848,
      49.806848,
      49.806848,
      49.806848,
      49.806848,
      49.806848,
      49.806848,
      49.806848,
      49.806848,
      49.806848,
      49.806848,
      49.806848,
      49.806848,
      49.806848,
      49.806848,
      49.806848,
      49.806848,
      49.806848,
      49.806848,
      49.806848,
      49.806848,
      49.806848,
      49.806848,
      49.806848,
      49.806848,
      49.806848,
      49.806848
    ],
    "best_epoch": 43,
    "best_score": 0.5345769970696181,
    "stopped_early": true,
    "epochs_ran": 48,
    "interrupted": false,
    "stop_reason": "early_stopping"
  },
  "extra": {
    "teamC_handoff": "team-artifacts/teamC_week3_FROZEN_handoff.json",
    "data_path": "data/FROZEN/BoT-IoT",
    "dataset": "BoT-IoT",
    "feature_cols": [
      "n_pkts_total",
      "n_bytes_total",
      "src_bytes",
      "rate",
      "pkt_size_min",
      "pkt_size_max",
      "pkt_size_mean",
      "pkt_size_std",
      "protocol",
      "conn_state"
    ],
    "target_col": "label_multiclass",
    "n_train": 11832,
    "class_names": [
      "DDoS",
      "DoS",
      "Normal",
      "Reconnaissance"
    ],
    "use_pca": true,
    "subset": true,
    "per_class_cap": 3000,
    "sampler": "greedy_dpp",
    "num_qubits": 5,
    "k95": 5,
    "epochs": 50,
    "batch_size": 64,
    "lr": 0.01,
    "lambda1": 0.5,
    "lambda2": 0.02,
    "noise_rate": 0.01,
    "num_layers": 2,
    "num_classes": 4,
    "train_total_sec": 4560.503388653,
    "loss_last": 0.5367699816902048,
    "barren_plateau_var": 1e-06,
    "barren_plateau_any": false,
    "seed": 42,
    "early_stopping": true,
    "patience": 5,
    "best_epoch": 43,
    "best_score": 0.5345769970696181,
    "stopped_early": true,
    "epochs_ran": 48,
    "stop_reason": "early_stopping",
    "interrupted": false,
    "checkpoint_dir": "artifacts/BoT-IoT/23.maqt-FROZEN-feat-prototypes_bot-iot-3000-auto-lr_seed42"
  }
}