{
  "history": {
    "loss": [
      0.7696014078887733,
      0.5752007289512737,
      0.5321746980821764,
      0.5190169940123687,
      0.5081175336966643,
      0.490064768050168,
      0.49621954866357754,
      0.49450817623653925,
      0.49717701367429784,
      0.49389985832008154,
      0.47928280604852214,
      0.4912230820269198,
      0.48934090475778325,
      0.493849260259319,
      0.4876630834631018,
      0.472780820888442,
      0.4832055749119939,
      0.4819901190899514,
      0.4836449982346715,
      0.49729249429058386,
      0.48155467220254844
    ],
    "L_CE": [
      0.7696014078887733,
      0.5752007289512737,
      0.5321746980821764,
      0.5190169940123687,
      0.5081175336966643,
      0.490064768050168,
      0.49621954866357754,
      0.49450817623653925,
      0.49717701367429784,
      0.49389985832008154,
      0.47928280604852214,
      0.4912230820269198,
      0.48934090475778325,
      0.493849260259319,
      0.4876630834631018,
      0.472780820888442,
      0.4832055749119939,
      0.4819901190899514,
      0.4836449982346715,
      0.49729249429058386,
      0.48155467220254844
    ],
    "grad_var": [
      0.0017241049011244211,
      0.0034491646638442133,
      0.005075449653196375,
      0.00683726273961617,
      0.006428876234300283,
      0.006490218892655763,
      0.00809093288089325,
      0.008139433404682456,
      0.008546006927468083,
      0.010378973504270401,
      0.007779215055681463,
      0.00998963146294291,
      0.009722288492186044,
      0.010441281321156468,
      0.00989893429198403,
      0.008952649395497565,
      0.008642092200524702,
      0.010512724517832032,
      0.011157553946139995,
      0.010768521395260217,
      0.011085213807008758
    ],
    "epoch_sec": [
      20.575424955000926,
      19.87693944100465,
      19.540888669005653,
      19.301052199996775,
      19.362477494003542,
      19.424535709003976,
      19.83348917499825,
      19.32835978199728,
      19.31758466899919,
      19.817379424996034,
      19.221459091000725,
      19.437862979000784,
      19.401647826001863,
      19.46013615799893,
      19.77563006800483,
      19.490809677998186,
      19.764785995997954,
      19.42447491499479,
      19.397879657000885,
      19.764783152000746,
      19.738639357994543
    ],
    "gpu_mem_mb": [
      48.626688,
      48.626688,
      48.626688,
      48.626688,
      48.626688,
      48.626688,
      48.626688,
      48.626688,
      48.626688,
      48.626688,
      48.626688,
      48.626688,
      48.626688,
      48.626688,
      48.626688,
      48.626688,
      48.626688,
      48.626688,
      48.626688,
      48.626688,
      48.626688
    ],
    "best_epoch": 16,
    "best_score": 0.472780820888442,
    "stopped_early": true,
    "epochs_ran": 21,
    "interrupted": false,
    "stop_reason": "early_stopping"
  },
  "extra": {
    "teamC_handoff": "team-artifacts/teamC_week3_FROZEN_handoff.json",
    "data_path": "data/FROZEN/BoT-IoT",
    "dataset": "BoT-IoT",
    "feature_cols": [
      "n_pkts_total",
      "n_bytes_total",
      "src_bytes",
      "rate",
      "pkt_size_min",
      "pkt_size_max",
      "pkt_size_mean",
      "pkt_size_std",
      "protocol",
      "conn_state"
    ],
    "target_col": "label_multiclass",
    "n_train": 11832,
    "class_names": [
      "DDoS",
      "DoS",
      "Normal",
      "Reconnaissance"
    ],
    "use_pca": true,
    "subset": true,
    "per_class_cap": 3000,
    "sampler": "greedy_dpp",
    "num_qubits": 5,
    "k95": 5,
    "train_mode": "CE-only",
    "epochs": 50,
    "batch_size": 64,
    "lr": 0.05,
    "noise_rate": 0.01,
    "num_layers": 2,
    "num_classes": 4,
    "train_total_sec": 411.2562403970005,
    "loss_last": 0.48155467220254844,
    "barren_plateau_var": 1e-06,
    "barren_plateau_any": false,
    "seed": 42,
    "early_stopping": true,
    "patience": 5,
    "best_epoch": 16,
    "best_score": 0.472780820888442,
    "stopped_early": true,
    "epochs_ran": 21,
    "stop_reason": "early_stopping",
    "interrupted": false,
    "checkpoint_dir": "models/prototypes/BoT-IoT/26.ce-FROZEN-feat-prototypes_bot-iot_seed42"
  }
}