{
  "history": {
    "radius_mean": [
      0.00818577034110055
    ]
  },
  "extra": {
    "dataset": "BoT-IoT",
    "notebook": "4class-20000each-lr0.05-algo3",
    "checkpoint": "artifacts/BoT-IoT/4class-20000each-lr0.05-maqt-checkpoint.pt",
    "lphi_path": null,
    "L_phi_source": "analytic_lipschitz_bound (R/2)",
    "q_source": "calibrate_threshold(X_cal) on Day-23 checkpoint",
    "q": 0.15996092557907104,
    "alpha": 0.05,
    "L_phi": 1.0,
    "p": 0.01,
    "C_f": 1.0,
    "use_pca": true,
    "num_qubits": 5,
    "num_layers": 2,
    "pipeline_reject_rate": 0.04706578451939114,
    "pipeline_acc_accepted": 0.617012869722285,
    "pipeline_macro_f1_accepted": 0.47601830684443036,
    "pipeline_radius_mean_accepted": 0.00818577034110055,
    "zeroday_detection_rate": 0.8125915080527086,
    "n_zeroday_eval": 683,
    "RQ1": {
      "TPR_zeroday": 0.8125915080527086,
      "FPR_known": 0.04706578451939114,
      "class_acc_known": 0.617012869722285,
      "alpha": 0.05,
      "n_test": 18591,
      "n_zeroday": 683
    }
  }
}