{
  "history": {
    "loss": [
      0.7683632391655516,
      0.5953167218372968,
      0.5627377853265506,
      0.5443410035267042,
      0.5386178468651656,
      0.537912230528548,
      0.541027842295485,
      0.5489996327575187,
      0.5563918253082186,
      0.5622633098469059,
      0.5749486702139522,
      0.572682718864079
    ],
    "L_CE": [
      0.7683632391655516,
      0.5867874822216833,
      0.5457539661915717,
      0.5192342061482503,
      0.5052701572101274,
      0.49607494348537423,
      0.4914258614985529,
      0.49093453273801746,
      0.4908876840225951,
      0.48792041704326333,
      0.492108790995832,
      0.4901748665435585
    ],
    "L_intra": [
      0.20486223423795807,
      0.19050788176098876,
      0.19000622424987623,
      0.1879311263790747,
      0.1871419955504651,
      0.1878989204226812,
      0.18571280770448018,
      0.18608160761434084,
      0.18384161692659148,
      0.18544360126990192,
      0.18563383455134067,
      0.18492397771341504
    ],
    "L_inter": [
      -0.49330304442828987,
      -0.49807723621798367,
      -0.5042008225021442,
      -0.5138119297345678,
      -0.5100886818818262,
      -0.5137443062496599,
      -0.5093217928676564,
      -0.5045330461084327,
      -0.502031592813317,
      -0.5059293204340725,
      -0.4988519028775008,
      -0.4977068268093558
    ],
    "val_loss": [
      0.6474645451495522,
      0.5872309296393109,
      0.5450682657663647,
      0.546885444560941,
      0.5489546309891297,
      0.5585590007443867,
      0.5242400847067415,
      0.5346924413259112,
      0.5585184330199419,
      0.578461555765749,
      0.5465044502257994,
      0.5733968173872888
    ],
    "grad_var": [
      0.0016804162351362977,
      0.003535760456712186,
      0.006344723797014296,
      0.00666386306405759,
      0.009224572199784375,
      0.010660003639637733,
      0.01052681370174741,
      0.013525762960166965,
      0.016289053713096985,
      0.016187743160073383,
      0.01609194265472184,
      0.017476698390659903
    ],
    "intra_fid_gap": [
      0.7951377657620419,
      0.8094921182390111,
      0.8099937757501239,
      0.8120688736209253,
      0.8128580044495348,
      0.8121010795773188,
      0.8142871922955196,
      0.813918392385659,
      0.8161583830734086,
      0.8145563987300982,
      0.8143661654486594,
      0.8150760222865849
    ],
    "inter_trace_dist": [
      0.49168737674058666,
      0.48453754880632555,
      0.5216287982311562,
      0.53454391148875,
      0.5073820272119225,
      0.5110250598339473,
      0.5175282860635165,
      0.49920033227111577,
      0.5066853366816847,
      0.4898976441815323,
      0.49704202947689097,
      0.5050537690246707
    ],
    "epoch_sec": [
      95.7506179149932,
      94.10855498700403,
      94.03692857500573,
      94.33101511099085,
      94.6092502859974,
      94.69332767199376,
      94.58543091299362,
      95.6584272129985,
      95.19383108599868,
      94.78537511600007,
      96.1445383560058,
      95.14914649799175
    ],
    "gpu_mem_mb": [
      49.806848,
      49.806848,
      49.806848,
      49.806848,
      49.806848,
      49.806848,
      49.806848,
      49.806848,
      49.806848,
      49.806848,
      49.806848,
      49.806848
    ],
    "best_epoch": 7,
    "best_score": 0.5242400847067415,
    "stopped_early": true,
    "epochs_ran": 12,
    "interrupted": false,
    "stop_reason": "early_stopping"
  },
  "extra": {
    "teamC_handoff": "team-artifacts/teamC_week3_FROZEN_handoff.json",
    "data_path": "data/FROZEN/BoT-IoT",
    "dataset": "BoT-IoT",
    "feature_cols": [
      "n_pkts_total",
      "n_bytes_total",
      "src_bytes",
      "rate",
      "pkt_size_min",
      "pkt_size_max",
      "pkt_size_mean",
      "pkt_size_std",
      "protocol",
      "conn_state"
    ],
    "target_col": "label_multiclass",
    "n_train": 11832,
    "class_names": [
      "DDoS",
      "DoS",
      "Normal",
      "Reconnaissance"
    ],
    "use_pca": true,
    "subset": true,
    "per_class_cap": 3000,
    "sampler": "greedy_dpp",
    "num_qubits": 5,
    "k95": 5,
    "epochs": 50,
    "batch_size": 64,
    "lr": 0.05,
    "lambda1": 0.5,
    "lambda2": 0.02,
    "noise_rate": 0.01,
    "num_layers": 2,
    "num_classes": 4,
    "train_total_sec": 1139.0464437279734,
    "loss_last": 0.572682718864079,
    "barren_plateau_var": 1e-06,
    "barren_plateau_any": false,
    "seed": 42,
    "early_stopping": true,
    "patience": 5,
    "best_epoch": 7,
    "best_score": 0.5242400847067415,
    "stopped_early": true,
    "epochs_ran": 12,
    "stop_reason": "early_stopping",
    "interrupted": false,
    "checkpoint_dir": "artifacts/BoT-IoT/4class-3000each-lr0.05-maqt_seed42"
  }
}