{
  "history": {
    "loss": [
      0.6323682887490347,
      0.5061172501048342,
      0.48547536138489555,
      0.47553657430035906,
      0.4640599332216976,
      0.46269203015544147,
      0.4627107028750192,
      0.4645677234134819,
      0.4595185447117885,
      0.4656932024460401,
      0.4677668408458681,
      0.46461890580101056,
      0.4645720023080292,
      0.46217352770283465,
      0.46279118572118816,
      0.46074685673386123,
      0.46354406457859393,
      0.4616282185429193,
      0.45852728341198884,
      0.45757724414974216,
      0.45892141354945337,
      0.4584412984804105,
      0.45753783612393584,
      0.45966314771293576
    ],
    "L_CE": [
      0.6323682887490347,
      0.50207108860376,
      0.4775267916216905,
      0.46346169631807116,
      0.44825889312628353,
      0.44292982771679273,
      0.4387807128933146,
      0.4368239468244932,
      0.4281924780151926,
      0.4302836828446639,
      0.4282786636034572,
      0.42530462598823454,
      0.4251081635018038,
      0.4232107356233419,
      0.4235346991761123,
      0.421294990926981,
      0.4241799915611858,
      0.42210154119971605,
      0.4194018751539532,
      0.4184237110854107,
      0.4202774317924425,
      0.4191233596869568,
      0.41808495652037414,
      0.4204995610304248
    ],
    "L_intra": [
      0.18204193540398278,
      0.1822860893422125,
      0.18110818571290566,
      0.18143523759090477,
      0.18046880758089723,
      0.18058182212392868,
      0.18134732097848302,
      0.18124315710001776,
      0.18018982783047463,
      0.18071231785081945,
      0.18127482661593616,
      0.18061582676120194,
      0.18100903042633157,
      0.18059114126728962,
      0.18077815761728977,
      0.1810971209345212,
      0.18098859270002682,
      0.1814830092890638,
      0.18043884751769854,
      0.18062610738793222,
      0.18000896324436275,
      0.1810040553109735,
      0.18121556504588346,
      0.18040393880365796
    ],
    "L_inter": [
      -0.5015808481440258,
      -0.5068142966036511,
      -0.5081124404042745,
      -0.504680255211594,
      -0.5073180355191335,
      -0.5076650618466694,
      -0.5079034385306724,
      -0.5098761199431067,
      -0.5093733054449244,
      -0.5101224825721388,
      -0.5114923606555717,
      -0.5099363356782496,
      -0.5104067640694037,
      -0.5133277855415206,
      -0.51132592263569,
      -0.5109669466038034,
      -0.5113022333260524,
      -0.5121482730132864,
      -0.5109401550081365,
      -0.5115952062963467,
      -0.5136049986517043,
      -0.5118408886203303,
      -0.5115490291938,
      -0.5103838271931803
    ],
    "val_loss": [
      0.7626612245269088,
      0.7425160528119624,
      0.7169113906760876,
      0.6836889218633011,
      0.7126110629585517,
      0.6864824093600869,
      0.7136986504906994,
      0.7143010804972852,
      0.675389131374031,
      0.6730481911674329,
      0.6831626707424617,
      0.7153277875369033,
      0.7727441598420403,
      0.7057541074759852,
      0.6621555900961771,
      0.670095619427522,
      0.7111597866794526,
      0.6896840983568033,
      0.6572482619336675,
      0.7017983060069072,
      0.6709580220258566,
      0.6856539788162711,
      0.7194042890466243,
      0.6786427408713386
    ],
    "lr": [
      0.01,
      0.009990232305719944,
      0.009960967771506665,
      0.009912321891107008,
      0.009844486647586722,
      0.00975772975566101,
      0.009652393605146843,
      0.009528893909706796,
      0.009387718066217124,
      0.009229423231234974,
      0.009054634122155989,
      0.008864040551740155,
      0.008658394705735985,
      0.008438508174347006,
      0.008205248749256011,
      0.00795953699884774,
      0.007702342635146031,
      0.007434680686803489,
      0.007157607493247108,
      0.006872216535789155,
      0.006579634122155988,
      0.006281014941466028,
      0.005977537507199335,
      0.005670399506143305
    ],
    "grad_var": [
      0.0026282664252303533,
      0.006707416662131269,
      0.008766887179410808,
      0.011037383833126588,
      0.013852678949133997,
      0.016281360372270806,
      0.017555595843874214,
      0.019097523343189305,
      0.019345481793476754,
      0.020142959838406537,
      0.02159984782816714,
      0.021308965094146686,
      0.021933080287893744,
      0.02217728973026423,
      0.022675167406425254,
      0.022645025182460626,
      0.023286633893487313,
      0.02299138287323381,
      0.023304457625943586,
      0.023729432872732492,
      0.024053971315691796,
      0.023566115907763786,
      0.023453943040952028,
      0.023902611846053513
    ],
    "intra_fid_gap": [
      0.8179580645960173,
      0.8177139106577875,
      0.8188918142870943,
      0.8185647624090953,
      0.8195311924191029,
      0.8194181778760714,
      0.8186526790215171,
      0.8187568428999822,
      0.8198101721695253,
      0.8192876821491806,
      0.8187251733840638,
      0.8193841732387981,
      0.8189909695736685,
      0.8194088587327103,
      0.8192218423827102,
      0.8189028790654788,
      0.8190114072999732,
      0.8185169907109363,
      0.8195611524823015,
      0.8193738926120678,
      0.8199910367556373,
      0.8189959446890266,
      0.8187844349541166,
      0.819596061196342
    ],
    "inter_trace_dist": [
      0.5101866185395084,
      0.5027160342111365,
      0.512534686013005,
      0.5031205705380168,
      0.5159063356510897,
      0.5198354178581789,
      0.511788503819813,
      0.5191485521571231,
      0.5046707501145544,
      0.5045530196545776,
      0.5111123303638455,
      0.5061029869750483,
      0.4962285890861657,
      0.5137817513958296,
      0.5055789965158923,
      0.5022306115701028,
      0.5110903930807068,
      0.5063404797487242,
      0.5159141984759651,
      0.504703500082333,
      0.5159697938070935,
      0.5144047716160228,
      0.5193878779610931,
      0.509890380312255
    ],
    "epoch_sec": [
      1769.3418299600016,
      1420.512394737998,
      1186.9091122259997,
      1186.744829563002,
      1188.6486466790084,
      1203.76197657999,
      1204.5757686019933,
      1199.24146052399,
      1202.3611313739966,
      1206.7393987660034,
      1207.569909775004,
      1201.1284919309983,
      1210.609122488997,
      1194.8980892170075,
      1191.0747748349968,
      1189.8842978299945,
      1189.8210678299947,
      1193.562841017003,
      1193.205314619001,
      1192.42192527499,
      1196.4454239820043,
      1189.457958420011,
      1188.35236063099,
      1189.3356287119968
    ],
    "gpu_mem_mb": [
      49.806848,
      49.806848,
      49.806848,
      49.806848,
      49.806848,
      49.806848,
      49.806848,
      49.806848,
      49.806848,
      49.806848,
      49.806848,
      49.806848,
      49.806848,
      49.806848,
      49.806848,
      49.806848,
      49.806848,
      49.806848,
      49.806848,
      49.806848,
      49.806848,
      49.806848,
      49.806848,
      49.806848
    ],
    "best_epoch": 19,
    "best_score": 0.6572482619336675,
    "stopped_early": true,
    "epochs_ran": 24,
    "interrupted": false,
    "stop_reason": "early_stopping"
  },
  "extra": {
    "teamC_handoff": "team-artifacts/teamC_week3_FROZEN_handoff.json",
    "data_path": "data/FROZEN/BoT-IoT",
    "dataset": "BoT-IoT",
    "feature_cols": [
      "n_pkts_total",
      "n_bytes_total",
      "src_bytes",
      "rate",
      "pkt_size_min",
      "pkt_size_max",
      "pkt_size_mean",
      "pkt_size_std",
      "protocol",
      "conn_state"
    ],
    "target_col": "label_multiclass",
    "n_train": 148729,
    "class_names": [
      "DDoS",
      "DoS",
      "Normal",
      "Reconnaissance"
    ],
    "use_pca": true,
    "subset": false,
    "per_class_cap": null,
    "sampler": null,
    "num_qubits": 5,
    "k95": 5,
    "epochs": 50,
    "batch_size": 64,
    "lr": 0.01,
    "lambda1": 0.5,
    "lambda2": 0.1,
    "noise_rate": 0.01,
    "num_layers": 2,
    "num_classes": 4,
    "train_total_sec": 29496.60375557497,
    "loss_last": 0.45966314771293576,
    "barren_plateau_var": 1e-06,
    "barren_plateau_any": false,
    "seed": 42,
    "early_stopping": true,
    "patience": 5,
    "best_epoch": 19,
    "best_score": 0.6572482619336675,
    "stopped_early": true,
    "epochs_ran": 24,
    "stop_reason": "early_stopping",
    "interrupted": false,
    "checkpoint_dir": "artifacts/BoT-IoT/4class-all-lr0.01auto-lambda2-maqt_seed42"
  }
}