{
  "history": {
    "loss": [
      1.0397897291326237,
      0.7008232492691538,
      0.5980204805984825,
      0.5201402408473905,
      0.44490635274727114,
      0.37483343057792146,
      0.31853381524219715,
      0.2677694309917492,
      0.21601737056200143,
      0.16757966696153623,
      0.13131157719617273,
      0.12811425580578986,
      0.121862416551847,
      0.12109716805340294,
      0.117352753724686,
      0.12022633730484811,
      0.11002204213584384,
      0.10804597419167422,
      0.11632993527886679,
      0.10517345666206349,
      0.08209227720920143,
      0.0992302389812593,
      0.08737937471657824,
      0.09929173480297301,
      0.09962198775488443,
      0.08257963436299257,
      0.0858673961112152,
      0.08436354157350143,
      0.0882578174325635,
      0.09565453897493063,
      0.08005016442558205,
      0.08665251877558099,
      0.09882789805964233,
      0.09299801257360989,
      0.07649689033457542,
      0.07077415878120993
    ],
    "L_CE": [
      1.0397897291326237,
      0.7390063972530251,
      0.6742699849391411,
      0.6347059682457746,
      0.5981243424072951,
      0.5666781587158135,
      0.5491145858150757,
      0.5354567553825721,
      0.5219174305835884,
      0.5132508727604758,
      0.5136699426673843,
      0.5082041078698849,
      0.5024596238564588,
      0.5011985724914574,
      0.4972262029162424,
      0.4977979345949824,
      0.4912927122173195,
      0.48727083456016584,
      0.4952344244825626,
      0.48791164962831374,
      0.46539451601262577,
      0.48041246661882914,
      0.4685338623152522,
      0.47894026919039423,
      0.4781393797811634,
      0.4643528795170927,
      0.46557400326528947,
      0.4661754433980245,
      0.4690844732487273,
      0.4740784100429741,
      0.4615840926141796,
      0.4679406105044359,
      0.4774218360464016,
      0.4706874048995401,
      0.45760093424134624,
      0.4531148905882578
    ],
    "L_intra": [
      0.19684009477090658,
      0.19587440781397839,
      0.2016220614285975,
      0.1992560386195168,
      0.20067386433696546,
      0.2001817468170763,
      0.19655763870686405,
      0.19811109191205892,
      0.19377360962292087,
      0.1957282422890978,
      0.19984229762865743,
      0.1919742630222427,
      0.18870657240306898,
      0.18748976231762113,
      0.18856021565099212,
      0.18645983271927802,
      0.1910663180014566,
      0.18820834702490313,
      0.18634604659876486,
      0.18902047387583268,
      0.18495706086383326,
      0.18635535982338508,
      0.1872005326087791,
      0.18704481711440343,
      0.1838835633665057,
      0.1837505444074578,
      0.1846242165053443,
      0.18638494248371745,
      0.18437888766159474,
      0.18366962643964654,
      0.18792636008958347,
      0.18906523407733553,
      0.18673677780747275,
      0.18481926715281924,
      0.18588241177216752,
      0.18803359577379605
    ],
    "L_inter": [
      -0.6715629471461931,
      -0.6764697491171584,
      -0.6784587908708047,
      -0.6782428041500826,
      -0.6807081051231186,
      -0.6814385344324532,
      -0.6805534925172666,
      -0.6784653390097588,
      -0.676242979094769,
      -0.6798021780451203,
      -0.6792520055888918,
      -0.6718808467597501,
      -0.6710157215115524,
      -0.6696561000043475,
      -0.669845939933915,
      -0.6653080940719638,
      -0.6732159924575096,
      -0.6686872952828934,
      -0.667270734214073,
      -0.6744165899170832,
      -0.6732394983158928,
      -0.6707265096655862,
      -0.6711070656963197,
      -0.6687474606593551,
      -0.6654529817230693,
      -0.6703195830432744,
      -0.6676251493952089,
      -0.6716953527941664,
      -0.6691995284007425,
      -0.6652043148380709,
      -0.6720448894214547,
      -0.6722418469308722,
      -0.6669955676715534,
      -0.6646662886156977,
      -0.670371575441797,
      -0.6733209369884858
    ],
    "val_loss": [
      0.8155184890094557,
      0.6808391390642942,
      0.5908073140914624,
      0.5077832855434629,
      0.43137680943488144,
      0.37289706837573994,
      0.3216586050463398,
      0.2664103029574188,
      0.2183042041037925,
      0.17619078435168642,
      0.12873146931113463,
      0.12711931886397243,
      0.13280468878523202,
      0.1179150455010077,
      0.11277558125974413,
      0.11687926276734366,
      0.11187262496182111,
      0.1072314124510184,
      0.11270572341522204,
      0.09389938777101565,
      0.09591294543760877,
      0.10098353663173217,
      0.09676300535861951,
      0.09548748219114254,
      0.08990752050785884,
      0.08613187551136789,
      0.09010862488834377,
      0.0860950053714195,
      0.08798316269894595,
      0.08987575833625906,
      0.08335948559213917,
      0.08672000381720767,
      0.08800278073050381,
      0.08240359742475771,
      0.08539342925966058,
      0.08381101400223924
    ],
    "lr": [
      0.01,
      0.009990232305719944,
      0.009960967771506665,
      0.009912321891107008,
      0.009844486647586722,
      0.00975772975566101,
      0.009652393605146843,
      0.009528893909706796,
      0.009387718066217124,
      0.009229423231234974,
      0.009054634122155989,
      0.008864040551740155,
      0.008658394705735985,
      0.008438508174347006,
      0.008205248749256011,
      0.00795953699884774,
      0.007702342635146031,
      0.007434680686803489,
      0.007157607493247108,
      0.006872216535789155,
      0.006579634122155988,
      0.006281014941466028,
      0.005977537507199335,
      0.005670399506143305,
      0.005360813071670099,
      0.005049999999999998,
      0.004739186928329897,
      0.004429600493856692,
      0.004122462492800662,
      0.0038189850585339667,
      0.0035203658778440103,
      0.003227783464210844,
      0.0029423925067528886,
      0.002665319313196507,
      0.002397657364853964,
      0.002140463001152257
    ],
    "grad_var": [
      0.00047797127748828403,
      0.0008625163693482218,
      0.001030725208627831,
      0.0014540476660546708,
      0.0019057087529127201,
      0.0025558149403562035,
      0.002798348962636748,
      0.0029203634661891424,
      0.003129081042660512,
      0.0034636341089042586,
      0.003909986710676388,
      0.004677240926393135,
      0.004492143542689835,
      0.005065440065206536,
      0.005039690632281078,
      0.004874586942082851,
      0.005495923952426773,
      0.00595828397673538,
      0.0062030142707845005,
      0.007228118192173072,
      0.006025448818635307,
      0.006558701684586927,
      0.007219291509102617,
      0.00760664772587371,
      0.006959498071524421,
      0.007420611346815294,
      0.007774065097746534,
      0.006779895952490052,
      0.008196715004100815,
      0.007791023940533891,
      0.007351362966921203,
      0.007755335629847972,
      0.007166925697827232,
      0.008622738533419093,
      0.007206894225206695,
      0.007209911140296775
    ],
    "intra_fid_gap": [
      0.8031599052290935,
      0.8041255921860218,
      0.7983779385714026,
      0.8007439613804831,
      0.7993261356630346,
      0.7998182531829238,
      0.8034423612931362,
      0.8018889080879409,
      0.8062263903770792,
      0.8042717577109024,
      0.8001577023713426,
      0.8080257369777576,
      0.811293427596931,
      0.812510237682379,
      0.8114397843490079,
      0.813540167280722,
      0.8089336819985434,
      0.811791652975097,
      0.8136539534012353,
      0.8109795261241675,
      0.8150429391361668,
      0.8136446401766149,
      0.8127994673912209,
      0.8129551828855964,
      0.8161164366334942,
      0.8162494555925424,
      0.8153757834946557,
      0.8136150575162827,
      0.8156211123384053,
      0.8163303735603537,
      0.8120736399104166,
      0.8109347659226646,
      0.8132632221925273,
      0.8151807328471808,
      0.8141175882278325,
      0.8119664042262037
    ],
    "inter_trace_dist": [
      0.5070089864544967,
      0.4828650443038042,
      0.5088186991215764,
      0.5270974428289603,
      0.5045368035336857,
      0.5101060260969341,
      0.5180468126333769,
      0.5050593535834934,
      0.5128738378386956,
      0.494350538396848,
      0.5034005601438659,
      0.5109901154383126,
      0.49123023632264623,
      0.5207496170539311,
      0.5175731736948667,
      0.5027759573240204,
      0.5003407067753404,
      0.524795025440145,
      0.49984204404624594,
      0.5342390189922914,
      0.5183563523990613,
      0.5023429134200206,
      0.5179034010148869,
      0.5163782587174294,
      0.5178334715003414,
      0.5234911539943036,
      0.5190818473948418,
      0.5302809995299139,
      0.5169134521663867,
      0.5056733218234934,
      0.533180089168209,
      0.5057244978543606,
      0.5188072562878691,
      0.5246858028872035,
      0.5159452658831013,
      0.5219059555214757
    ],
    "epoch_sec": [
      130.67933462699875,
      132.19155354099348,
      133.61034728799132,
      134.14616107699112,
      134.14180767000653,
      134.76070178099326,
      133.99735789300757,
      133.81922149198363,
      133.39110938902013,
      134.22077154301223,
      133.67356704498525,
      132.36162479000632,
      131.14243548800005,
      131.49226389700198,
      131.20925714299665,
      131.4295851259958,
      130.78740862201084,
      130.99576290199184,
      130.89732822298538,
      131.1467913009983,
      130.59624606900616,
      131.484244080988,
      130.66056177698192,
      130.41208099099458,
      130.51327676701476,
      131.26926642999751,
      131.3379648590053,
      131.6017947460059,
      131.2410982309957,
      130.5764497279888,
      131.2929249519948,
      131.57983643200714,
      131.99782168501406,
      131.53197249301593,
      131.52587581801345,
      131.40633053999045
    ],
    "gpu_mem_mb": [
      49.806848,
      49.806848,
      49.806848,
      49.806848,
      49.806848,
      49.806848,
      49.806848,
      49.806848,
      49.806848,
      49.806848,
      49.806848,
      49.806848,
      49.806848,
      49.806848,
      49.806848,
      49.806848,
      49.806848,
      49.806848,
      49.806848,
      49.806848,
      49.806848,
      49.806848,
      49.806848,
      49.806848,
      49.806848,
      49.806848,
      49.806848,
      49.806848,
      49.806848,
      49.806848,
      49.806848,
      49.806848,
      49.806848,
      49.806848,
      49.806848,
      49.806848
    ],
    "best_epoch": 31,
    "best_score": 0.08335948559213917,
    "stopped_early": true,
    "epochs_ran": 36,
    "interrupted": false,
    "stop_reason": "early_stopping"
  },
  "extra": {
    "teamC_handoff": "team-artifacts/teamC_week3_FROZEN_handoff.json",
    "data_path": "data/FROZEN/BoT-IoT",
    "dataset": "BoT-IoT",
    "feature_cols": [
      "n_pkts_total",
      "n_bytes_total",
      "src_bytes",
      "rate",
      "pkt_size_min",
      "pkt_size_max",
      "pkt_size_mean",
      "pkt_size_std",
      "protocol",
      "conn_state"
    ],
    "target_col": "label_multiclass",
    "n_train": 11832,
    "class_names": [
      "DDoS",
      "DoS",
      "Normal",
      "Reconnaissance"
    ],
    "use_pca": true,
    "subset": true,
    "per_class_cap": 3000,
    "sampler": "greedy_dpp",
    "num_qubits": 5,
    "k95": 5,
    "epochs": 50,
    "batch_size": 64,
    "lr": 0.01,
    "lambda1": 0.33,
    "lambda2": 0.66,
    "noise_rate": 0.01,
    "num_layers": 2,
    "num_classes": 4,
    "train_total_sec": 4749.122136436985,
    "loss_last": 0.07077415878120993,
    "barren_plateau_var": 1e-06,
    "barren_plateau_any": false,
    "seed": 42,
    "early_stopping": true,
    "patience": 5,
    "best_epoch": 31,
    "best_score": 0.08335948559213917,
    "stopped_early": true,
    "epochs_ran": 36,
    "stop_reason": "early_stopping",
    "interrupted": false,
    "checkpoint_dir": "artifacts/BoT-IoT/4class-3000each-lr0.01auto-newlambdas-maqt_seed42"
  }
}