{
  "history": {
    "loss": [
      1.0397897291326237,
      0.7430793000178837,
      0.6826878422121995,
      0.6482691298310291,
      0.6223435898787777,
      0.5962145656038538,
      0.5783542220660369,
      0.5689145433165136,
      0.5571543610589125,
      0.5513972566131321,
      0.5568921991610353,
      0.5504584627121625,
      0.5454162336430232,
      0.543028193429805,
      0.5399457419802166,
      0.5392719096254402,
      0.5334566790343294,
      0.5285446859166213,
      0.5373567270869255,
      0.5289229821074398,
      0.5083213941951232,
      0.5231943453259503,
      0.5108700773108461,
      0.5220862241670277,
      0.5215848698502115,
      0.5051048150259894,
      0.509392894235689,
      0.5080678837912116,
      0.5121014445150931,
      0.5151053033794304,
      0.5049868482735513,
      0.5115137574306924,
      0.5189862716694881,
      0.512457316029304,
      0.5016106844477988,
      0.49660560661598907,
      0.5044956416636425,
      0.509824845376104,
      0.49602232561563864,
      0.4987064035936459,
      0.5091270471988804,
      0.5017205890265336,
      0.5057388961103936,
      0.504329136347693,
      0.5101343890874868,
      0.5046169421859085,
      0.49933055200845977,
      0.4966610014308144
    ],
    "L_CE": [
      1.0397897291326237,
      0.7388778846420928,
      0.6740722577728911,
      0.6358468384442929,
      0.6056390802660389,
      0.5755894414322105,
      0.553880397788065,
      0.5394936899938984,
      0.5246154351862605,
      0.5143564463018657,
      0.515019073636232,
      0.5087850930804978,
      0.504195063235517,
      0.5013927633533934,
      0.4983248398332539,
      0.4991232162107251,
      0.4919714795615145,
      0.48728090935124607,
      0.4969000856498044,
      0.48795335931692296,
      0.4698702632310148,
      0.48326582376828453,
      0.47061700574652165,
      0.48196386434360894,
      0.48242770661850887,
      0.4658218327753558,
      0.46979399908802466,
      0.46811744659960625,
      0.47295513499282793,
      0.47564692536513964,
      0.4643108793004544,
      0.4705458916946799,
      0.47903506555956993,
      0.47318495390657894,
      0.46233324269334714,
      0.45614673491723523,
      0.4649246923937769,
      0.469226017683566,
      0.4569556448987858,
      0.46005090285917954,
      0.4694648906142412,
      0.461863443166196,
      0.4655888610614274,
      0.4643086314558269,
      0.47016786850855025,
      0.4656585826131398,
      0.4599372933724683,
      0.45831311373653527
    ],
    "L_intra": [
      0.19684009477090658,
      0.18541594346822457,
      0.18660889316676046,
      0.18447442409988657,
      0.18508145127574796,
      0.1855053704196474,
      0.18466267695332916,
      0.18669000668508645,
      0.18387868691315415,
      0.1857814062724404,
      0.18601688497623217,
      0.18535407925573477,
      0.18495987574972408,
      0.18528796673238826,
      0.18530698657352768,
      0.18138194562573995,
      0.18547878991488934,
      0.1841411102357931,
      0.18215033815906717,
      0.1842994275155492,
      0.17950419052113425,
      0.18188855210376909,
      0.1829978819553003,
      0.18210407501485007,
      0.17910061725963938,
      0.18001040260660092,
      0.18007664690867045,
      0.18165065564484387,
      0.1797127922688676,
      0.17932127830257327,
      0.1828143752252664,
      0.18320940396537003,
      0.18033207549987093,
      0.1785303225050698,
      0.17986688697771555,
      0.18244101604684243,
      0.17972295062352558,
      0.1815718486779382,
      0.17793174618213878,
      0.1781814888743763,
      0.17914124382276939,
      0.17993075592040206,
      0.180642741592777,
      0.18084137445476584,
      0.17962037206038614,
      0.17848691326931856,
      0.17968679673414845,
      0.17696822603703444
    ],
    "L_inter": [
      -0.5046855467952921,
      -0.5069381797620222,
      -0.5022652438683796,
      -0.5082957409415564,
      -0.5077945160602689,
      -0.5150243686653739,
      -0.5154163134671119,
      -0.5131521288166427,
      -0.5126568611576204,
      -0.517342472348131,
      -0.5113531696331285,
      -0.5100366999620272,
      -0.5125876746735599,
      -0.5100855328978252,
      -0.5103259113980116,
      -0.5054227939815484,
      -0.5125419548462968,
      -0.5080677855252147,
      -0.5061852764241257,
      -0.5118009096725772,
      -0.5130096429645875,
      -0.5101575449421873,
      -0.5124586941332575,
      -0.5092967768400622,
      -0.503931453981172,
      -0.5072221905266676,
      -0.5043942830667092,
      -0.5087489063081655,
      -0.5071008661216861,
      -0.5020226113699591,
      -0.5073121863953628,
      -0.5063683624667249,
      -0.5021483164001734,
      -0.4999279912980982,
      -0.5065600173440611,
      -0.507616363246673,
      -0.5029052604189718,
      -0.501870966464311,
      -0.49899192374216544,
      -0.5043524370272179,
      -0.4990846532674556,
      -0.501082320998634,
      -0.5017133574742235,
      -0.5040018233551669,
      -0.49843665451256514,
      -0.5028509706189067,
      -0.5045013973108271,
      -0.5013622532423815
    ],
    "val_loss": [
      0.8155184890094557,
      0.7220605284945144,
      0.6743250495059369,
      0.6382883990648336,
      0.6137040550839483,
      0.5907761999893456,
      0.5790447561456528,
      0.5623962721909435,
      0.561303162123532,
      0.5557225414026391,
      0.5539805802523844,
      0.5445001766717826,
      0.5431155897762122,
      0.5364911624545596,
      0.5308927445632887,
      0.5318271386436347,
      0.5247362489950711,
      0.5222208659548667,
      0.5208615822537478,
      0.5157195043615524,
      0.5118830899483219,
      0.5150445595829907,
      0.5080111851621946,
      0.5138754944802768,
      0.5076000846261748,
      0.5057999973576176,
      0.5090881146572929,
      0.5010452437670625,
      0.5012553679976471,
      0.5016609105661485,
      0.4994773822883329,
      0.5012055431353374,
      0.5010047165361268,
      0.4977713450455401,
      0.49928190064125194,
      0.4999301432935078,
      0.4991834762348599,
      0.49855224046006247,
      0.495869990870422,
      0.49575351343274315,
      0.49646809037057993,
      0.4959244429646983,
      0.49425869503320313,
      0.4954694774756745,
      0.4947215385716552,
      0.4963562758543926,
      0.4963635568131641,
      0.4939422346924337
    ],
    "lr": [
      0.01,
      0.009990232305719944,
      0.009960967771506665,
      0.009912321891107008,
      0.009844486647586722,
      0.00975772975566101,
      0.009652393605146843,
      0.009528893909706796,
      0.009387718066217124,
      0.009229423231234974,
      0.009054634122155989,
      0.008864040551740155,
      0.008658394705735985,
      0.008438508174347006,
      0.008205248749256011,
      0.00795953699884774,
      0.007702342635146031,
      0.007434680686803489,
      0.007157607493247108,
      0.006872216535789155,
      0.006579634122155988,
      0.006281014941466028,
      0.005977537507199335,
      0.005670399506143305,
      0.005360813071670099,
      0.005049999999999998,
      0.004739186928329897,
      0.004429600493856692,
      0.004122462492800662,
      0.0038189850585339667,
      0.0035203658778440103,
      0.003227783464210844,
      0.0029423925067528886,
      0.002665319313196507,
      0.002397657364853964,
      0.002140463001152257,
      0.0018947512507439847,
      0.00166149182565299,
      0.0014416052942640132,
      0.001235959448259843,
      0.00104536587784401,
      0.000870576768765026,
      0.000712281933782875,
      0.000571106090293204,
      0.0004476063948531556,
      0.0003422702443389899,
      0.00025551335241327664,
      0.0001876781088929908
    ],
    "grad_var": [
      0.00047797127748828403,
      0.0008954080727061502,
      0.001207926562055074,
      0.0016989235107126104,
      0.0020445551447713928,
      0.002895140691735631,
      0.00311496570981024,
      0.003201287227765027,
      0.0035247505859619644,
      0.003653696674224781,
      0.004277650143848007,
      0.00505319026819553,
      0.004928361751873905,
      0.0056123522916825454,
      0.005448414657256583,
      0.005194417949665539,
      0.006229807837698246,
      0.006437182410419389,
      0.007281334849400725,
      0.008428356582006094,
      0.007465696161679789,
      0.007368686649576108,
      0.007983924897874198,
      0.008560310585304404,
      0.007804039699474383,
      0.008125513638502188,
      0.00864998917450883,
      0.007615494450155511,
      0.008978515395666,
      0.008442899993339185,
      0.008532642660813106,
      0.009044183525856316,
      0.0080625933746969,
      0.009710832454179119,
      0.008240389250411267,
      0.008505048076057538,
      0.010319421478075918,
      0.010506565473112139,
      0.009047267415134157,
      0.0090386928581984,
      0.008722750853271708,
      0.008205727447510256,
      0.009067027440781198,
      0.008494178447691155,
      0.009041487177085231,
      0.007909312913463378,
      0.00816326361730929,
      0.007803884534929282
    ],
    "intra_fid_gap": [
      0.8031599052290935,
      0.8145840565317753,
      0.8133911068332395,
      0.8155255759001135,
      0.8149185487242521,
      0.8144946295803526,
      0.8153373230466706,
      0.8133099933149137,
      0.8161213130868458,
      0.8142185937275596,
      0.8139831150237679,
      0.8146459207442651,
      0.8150401242502758,
      0.8147120332676118,
      0.8146930134264724,
      0.8186180543742602,
      0.8145212100851105,
      0.815858889764207,
      0.8178496618409329,
      0.8157005724844507,
      0.8204958094788657,
      0.8181114478962309,
      0.8170021180446998,
      0.81789592498515,
      0.8208993827403603,
      0.819989597393399,
      0.8199233530913296,
      0.818349344355156,
      0.8202872077311326,
      0.8206787216974268,
      0.8171856247747336,
      0.81679059603463,
      0.8196679245001292,
      0.82146967749493,
      0.8201331130222843,
      0.8175589839531576,
      0.8202770493764745,
      0.8184281513220618,
      0.8220682538178613,
      0.8218185111256238,
      0.8208587561772307,
      0.8200692440795979,
      0.8193572584072231,
      0.8191586255452341,
      0.8203796279396139,
      0.8215130867306815,
      0.8203132032658514,
      0.8230317739629657
    ],
    "inter_trace_dist": [
      0.5070089864544967,
      0.48514523030734785,
      0.515565195455617,
      0.529480348257576,
      0.5073644579632158,
      0.513648340204465,
      0.5257865196774557,
      0.5087561397403572,
      0.5180546646780951,
      0.5018258045919813,
      0.5090282054079802,
      0.517931671446505,
      0.4942753306986001,
      0.5249081751626727,
      0.5180789387727757,
      0.5029790545861323,
      0.5013001798334283,
      0.5243638196447535,
      0.4969069002757669,
      0.5306610677806916,
      0.5148587822929547,
      0.4997269612850968,
      0.5148991317501994,
      0.5109687677241758,
      0.5116000297913589,
      0.5171588771368779,
      0.5119438156840617,
      0.5238488466071295,
      0.5105643710818494,
      0.4967825898023224,
      0.5236057526111559,
      0.4967597023154371,
      0.50911730307012,
      0.5176470333350806,
      0.5054134557491504,
      0.5120182721984677,
      0.4840297289138455,
      0.497746997206769,
      0.5042051469990724,
      0.5104261853249941,
      0.5009509004206089,
      0.49649145617911655,
      0.5039787754551871,
      0.4987467119831912,
      0.5011731409171375,
      0.4936314131456765,
      0.507570154016168,
      0.5112169982182984
    ],
    "epoch_sec": [
      127.72177643398754,
      126.45803475301364,
      125.76201841901639,
      126.13881951800431,
      126.24718148299144,
      121.75764416501625,
      123.07533617000445,
      118.76727330099675,
      125.40843302899157,
      125.9815463499981,
      118.25594856002135,
      116.62989898098749,
      125.4434039289772,
      124.25114641501568,
      126.3146925100009,
      120.38996037800098,
      124.72436860698508,
      125.18425492101233,
      126.24628158699488,
      125.05550792600843,
      125.70813912397716,
      126.29297052900074,
      126.14030902899685,
      117.7019767560123,
      118.31020523599,
      124.26808701301343,
      125.40978211400216,
      121.6100966160011,
      125.85448982400703,
      107.59996971199871,
      126.21183930299594,
      124.55743757201708,
      113.91119802100002,
      122.3981764090131,
      125.24099532098626,
      125.1241433499963,
      121.74936052999692,
      126.10960081900703,
      120.79671040602261,
      126.24770947100478,
      121.02002293901751,
      124.83432037101011,
      125.4716813940031,
      125.48039271798916,
      125.56259488299838,
      123.52125621098094,
      126.01204925900674,
      124.41902277598274
    ],
    "gpu_mem_mb": [
      49.806848,
      49.806848,
      49.806848,
      49.806848,
      49.806848,
      49.806848,
      49.806848,
      49.806848,
      49.806848,
      49.806848,
      49.806848,
      49.806848,
      49.806848,
      49.806848,
      49.806848,
      49.806848,
      49.806848,
      49.806848,
      49.806848,
      49.806848,
      49.806848,
      49.806848,
      49.806848,
      49.806848,
      49.806848,
      49.806848,
      49.806848,
      49.806848,
      49.806848,
      49.806848,
      49.806848,
      49.806848,
      49.806848,
      49.806848,
      49.806848,
      49.806848,
      49.806848,
      49.806848,
      49.806848,
      49.806848,
      49.806848,
      49.806848,
      49.806848,
      49.806848,
      49.806848,
      49.806848,
      49.806848,
      49.806848
    ],
    "best_epoch": 43,
    "best_score": 0.49425869503320313,
    "stopped_early": true,
    "epochs_ran": 48,
    "interrupted": false,
    "stop_reason": "early_stopping"
  },
  "extra": {
    "teamC_handoff": "team-artifacts/teamC_week3_FROZEN_handoff.json",
    "data_path": "data/FROZEN/BoT-IoT",
    "dataset": "BoT-IoT",
    "feature_cols": [
      "n_pkts_total",
      "n_bytes_total",
      "src_bytes",
      "rate",
      "pkt_size_min",
      "pkt_size_max",
      "pkt_size_mean",
      "pkt_size_std",
      "protocol",
      "conn_state"
    ],
    "target_col": "label_multiclass",
    "n_train": 11832,
    "class_names": [
      "DDoS",
      "DoS",
      "Normal",
      "Reconnaissance"
    ],
    "use_pca": true,
    "subset": true,
    "per_class_cap": 3000,
    "sampler": "greedy_dpp",
    "num_qubits": 5,
    "k95": 5,
    "epochs": 50,
    "batch_size": 64,
    "lr": 0.01,
    "lambda1": 0.5,
    "lambda2": 0.1,
    "noise_rate": 0.01,
    "num_layers": 2,
    "num_classes": 4,
    "train_total_sec": 5927.378065142053,
    "loss_last": 0.4966610014308144,
    "barren_plateau_var": 1e-06,
    "barren_plateau_any": false,
    "seed": 42,
    "early_stopping": true,
    "patience": 5,
    "best_epoch": 43,
    "best_score": 0.49425869503320313,
    "stopped_early": true,
    "epochs_ran": 48,
    "stop_reason": "early_stopping",
    "interrupted": false,
    "checkpoint_dir": "artifacts/BoT-IoT/4class-3000each-lr0.01auto-lambda2-maqt_seed42"
  }
}