{
  "history": {
    "loss": [
      1.3384380233018918,
      1.2507751741916056,
      1.149612035876674,
      1.0497700637529368,
      0.9828915482241375,
      0.9326633661469254,
      0.9004224171140209,
      0.8755972387495438,
      0.8532711831031593,
      0.8456379750369007,
      0.8394661327873776,
      0.8258085679522703,
      0.8124159892664591,
      0.8045737934861021,
      0.7964913761362843,
      0.784712579580323,
      0.7767422315076133,
      0.7632227831544399,
      0.758020376508507,
      0.747495694807678,
      0.7395442685142983,
      0.7333536376910573,
      0.7285937896654628,
      0.7140645380861663,
      0.7147081278495268,
      0.7082535067671639,
      0.7057942185490235,
      0.6992987293754089,
      0.6895538767438287,
      0.6844706850381012,
      0.6894474427911461,
      0.6827735950530487,
      0.676581120886059,
      0.6725727469028413,
      0.6679692093368731,
      0.6620499207349141,
      0.6617071411869685,
      0.6566115730759141,
      0.6504674275841867,
      0.6503654001853731,
      0.6503506989743509,
      0.6508177076767675,
      0.6477246302071864,
      0.6391022221580281,
      0.6360929939461221,
      0.6344787749914599,
      0.632893114849139,
      0.63828343191048,
      0.6270267155053791,
      0.6287748978670845
    ],
    "L_CE": [
      1.3384380233018918,
      1.2418932505418783,
      1.132319358357212,
      1.0252921107717623,
      0.9506006602356607,
      0.8925554994353675,
      0.8519692634580129,
      0.8194690009107566,
      0.7886391540517783,
      0.7730106039154798,
      0.7589424268942428,
      0.7455601318737021,
      0.7325052860984229,
      0.7245209732450041,
      0.716037614901263,
      0.7043423997728449,
      0.6974129670843444,
      0.6834751472138522,
      0.6787758692165365,
      0.6680011362360235,
      0.6607088609446857,
      0.6537862324475644,
      0.6484229503418868,
      0.634262422123051,
      0.6336004062553396,
      0.6280875925282786,
      0.6257644453293698,
      0.6186629431438924,
      0.6091790614570293,
      0.6043394868236437,
      0.6099105110592711,
      0.6023804782924795,
      0.5968964308276212,
      0.5926855307324488,
      0.5870453643619566,
      0.5816314109883511,
      0.581463095463607,
      0.5764800217516142,
      0.5700752630568388,
      0.5704357331259209,
      0.5702962828309912,
      0.5708297525432176,
      0.5679168315011457,
      0.5594984573081023,
      0.5568059292951024,
      0.5553705418169648,
      0.5535031775185338,
      0.5572813181650071,
      0.546372853350221,
      0.5497103699466639
    ],
    "L_intra": [
      0.19966432670517661,
      0.19805431093731055,
      0.19323097403577186,
      0.18338852744400205,
      0.18174214729927646,
      0.18072980368341068,
      0.18180234042598806,
      0.18065559967620642,
      0.18193134416310736,
      0.1817400406212821,
      0.18140569272899879,
      0.18090311635250705,
      0.1802075046557697,
      0.1803442951521459,
      0.1810911176963502,
      0.18096542247877856,
      0.17888162851256317,
      0.17972983992994332,
      0.1786483432336769,
      0.17926860511410386,
      0.17793885445958213,
      0.1793109970147134,
      0.18055198792507515,
      0.17990958497374537,
      0.1824764425425764,
      0.18048195654258156,
      0.18024696460206455,
      0.1814467096342514,
      0.1810059763158872,
      0.18047296132229274,
      0.17913754632692344,
      0.18094423569890214,
      0.1794605338993746,
      0.17985080888487814,
      0.1820271968671769,
      0.1809719592016569,
      0.18060687780236087,
      0.1805329187536329,
      0.1809362526482013,
      0.18003948208992138,
      0.18015506864815964,
      0.18002193301365046,
      0.17964625665029077,
      0.1793391356849371,
      0.17869695128001642,
      0.17831579169408082,
      0.17878980702336977,
      0.18217728917096201,
      0.18139532252862872,
      0.17823487300313923
    ],
    "L_inter": [
      -0.4995956097950497,
      -0.5103959485690861,
      -0.5076049710288207,
      -0.5050543559043447,
      -0.5071926839223166,
      -0.5074584209294764,
      -0.5072957059823604,
      -0.5072301462775043,
      -0.508781788366375,
      -0.5086470643420052,
      -0.508957023568244,
      -0.5101561048842634,
      -0.5096524579924387,
      -0.5059663667487433,
      -0.5045898806576931,
      -0.5056265715955521,
      -0.5055774916506371,
      -0.5058642012191981,
      -0.5039832162434063,
      -0.5069871992698709,
      -0.5067009830089286,
      -0.504404663193196,
      -0.5052577319480771,
      -0.507633826187867,
      -0.5065249838550554,
      -0.5037532016202807,
      -0.5046854540689272,
      -0.5043784292804576,
      -0.5064086435572113,
      -0.5052641223344401,
      -0.5015920715793359,
      -0.5039500544440887,
      -0.5022788445624755,
      -0.501909413602329,
      -0.5044876729336006,
      -0.5033734927132711,
      -0.5029696588909502,
      -0.5067454026258308,
      -0.5037980898376337,
      -0.50450369927542,
      -0.5011559090360033,
      -0.5011505686637637,
      -0.5007664809552369,
      -0.5032901496271417,
      -0.5030705494494299,
      -0.5024831336272649,
      -0.500248309053985,
      -0.5043265420004082,
      -0.5021899554578114,
      -0.5026454290574468
    ],
    "val_loss": [
      1.3011162439982096,
      1.2013322298548377,
      1.1108773309494824,
      1.0447572089744053,
      1.002295806816639,
      0.9769391312361454,
      0.9573449913174575,
      0.9394587027827046,
      0.9328627053169255,
      0.932919840008423,
      0.9234406843403798,
      0.9140201845660839,
      0.9096541274407579,
      0.89833835190534,
      0.8899225456928167,
      0.8840796237660866,
      0.8731621711792185,
      0.867942034579308,
      0.8590213260684385,
      0.8540115010202698,
      0.8461684391073119,
      0.8422199616004881,
      0.8397304288829973,
      0.8296952557784544,
      0.8261117233423556,
      0.8178651030515269,
      0.8174509520819387,
      0.8098090047394022,
      0.8040719430037098,
      0.8016906194892675,
      0.7981035527340616,
      0.7933972077226122,
      0.7883826239009567,
      0.7833391640324874,
      0.7830295813131479,
      0.7788006508886852,
      0.7761757272107805,
      0.7690205709047357,
      0.7681496707118921,
      0.7648731491299992,
      0.7619832793840463,
      0.7597834641768657,
      0.7564064607129181,
      0.7559038129001449,
      0.7501465835100618,
      0.7482787881577361,
      0.7490708110646166,
      0.7451812157818996,
      0.746420909326617,
      0.7400956932862387
    ],
    "grad_var": [
      0.0002751230247230339,
      0.0004971722541140617,
      0.0006294539277056666,
      0.0005619361625048029,
      0.0004528400321598433,
      0.0004906478987272623,
      0.0005012110257001195,
      0.0005243345461949183,
      0.0005742380397391674,
      0.000626346708944547,
      0.0007213533056056988,
      0.0007634640731015779,
      0.000744218760028754,
      0.0007829712036587729,
      0.0008988423516009853,
      0.000971156289927337,
      0.001006643646948867,
      0.0011002081572903872,
      0.0011321108029364027,
      0.0011337375953118958,
      0.0011927186887326737,
      0.0013175716822138896,
      0.0013023057006758155,
      0.0013686453305837816,
      0.0014789823627532378,
      0.0014861878069651017,
      0.0018035326348013715,
      0.001811646298927116,
      0.001801949810745973,
      0.0017073347344581694,
      0.0018596192441832852,
      0.0019186266076405016,
      0.0020384871294981052,
      0.0022498502631357786,
      0.0021426492297869026,
      0.002309065698119368,
      0.0025349322485519843,
      0.0025338875418304254,
      0.002485548975127037,
      0.0025766176978849168,
      0.0026922326919098702,
      0.0029240684985839074,
      0.0031601176003430665,
      0.0031703820089645624,
      0.003138437211562536,
      0.003085770348613886,
      0.003282185529465472,
      0.003619607620190404,
      0.0033673263948678007,
      0.003731045379177352
    ],
    "intra_fid_gap": [
      0.8003356732948234,
      0.8019456890626896,
      0.8067690259642282,
      0.816611472555998,
      0.8182578527007237,
      0.8192701963165893,
      0.8181976595740118,
      0.8193444003237935,
      0.8180686558368927,
      0.8182599593787179,
      0.8185943072710011,
      0.8190968836474929,
      0.8197924953442302,
      0.8196557048478541,
      0.8189088823036498,
      0.8190345775212216,
      0.8211183714874367,
      0.8202701600700566,
      0.821351656766323,
      0.8207313948858962,
      0.8220611455404179,
      0.8206890029852866,
      0.8194480120749249,
      0.8200904150262546,
      0.8175235574574236,
      0.8195180434574184,
      0.8197530353979353,
      0.8185532903657486,
      0.8189940236841127,
      0.8195270386777073,
      0.8208624536730766,
      0.8190557643010979,
      0.8205394661006256,
      0.8201491911151217,
      0.8179728031328232,
      0.8190280407983431,
      0.8193931221976393,
      0.8194670812463671,
      0.8190637473517985,
      0.8199605179100785,
      0.8198449313518402,
      0.8199780669863496,
      0.8203537433497092,
      0.8206608643150629,
      0.8213030487199836,
      0.8216842083059192,
      0.8212101929766303,
      0.817822710829038,
      0.8186046774713713,
      0.8217651269968609
    ],
    "inter_trace_dist": [
      0.5005844087868404,
      0.5080027598236998,
      0.49787197898801366,
      0.5026679291231845,
      0.4934670985390332,
      0.5049918252400871,
      0.5014350835170683,
      0.5000238807463601,
      0.5042771537452577,
      0.5084155740140152,
      0.5087123951359861,
      0.5143296614447824,
      0.5088882848576918,
      0.4952991371177993,
      0.49383303838108333,
      0.5055068765798848,
      0.5006025596939655,
      0.5102789378478904,
      0.5052455503308334,
      0.5063136787285782,
      0.5109028398258301,
      0.5046434457860555,
      0.5056166519820182,
      0.5041334186718873,
      0.5122519551210273,
      0.5109047753027315,
      0.510393537490554,
      0.5145952848787771,
      0.5046514464061981,
      0.5144655668543006,
      0.49871994868242847,
      0.5157812351648913,
      0.5036414609436252,
      0.5059114865107875,
      0.4950751317340343,
      0.5037151672411498,
      0.4983209194349489,
      0.5085063056271399,
      0.5053777384691313,
      0.5032933873489271,
      0.5059034736178075,
      0.5050995209656105,
      0.5067828230791579,
      0.49829562217151685,
      0.5047275997375267,
      0.4923641910180803,
      0.5022519540912672,
      0.5013655684754171,
      0.49958022810462016,
      0.5113940992763157
    ],
    "epoch_sec": [
      233.68570026899397,
      230.1805551150028,
      235.6501114929997,
      246.44596065899532,
      247.70990598401113,
      248.55340089299716,
      249.60191423200013,
      238.36524688699865,
      229.96617824300483,
      231.361845470994,
      228.0497786460037,
      226.40022010100074,
      227.333395226,
      227.44650711900613,
      227.24946236300457,
      229.5876568990061,
      228.6350564769964,
      233.22072229199694,
      229.7006418200035,
      227.25666893798916,
      226.4844830029906,
      227.4244190830068,
      226.79167409100046,
      226.91759500300395,
      227.8819011470041,
      227.77490056799434,
      227.47432507299527,
      226.3894974529976,
      226.1692502280057,
      227.5718519649963,
      227.30335829898831,
      226.57095491699874,
      228.5216582770081,
      228.93312012100068,
      227.40755878599884,
      226.18597402100568,
      226.42102418899594,
      225.47828599100467,
      225.71293610500288,
      226.16157399700023,
      226.37678762499127,
      237.03799968700332,
      236.01274993100378,
      242.61539176099177,
      233.70923439798935,
      229.48789798699727,
      229.12971106200712,
      230.3886362889898,
      236.60261143399111,
      231.80701925400354
    ],
    "gpu_mem_mb": [
      49.806848,
      49.806848,
      49.806848,
      49.806848,
      49.806848,
      49.806848,
      49.806848,
      49.806848,
      49.806848,
      49.806848,
      49.806848,
      49.806848,
      49.806848,
      49.806848,
      49.806848,
      49.806848,
      49.806848,
      49.806848,
      49.806848,
      49.806848,
      49.806848,
      49.806848,
      49.806848,
      49.806848,
      49.806848,
      49.806848,
      49.806848,
      49.806848,
      49.806848,
      49.806848,
      49.806848,
      49.806848,
      49.806848,
      49.806848,
      49.806848,
      49.806848,
      49.806848,
      49.806848,
      49.806848,
      49.806848,
      49.806848,
      49.806848,
      49.806848,
      49.806848,
      49.806848,
      49.806848,
      49.806848,
      49.806848,
      49.806848,
      49.806848
    ],
    "best_epoch": 50,
    "best_score": 0.7400956932862387,
    "stopped_early": false,
    "epochs_ran": 50,
    "interrupted": false,
    "stop_reason": "completed"
  },
  "extra": {
    "teamC_handoff": "team-artifacts/teamC_week3_FROZEN_handoff.json",
    "data_path": "data/FROZEN/BoT-IoT",
    "dataset": "BoT-IoT",
    "feature_cols": [
      "n_pkts_total",
      "n_bytes_total",
      "src_bytes",
      "rate",
      "pkt_size_min",
      "pkt_size_max",
      "pkt_size_mean",
      "pkt_size_std",
      "protocol",
      "conn_state"
    ],
    "target_col": "label_multiclass",
    "n_train": 28359,
    "class_names": [
      "DDoS",
      "DoS",
      "Normal",
      "Reconnaissance"
    ],
    "use_pca": true,
    "subset": true,
    "per_class_cap": 10000,
    "sampler": "greedy_dpp",
    "num_qubits": 5,
    "k95": 5,
    "epochs": 50,
    "batch_size": 64,
    "lr": 0.0005,
    "lambda1": 0.5,
    "lambda2": 0.02,
    "noise_rate": 0.01,
    "num_layers": 2,
    "num_classes": 4,
    "train_total_sec": 11549.145310871972,
    "loss_last": 0.6287748978670845,
    "barren_plateau_var": 1e-06,
    "barren_plateau_any": false,
    "seed": 42,
    "early_stopping": true,
    "patience": 5,
    "best_epoch": 50,
    "best_score": 0.7400956932862387,
    "stopped_early": false,
    "epochs_ran": 50,
    "stop_reason": "completed",
    "interrupted": false,
    "checkpoint_dir": "artifacts/BoT-IoT/4class-10000each-lr0.0005-maqt_seed42"
  }
}