{
  "history": {
    "loss": [
      0.7702888005718086,
      0.5683716862401594,
      0.5375297654235889,
      0.5179424067258716,
      0.5043596685909228,
      0.49943460558015174,
      0.49835175766600015,
      0.5010648340803968,
      0.4867989321803813,
      0.4892186366154618,
      0.48602600421172487,
      0.48520720255130717,
      0.4798228604852514,
      0.47336533109341705,
      0.476203499217086,
      0.46754579907194554,
      0.4674894545501665,
      0.4660611382885675,
      0.46307305504060353,
      0.4565914514709702
    ],
    "L_CE": [
      0.7702888005718086,
      0.5643922546974188,
      0.5295127499821253,
      0.5063083090008443,
      0.4894736858629095,
      0.48067824480434257,
      0.47552783942607707,
      0.47456455029404987,
      0.45701424086058895,
      0.45679430534486026,
      0.4498708540034889,
      0.4497091218107072,
      0.44537740783894464,
      0.43944439519519496,
      0.44302921380065435,
      0.4344655199854384,
      0.4348033655670071,
      0.4334702502263275,
      0.4305427665446123,
      0.42495436110860624
    ],
    "L_intra": [
      0.18526728567820822,
      0.18084829245805384,
      0.18125580823735887,
      0.17955011480916605,
      0.17678757988040583,
      0.17801149736947172,
      0.1785891163078931,
      0.1780900494430207,
      0.17731116870904784,
      0.174798908083881,
      0.17469284944056465,
      0.17249872321361873,
      0.17080776136758868,
      0.16917975216977066,
      0.16721129678652763,
      0.16711935793697905,
      0.16625561165097097,
      0.1658668741293411,
      0.16631131262583382,
      0.16381055058845
    ],
    "L_inter": [
      -0.5021047810669442,
      -0.5062983080162027,
      -0.505428269113612,
      -0.5099473165449215,
      -0.5117883312016949,
      -0.5149302713311754,
      -0.5125469442074134,
      -0.5118747645530053,
      -0.5142472020478341,
      -0.5137241929682766,
      -0.5119127451204637,
      -0.5075128086620948,
      -0.5095842803748761,
      -0.506689401866632,
      -0.5043136297683216,
      -0.5047939988198239,
      -0.5044171684232609,
      -0.5034254900243057,
      -0.5062536781692569,
      -0.5026818493186108
    ],
    "val_loss": [
      0.7833721810265591,
      0.6990842041599996,
      0.6888531979078868,
      0.6973472805813921,
      0.6844568772895635,
      0.6835236428918449,
      0.6882430152774246,
      0.679787173294635,
      0.6673978672254642,
      0.6727030600558712,
      0.6701423283787249,
      0.6701334916062164,
      0.6629379171919246,
      0.6589073931491621,
      0.6360017085462596,
      0.6984943116520641,
      0.6425353197210314,
      0.6599701995123871,
      0.6608763535544436,
      0.6466469909964645
    ],
    "lr": [
      0.01,
      0.009990232305719944,
      0.009960967771506665,
      0.009912321891107008,
      0.009844486647586722,
      0.00975772975566101,
      0.009652393605146843,
      0.009528893909706796,
      0.009387718066217124,
      0.009229423231234974,
      0.009054634122155989,
      0.008864040551740155,
      0.008658394705735985,
      0.008438508174347006,
      0.008205248749256011,
      0.00795953699884774,
      0.007702342635146031,
      0.007434680686803489,
      0.007157607493247108,
      0.006872216535789155
    ],
    "grad_var": [
      0.0012096354724244775,
      0.0033535729048928525,
      0.004713501086194963,
      0.006091209603947069,
      0.006790181528358062,
      0.008638030293347346,
      0.008733033714576647,
      0.010244660196920226,
      0.010395285986359101,
      0.012322646182855432,
      0.012888399486181432,
      0.014965112786740065,
      0.015306543943297156,
      0.01542114536867719,
      0.01719792579658324,
      0.01669159550158233,
      0.016709321509963296,
      0.01874873499690641,
      0.017694071965721515,
      0.017801649301967936
    ],
    "intra_fid_gap": [
      0.8147327143217917,
      0.8191517075419461,
      0.8187441917626411,
      0.820449885190834,
      0.8232124201195943,
      0.8219885026305283,
      0.8214108836921071,
      0.8219099505569794,
      0.8226888312909522,
      0.825201091916119,
      0.8253071505594355,
      0.8275012767863812,
      0.8291922386324113,
      0.8308202478302295,
      0.8327887032134724,
      0.832880642063021,
      0.833744388349029,
      0.834133125870659,
      0.8336886873741661,
      0.8361894494115499
    ],
    "inter_trace_dist": [
      0.4924793262956395,
      0.5255812000673913,
      0.5151361454792304,
      0.4893669702511678,
      0.5281195421728753,
      0.5197562867644309,
      0.5183121997647849,
      0.5230241765341744,
      0.5143566491727778,
      0.5318135136758898,
      0.4971769621763705,
      0.5115156897586651,
      0.5204455652194465,
      0.5089550153607098,
      0.49733595539902753,
      0.5019164863219547,
      0.5003282543069082,
      0.5054539010783314,
      0.507094829556464,
      0.5107841417565053
    ],
    "epoch_sec": [
      578.856842768997,
      417.1901517419974,
      419.24943929300207,
      418.7476747870023,
      418.7985881570057,
      432.1391914179985,
      443.85485303499445,
      448.15498956199735,
      444.7045404620003,
      444.85431603599864,
      443.3398933610006,
      434.7722804970035,
      421.4631645050031,
      431.4782315390039,
      431.7956198460015,
      427.6061705579996,
      429.77280586799316,
      418.9708192809994,
      418.0639667440046,
      419.4668399279981
    ],
    "gpu_mem_mb": [
      49.806848,
      49.806848,
      49.806848,
      49.806848,
      49.806848,
      49.806848,
      49.806848,
      49.806848,
      49.806848,
      49.806848,
      49.806848,
      49.806848,
      49.806848,
      49.806848,
      49.806848,
      49.806848,
      49.806848,
      49.806848,
      49.806848,
      49.806848
    ],
    "best_epoch": 15,
    "best_score": 0.6360017085462596,
    "stopped_early": true,
    "epochs_ran": 20,
    "interrupted": false,
    "stop_reason": "early_stopping"
  },
  "extra": {
    "teamC_handoff": "team-artifacts/teamC_week3_FROZEN_handoff.json",
    "data_path": "data/FROZEN/BoT-IoT",
    "dataset": "BoT-IoT",
    "feature_cols": [
      "n_pkts_total",
      "n_bytes_total",
      "src_bytes",
      "rate",
      "pkt_size_min",
      "pkt_size_max",
      "pkt_size_mean",
      "pkt_size_std",
      "protocol",
      "conn_state"
    ],
    "target_col": "label_multiclass",
    "n_train": 48359,
    "class_names": [
      "DDoS",
      "DoS",
      "Normal",
      "Reconnaissance"
    ],
    "use_pca": true,
    "subset": true,
    "per_class_cap": 20000,
    "sampler": "greedy_dpp",
    "num_qubits": 5,
    "k95": 5,
    "epochs": 50,
    "batch_size": 64,
    "lr": 0.01,
    "lambda1": 0.5,
    "lambda2": 0.1,
    "noise_rate": 0.01,
    "num_layers": 2,
    "num_classes": 4,
    "train_total_sec": 8743.280379388001,
    "loss_last": 0.4565914514709702,
    "barren_plateau_var": 1e-06,
    "barren_plateau_any": false,
    "seed": 42,
    "early_stopping": true,
    "patience": 5,
    "best_epoch": 15,
    "best_score": 0.6360017085462596,
    "stopped_early": true,
    "epochs_ran": 20,
    "stop_reason": "early_stopping",
    "interrupted": false,
    "checkpoint_dir": "artifacts/BoT-IoT/4class-20000each-lr0.01auto-lambda2-maqt_seed42"
  }
}