{
  "history": {
    "loss": [
      1.8142608173667394,
      1.6744295515100474,
      1.6354903352959367,
      1.6161858934325704,
      1.6025158705048048,
      1.5923683024871171,
      1.5853120181399902,
      1.5701478970019522,
      1.5676427697885067
    ],
    "L_CE": [
      1.8142608173667394,
      1.6744295515100474,
      1.6354903352959367,
      1.6161858934325704,
      1.6025158705048048,
      1.5923683024871171,
      1.5853120181399902,
      1.5701478970019522,
      1.5676427697885067
    ],
    "val_loss": [
      1.6626047853409776,
      1.6017058045845332,
      1.6003468825122502,
      1.5235126328280593,
      1.5473267543972946,
      1.5594933549250205,
      1.641589513913853,
      1.5461606153352994,
      1.649766748345743
    ],
    "lr": [
      0.01,
      0.009990232305719944,
      0.009960967771506665,
      0.009912321891107008,
      0.009844486647586722,
      0.00975772975566101,
      0.009652393605146843,
      0.009528893909706796,
      0.009387718066217124
    ],
    "grad_var": [
      0.0022795927301262546,
      0.007310269101647528,
      0.012819300700640688,
      0.017565283428430264,
      0.0203106778981213,
      0.02310696669527487,
      0.025358561044053703,
      0.02663826487762063,
      0.02746079327381352
    ],
    "epoch_sec": [
      81.05887142001302,
      80.33789987399359,
      79.52687756999512,
      80.37119249199168,
      79.11766709000221,
      80.37109675901593,
      79.57256008099648,
      80.18640899698948,
      79.7021939099941
    ],
    "gpu_mem_mb": [
      23.960064,
      23.960064,
      23.960064,
      23.960064,
      23.960064,
      23.960064,
      23.960064,
      23.960064,
      23.960064
    ],
    "best_epoch": 4,
    "best_score": 1.5235126328280593,
    "stopped_early": true,
    "epochs_ran": 9,
    "interrupted": false,
    "stop_reason": "early_stopping"
  },
  "extra": {
    "teamC_handoff": "team-artifacts/teamC_week3_FROZEN_handoff.json",
    "data_path": "data/FROZEN/UNSW-NB15",
    "dataset": "UNSW-NB15",
    "feature_cols": [
      "duration",
      "n_pkts_total",
      "n_bytes_total",
      "src_bytes",
      "dst_bytes",
      "rate",
      "rate_src",
      "rate_dst",
      "pkt_size_mean",
      "iat"
    ],
    "target_col": "label_multiclass",
    "n_train": 81215,
    "class_names": [
      "Analysis",
      "Backdoor",
      "DoS",
      "Exploits",
      "Fuzzers",
      "Generic",
      "Normal",
      "Reconnaissance"
    ],
    "use_pca": true,
    "subset": false,
    "per_class_cap": null,
    "sampler": null,
    "num_qubits": 4,
    "k95": 4,
    "train_mode": "CE-only",
    "epochs": 50,
    "batch_size": 64,
    "lr": 0.01,
    "use_lr_schedule": true,
    "noise_rate": 0.01,
    "num_layers": 2,
    "num_classes": 8,
    "train_total_sec": 720.2447681929916,
    "loss_last": 1.5676427697885067,
    "barren_plateau_var": 1e-06,
    "barren_plateau_any": false,
    "seed": 42,
    "early_stopping": true,
    "patience": 5,
    "best_epoch": 4,
    "best_score": 1.5235126328280593,
    "stopped_early": true,
    "epochs_ran": 9,
    "stop_reason": "early_stopping",
    "interrupted": false,
    "checkpoint_dir": "artifacts/UNSW-NB15/final-unsw-nb15-vqc-train_seed42"
  }
}