{
  "history": {
    "loss": [
      1.8142608173667394,
      1.66877307984691,
      1.6243511277755842,
      1.5998117768612532,
      1.581799300088085,
      1.5661657571905612,
      1.55260393518096,
      1.531616162885835,
      1.5229723370455368
    ],
    "L_CE": [
      1.8142608173667394,
      1.674398509953383,
      1.6356312281607748,
      1.6167180545478146,
      1.604264527272469,
      1.5943193403337468,
      1.5860350683709559,
      1.5702495232863272,
      1.567490935273475
    ],
    "L_intra": [
      0.14858560251531963,
      0.15577906240463166,
      0.14798583742260243,
      0.1447123576754936,
      0.14233811397621834,
      0.1389780018156733,
      0.13694942153378,
      0.1371847705195103,
      0.1357459109693686
    ],
    "L_inter": [
      -0.4532635436175439,
      -0.4820257037932865,
      -0.4668822867420316,
      -0.4601951970334258,
      -0.45486734298564824,
      -0.44858378025671236,
      -0.442742950087741,
      -0.4416135254567359,
      -0.440122875832443
    ],
    "val_loss": [
      1.6626047853409776,
      1.5962270253344963,
      1.5914935454900248,
      1.50874893530458,
      1.5165497537865658,
      1.522523084508732,
      1.6035215244877454,
      1.5104227466812528,
      1.5968224617428282
    ],
    "lr": [
      0.01,
      0.009990232305719944,
      0.009960967771506665,
      0.009912321891107008,
      0.009844486647586722,
      0.00975772975566101,
      0.009652393605146843,
      0.009528893909706796,
      0.009387718066217124
    ],
    "grad_var": [
      0.0022795927301262546,
      0.007268508508027803,
      0.01269641826966124,
      0.017298397903570177,
      0.02034095828415303,
      0.023423843451613465,
      0.025756503690004817,
      0.026920972343278383,
      0.027510387855781568
    ],
    "intra_fid_gap": [
      0.8514143974846803,
      0.8442209375953684,
      0.8520141625773976,
      0.8552876423245065,
      0.8576618860237817,
      0.8610219981843267,
      0.86305057846622,
      0.8628152294804897,
      0.8642540890306314
    ],
    "inter_trace_dist": [
      0.2672513808189233,
      0.24275017425679227,
      0.253647395242803,
      0.2514362705633791,
      0.27096046848987654,
      0.2505751950204512,
      0.2279550170060629,
      0.2662759422393181,
      0.2537881849568481
    ],
    "epoch_sec": [
      1123.8284995619906,
      855.4599224609992,
      860.0083467810036,
      852.3273855040025,
      850.1379692610062,
      848.7648769470106,
      848.9085080059886,
      851.5882746989955,
      855.1181294549897
    ],
    "gpu_mem_mb": [
      25.170944,
      25.170944,
      25.170944,
      25.170944,
      25.170944,
      25.170944,
      25.170944,
      25.170944,
      25.170944
    ],
    "best_epoch": 4,
    "best_score": 1.50874893530458,
    "stopped_early": true,
    "epochs_ran": 9,
    "interrupted": false,
    "stop_reason": "early_stopping"
  },
  "extra": {
    "teamC_handoff": "team-artifacts/teamC_week3_FROZEN_handoff.json",
    "data_path": "data/FROZEN/UNSW-NB15",
    "dataset": "UNSW-NB15",
    "feature_cols": [
      "duration",
      "n_pkts_total",
      "n_bytes_total",
      "src_bytes",
      "dst_bytes",
      "rate",
      "rate_src",
      "rate_dst",
      "pkt_size_mean",
      "iat"
    ],
    "target_col": "label_multiclass",
    "n_train": 81215,
    "class_names": [
      "Analysis",
      "Backdoor",
      "DoS",
      "Exploits",
      "Fuzzers",
      "Generic",
      "Normal",
      "Reconnaissance"
    ],
    "use_pca": true,
    "subset": false,
    "per_class_cap": null,
    "sampler": null,
    "num_qubits": 4,
    "k95": 4,
    "epochs": 50,
    "batch_size": 64,
    "lr": 0.01,
    "lambda1": 0.66,
    "lambda2": 0.33,
    "noise_rate": 0.01,
    "num_layers": 2,
    "num_classes": 8,
    "train_total_sec": 7946.1419126759865,
    "loss_last": 1.5229723370455368,
    "barren_plateau_var": 1e-06,
    "barren_plateau_any": false,
    "seed": 42,
    "early_stopping": true,
    "patience": 5,
    "best_epoch": 4,
    "best_score": 1.50874893530458,
    "stopped_early": true,
    "epochs_ran": 9,
    "stop_reason": "early_stopping",
    "interrupted": false,
    "checkpoint_dir": "artifacts/UNSW-NB15/final-unsw-nb15-maqt-train_seed42"
  }
}