{
  "history": {
    "radius_mean": [
      0.014322202590511323
    ]
  },
  "extra": {
    "dataset": "CICIoT2023",
    "notebook": "final-ciciot2023-algo3-cached (maqt)",
    "checkpoint": "final_notebooks/final_artifacts/final-ciciot2023-maqt-train-checkpoint.pt",
    "cache_path": "caches/CICIoT2023/final-ciciot2023-algo3-cached (maqt)-forward_cache.pt",
    "inference_mode": "ForwardCache + Global/Mondrian cached infer",
    "lphi_path": null,
    "L_phi_source": "analytic_lipschitz_bound (R/2)",
    "q_source": "threshold_from_scores(cal_scores) on Day-23 checkpoint + ForwardCache",
    "q": 0.22601884603500366,
    "alpha": 0.05,
    "L_phi": 1.5,
    "p": 0.01,
    "C_f": 1.0,
    "use_pca": true,
    "num_qubits": 6,
    "num_layers": 3,
    "train_eval_rej_rate": 0.24240920817622547,
    "train_eval_acc": 0.6491159135559922,
    "train_eval_macro_f1": 0.36559540108418326,
    "train_eval_radius_mean": 0.01610105852532529,
    "test_eval_rej_rate": 0.0529576868082402,
    "test_eval_acc": 0.7034054688810603,
    "test_eval_macro_f1": 0.3728171626850019,
    "test_eval_radius_mean": 0.014322202590511323,
    "test_ce_acc": 0.7095270878568024,
    "test_ce_macro_f1": 0.4069689111034254,
    "n_test_ce": 18883,
    "test_bal_eval_rej_rate": 0.385297845373891,
    "test_bal_eval_acc": 0.6103092783505155,
    "test_bal_eval_macro_f1": 0.3365223069524415,
    "test_bal_eval_radius_mean": 0.01719635169772478,
    "zeroday_detection_rate": 0.010469774217042972,
    "n_zeroday_eval": 10984,
    "chosen_strategy": "global",
    "strategies": {
      "global": {
        "chosen_as_strategy": true,
        "q": 0.22601884603500366,
        "TPR_zeroday": 0.010469774217042972,
        "FPR_known": 0.052957686808240215,
        "class_acc_known": 0.7034054688810603,
        "TPR_lo": 0.008651394941487272,
        "TPR_hi": 0.012554173221122416,
        "FPR_lo": 0.049806047547630294,
        "FPR_hi": 0.05624785776924813
      },
      "mondrian": {
        "chosen_as_strategy": false,
        "q_by_class": {
          "0": 0.22601884603500366,
          "1": 0.39312517642974854,
          "2": 0.22601884603500366,
          "3": 0.22601884603500366,
          "4": 0.21758359670639038,
          "5": 0.24656963348388672,
          "6": 0.03114241361618042,
          "7": 0.19371789693832397,
          "8": 0.192074716091156,
          "9": 0.18847578763961792,
          "10": 0.13765013217926025,
          "11": 0.31639784574508667,
          "12": 0.11985635757446289,
          "13": 0.06845229864120483,
          "14": 0.024887025356292725,
          "15": 0.0879327654838562,
          "16": 0.42144548892974854,
          "17": 0.40605127811431885,
          "18": 0.28712838888168335,
          "19": 0.12736672163009644,
          "20": 0.09813201427459717,
          "21": 0.1909400224685669,
          "22": 0.4490470290184021,
          "23": 0.4334923028945923,
          "24": 0.4155541658401489,
          "25": 0.22601884603500366,
          "26": 0.4878198504447937,
          "27": 0.22601884603500366,
          "28": 0.22601884603500366,
          "29": 0.31590551137924194,
          "30": 0.22601884603500366
        },
        "TPR_zeroday": 0.04424617625637291,
        "FPR_known": 0.13271196314144998,
        "class_acc_known": 0.7607620443304635,
        "TPR_lo": 0.04047619613058848,
        "TPR_hi": 0.04826005630980835,
        "FPR_lo": 0.12790337361140977,
        "FPR_hi": 0.13763395200691203
      }
    },
    "RQ1": {
      "chosen_strategy": "global",
      "TPR_zeroday": 0.010469774217042972,
      "FPR_known": 0.052957686808240215,
      "class_acc_known": 0.7034054688810603,
      "alpha": 0.05,
      "n_test": 18883,
      "n_zeroday": 10984,
      "strategies": {
        "global": {
          "chosen_as_strategy": true,
          "q": 0.22601884603500366,
          "TPR_zeroday": 0.010469774217042972,
          "FPR_known": 0.052957686808240215,
          "class_acc_known": 0.7034054688810603,
          "TPR_lo": 0.008651394941487272,
          "TPR_hi": 0.012554173221122416,
          "FPR_lo": 0.049806047547630294,
          "FPR_hi": 0.05624785776924813
        },
        "mondrian": {
          "chosen_as_strategy": false,
          "q_by_class": {
            "0": 0.22601884603500366,
            "1": 0.39312517642974854,
            "2": 0.22601884603500366,
            "3": 0.22601884603500366,
            "4": 0.21758359670639038,
            "5": 0.24656963348388672,
            "6": 0.03114241361618042,
            "7": 0.19371789693832397,
            "8": 0.192074716091156,
            "9": 0.18847578763961792,
            "10": 0.13765013217926025,
            "11": 0.31639784574508667,
            "12": 0.11985635757446289,
            "13": 0.06845229864120483,
            "14": 0.024887025356292725,
            "15": 0.0879327654838562,
            "16": 0.42144548892974854,
            "17": 0.40605127811431885,
            "18": 0.28712838888168335,
            "19": 0.12736672163009644,
            "20": 0.09813201427459717,
            "21": 0.1909400224685669,
            "22": 0.4490470290184021,
            "23": 0.4334923028945923,
            "24": 0.4155541658401489,
            "25": 0.22601884603500366,
            "26": 0.4878198504447937,
            "27": 0.22601884603500366,
            "28": 0.22601884603500366,
            "29": 0.31590551137924194,
            "30": 0.22601884603500366
          },
          "TPR_zeroday": 0.04424617625637291,
          "FPR_known": 0.13271196314144998,
          "class_acc_known": 0.7607620443304635,
          "TPR_lo": 0.04047619613058848,
          "TPR_hi": 0.04826005630980835,
          "FPR_lo": 0.12790337361140977,
          "FPR_hi": 0.13763395200691203
        }
      }
    },
    "global_vs_mondrian": {
      "chosen_strategy": "global",
      "df_far": [
        {
          "class": "Backdoor_Malware",
          "n": 9,
          "FAR_global": 1.0,
          "FAR_mondrian": 1.0,
          "q_global": 0.22601884603500366,
          "q_mondrian": 0.22601884603500366,
          "abs_dev_global": 0.95,
          "abs_dev_mondrian": 0.95
        },
        {
          "class": "BenignTraffic",
          "n": 458,
          "FAR_global": 0.962882096069869,
          "FAR_mondrian": 0.0982532751091703,
          "q_global": 0.22601884603500366,
          "q_mondrian": 0.39312517642974854,
          "abs_dev_global": 0.9128820960698689,
          "abs_dev_mondrian": 0.048253275109170296
        },
        {
          "class": "BrowserHijacking",
          "n": 16,
          "FAR_global": 1.0,
          "FAR_mondrian": 1.0,
          "q_global": 0.22601884603500366,
          "q_mondrian": 0.22601884603500366,
          "abs_dev_global": 0.95,
          "abs_dev_mondrian": 0.95
        },
        {
          "class": "CommandInjection",
          "n": 13,
          "FAR_global": 1.0,
          "FAR_mondrian": 1.0,
          "q_global": 0.22601884603500366,
          "q_mondrian": 0.22601884603500366,
          "abs_dev_global": 0.95,
          "abs_dev_mondrian": 0.95
        },
        {
          "class": "DDoS-ACK_Fragmentation",
          "n": 120,
          "FAR_global": 0.016666666666666666,
          "FAR_mondrian": 0.016666666666666666,
          "q_global": 0.22601884603500366,
          "q_mondrian": 0.21758359670639038,
          "abs_dev_global": 0.03333333333333334,
          "abs_dev_mondrian": 0.03333333333333334
        },
        {
          "class": "DDoS-HTTP_Flood",
          "n": 70,
          "FAR_global": 0.07142857142857142,
          "FAR_mondrian": 0.05714285714285714,
          "q_global": 0.22601884603500366,
          "q_mondrian": 0.24656963348388672,
          "abs_dev_global": 0.021428571428571422,
          "abs_dev_mondrian": 0.007142857142857138
        },
        {
          "class": "DDoS-ICMP_Flood",
          "n": 3025,
          "FAR_global": 0.00033057851239669424,
          "FAR_mondrian": 0.06776859504132231,
          "q_global": 0.22601884603500366,
          "q_mondrian": 0.03114241361618042,
          "abs_dev_global": 0.04966942148760331,
          "abs_dev_mondrian": 0.017768595041322305
        },
        {
          "class": "DDoS-ICMP_Fragmentation",
          "n": 190,
          "FAR_global": 0.005263157894736842,
          "FAR_mondrian": 0.010526315789473684,
          "q_global": 0.22601884603500366,
          "q_mondrian": 0.19371789693832397,
          "abs_dev_global": 0.04473684210526316,
          "abs_dev_mondrian": 0.03947368421052632
        },
        {
          "class": "DDoS-PSHACK_Flood",
          "n": 1712,
          "FAR_global": 0.011098130841121495,
          "FAR_mondrian": 0.08820093457943926,
          "q_global": 0.22601884603500366,
          "q_mondrian": 0.192074716091156,
          "abs_dev_global": 0.038901869158878506,
          "abs_dev_mondrian": 0.03820093457943925
        },
        {
          "class": "DDoS-RSTFINFlood",
          "n": 1688,
          "FAR_global": 0.015995260663507108,
          "FAR_mondrian": 0.09537914691943128,
          "q_global": 0.22601884603500366,
          "q_mondrian": 0.18847578763961792,
          "abs_dev_global": 0.034004739336492895,
          "abs_dev_mondrian": 0.045379146919431276
        },
        {
          "class": "DDoS-SYN_Flood",
          "n": 1706,
          "FAR_global": 0.004103165298944901,
          "FAR_mondrian": 0.0779601406799531,
          "q_global": 0.22601884603500366,
          "q_mondrian": 0.13765013217926025,
          "abs_dev_global": 0.0458968347010551,
          "abs_dev_mondrian": 0.027960140679953102
        },
        {
          "class": "DDoS-SlowLoris",
          "n": 62,
          "FAR_global": 0.11290322580645161,
          "FAR_mondrian": 0.04838709677419355,
          "q_global": 0.22601884603500366,
          "q_mondrian": 0.31639784574508667,
          "abs_dev_global": 0.06290322580645161,
          "abs_dev_mondrian": 0.0016129032258064557
        },
        {
          "class": "DDoS-SynonymousIP_Flood",
          "n": 1509,
          "FAR_global": 0.0026507620941020544,
          "FAR_mondrian": 0.07886017229953611,
          "q_global": 0.22601884603500366,
          "q_mondrian": 0.11985635757446289,
          "abs_dev_global": 0.04734923790589795,
          "abs_dev_mondrian": 0.028860172299536108
        },
        {
          "class": "DDoS-TCP_Flood",
          "n": 1892,
          "FAR_global": 0.002642706131078224,
          "FAR_mondrian": 0.057610993657505286,
          "q_global": 0.22601884603500366,
          "q_mondrian": 0.06845229864120483,
          "abs_dev_global": 0.047357293868921777,
          "abs_dev_mondrian": 0.007610993657505283
        },
        {
          "class": "DDoS-UDP_Flood",
          "n": 2268,
          "FAR_global": 0.0004409171075837742,
          "FAR_mondrian": 0.06613756613756613,
          "q_global": 0.22601884603500366,
          "q_mondrian": 0.024887025356292725,
          "abs_dev_global": 0.04955908289241623,
          "abs_dev_mondrian": 0.01613756613756613
        },
        {
          "class": "DDoS-UDP_Fragmentation",
          "n": 120,
          "FAR_global": 0.0,
          "FAR_mondrian": 0.09166666666666666,
          "q_global": 0.22601884603500366,
          "q_mondrian": 0.0879327654838562,
          "abs_dev_global": 0.05,
          "abs_dev_mondrian": 0.04166666666666666
        },
        {
          "class": "DNS_Spoofing",
          "n": 76,
          "FAR_global": 0.9736842105263158,
          "FAR_mondrian": 0.11842105263157894,
          "q_global": 0.22601884603500366,
          "q_mondrian": 0.42144548892974854,
          "abs_dev_global": 0.9236842105263158,
          "abs_dev_mondrian": 0.06842105263157894
        },
        {
          "class": "DictionaryBruteForce",
          "n": 29,
          "FAR_global": 1.0,
          "FAR_mondrian": 0.06896551724137931,
          "q_global": 0.22601884603500366,
          "q_mondrian": 0.40605127811431885,
          "abs_dev_global": 0.95,
          "abs_dev_mondrian": 0.018965517241379307
        },
        {
          "class": "DoS-HTTP_Flood",
          "n": 182,
          "FAR_global": 0.06593406593406594,
          "FAR_mondrian": 0.02197802197802198,
          "q_global": 0.22601884603500366,
          "q_mondrian": 0.28712838888168335,
          "abs_dev_global": 0.015934065934065933,
          "abs_dev_mondrian": 0.028021978021978023
        },
        {
          "class": "DoS-SYN_Flood",
          "n": 850,
          "FAR_global": 0.004705882352941176,
          "FAR_mondrian": 0.07529411764705882,
          "q_global": 0.22601884603500366,
          "q_mondrian": 0.12736672163009644,
          "abs_dev_global": 0.045294117647058825,
          "abs_dev_mondrian": 0.025294117647058814
        },
        {
          "class": "DoS-TCP_Flood",
          "n": 1115,
          "FAR_global": 0.0053811659192825115,
          "FAR_mondrian": 0.06457399103139014,
          "q_global": 0.22601884603500366,
          "q_mondrian": 0.09813201427459717,
          "abs_dev_global": 0.04461883408071749,
          "abs_dev_mondrian": 0.014573991031390135
        },
        {
          "class": "DoS-UDP_Flood",
          "n": 1387,
          "FAR_global": 0.004325883201153569,
          "FAR_mondrian": 0.04830569574621485,
          "q_global": 0.22601884603500366,
          "q_mondrian": 0.1909400224685669,
          "abs_dev_global": 0.045674116798846434,
          "abs_dev_mondrian": 0.0016943042537851533
        },
        {
          "class": "MITM-ArpSpoofing",
          "n": 129,
          "FAR_global": 0.9844961240310077,
          "FAR_mondrian": 0.046511627906976744,
          "q_global": 0.22601884603500366,
          "q_mondrian": 0.4490470290184021,
          "abs_dev_global": 0.9344961240310077,
          "abs_dev_mondrian": 0.0034883720930232592
        },
        {
          "class": "Recon-HostDiscovery",
          "n": 58,
          "FAR_global": 1.0,
          "FAR_mondrian": 0.034482758620689655,
          "q_global": 0.22601884603500366,
          "q_mondrian": 0.4334923028945923,
          "abs_dev_global": 0.95,
          "abs_dev_mondrian": 0.015517241379310348
        },
        {
          "class": "Recon-OSScan",
          "n": 42,
          "FAR_global": 0.9761904761904762,
          "FAR_mondrian": 0.047619047619047616,
          "q_global": 0.22601884603500366,
          "q_mondrian": 0.4155541658401489,
          "abs_dev_global": 0.9261904761904761,
          "abs_dev_mondrian": 0.0023809523809523864
        },
        {
          "class": "Recon-PingSweep",
          "n": 4,
          "FAR_global": 1.0,
          "FAR_mondrian": 1.0,
          "q_global": 0.22601884603500366,
          "q_mondrian": 0.22601884603500366,
          "abs_dev_global": 0.95,
          "abs_dev_mondrian": 0.95
        },
        {
          "class": "Recon-PortScan",
          "n": 35,
          "FAR_global": 1.0,
          "FAR_mondrian": 0.0,
          "q_global": 0.22601884603500366,
          "q_mondrian": 0.4878198504447937,
          "abs_dev_global": 0.95,
          "abs_dev_mondrian": 0.05
        },
        {
          "class": "SqlInjection",
          "n": 15,
          "FAR_global": 1.0,
          "FAR_mondrian": 1.0,
          "q_global": 0.22601884603500366,
          "q_mondrian": 0.22601884603500366,
          "abs_dev_global": 0.95,
          "abs_dev_mondrian": 0.95
        },
        {
          "class": "Uploading_Attack",
          "n": 4,
          "FAR_global": 0.75,
          "FAR_mondrian": 0.75,
          "q_global": 0.22601884603500366,
          "q_mondrian": 0.22601884603500366,
          "abs_dev_global": 0.7,
          "abs_dev_mondrian": 0.7
        },
        {
          "class": "VulnerabilityScan",
          "n": 90,
          "FAR_global": 0.2111111111111111,
          "FAR_mondrian": 0.044444444444444446,
          "q_global": 0.22601884603500366,
          "q_mondrian": 0.31590551137924194,
          "abs_dev_global": 0.1611111111111111,
          "abs_dev_mondrian": 0.005555555555555557
        },
        {
          "class": "XSS",
          "n": 9,
          "FAR_global": 1.0,
          "FAR_mondrian": 1.0,
          "q_global": 0.22601884603500366,
          "q_mondrian": 0.22601884603500366,
          "abs_dev_global": 0.95,
          "abs_dev_mondrian": 0.95
        }
      ],
      "df_comparison": [
        {
          "method": "Global",
          "TPR": 0.010469774217042972,
          "TPR_lo": 0.008651394941487272,
          "TPR_hi": 0.012554173221122416,
          "FPR": 0.052957686808240215,
          "FPR_lo": 0.049806047547630294,
          "FPR_hi": 0.05624785776924813,
          "class_acc_accepted": 0.7034054688810603
        },
        {
          "method": "Mondrian",
          "TPR": 0.04424617625637291,
          "TPR_lo": 0.04047619613058848,
          "TPR_hi": 0.04826005630980835,
          "FPR": 0.13271196314144998,
          "FPR_lo": 0.12790337361140977,
          "FPR_hi": 0.13763395200691203,
          "class_acc_accepted": 0.7607620443304635
        }
      ],
      "strategies": {
        "global": {
          "chosen_as_strategy": true,
          "q": 0.22601884603500366,
          "TPR_zeroday": 0.010469774217042972,
          "FPR_known": 0.052957686808240215,
          "class_acc_known": 0.7034054688810603,
          "TPR_lo": 0.008651394941487272,
          "TPR_hi": 0.012554173221122416,
          "FPR_lo": 0.049806047547630294,
          "FPR_hi": 0.05624785776924813
        },
        "mondrian": {
          "chosen_as_strategy": false,
          "q_by_class": {
            "0": 0.22601884603500366,
            "1": 0.39312517642974854,
            "2": 0.22601884603500366,
            "3": 0.22601884603500366,
            "4": 0.21758359670639038,
            "5": 0.24656963348388672,
            "6": 0.03114241361618042,
            "7": 0.19371789693832397,
            "8": 0.192074716091156,
            "9": 0.18847578763961792,
            "10": 0.13765013217926025,
            "11": 0.31639784574508667,
            "12": 0.11985635757446289,
            "13": 0.06845229864120483,
            "14": 0.024887025356292725,
            "15": 0.0879327654838562,
            "16": 0.42144548892974854,
            "17": 0.40605127811431885,
            "18": 0.28712838888168335,
            "19": 0.12736672163009644,
            "20": 0.09813201427459717,
            "21": 0.1909400224685669,
            "22": 0.4490470290184021,
            "23": 0.4334923028945923,
            "24": 0.4155541658401489,
            "25": 0.22601884603500366,
            "26": 0.4878198504447937,
            "27": 0.22601884603500366,
            "28": 0.22601884603500366,
            "29": 0.31590551137924194,
            "30": 0.22601884603500366
          },
          "TPR_zeroday": 0.04424617625637291,
          "FPR_known": 0.13271196314144998,
          "class_acc_known": 0.7607620443304635,
          "TPR_lo": 0.04047619613058848,
          "TPR_hi": 0.04826005630980835,
          "FPR_lo": 0.12790337361140977,
          "FPR_hi": 0.13763395200691203
        }
      }
    }
  }
}