{
  "history": {
    "loss": [
      0.6323682887490347,
      0.5020592045858076,
      0.47767377418980544,
      0.46367755560756413,
      0.448413916943634,
      0.44307412814712205,
      0.43890311335343474,
      0.4369075712578702,
      0.428246506983076,
      0.43035702733590087,
      0.42832640864054744,
      0.4253184666739595,
      0.4251423519225809,
      0.4232388509590585,
      0.4234916749294584,
      0.4213501155860793,
      0.4242112325294296,
      0.42202073975286336,
      0.4193711221773697,
      0.41835841526549816,
      0.42031164839863777,
      0.41904369212444836,
      0.4180293864433442,
      0.420338671633094
    ],
    "L_CE": [
      0.6323682887490347,
      0.5020592045858076,
      0.47767377418980544,
      0.46367755560756413,
      0.448413916943634,
      0.44307412814712205,
      0.43890311335343474,
      0.4369075712578702,
      0.428246506983076,
      0.43035702733590087,
      0.42832640864054744,
      0.4253184666739595,
      0.4251423519225809,
      0.4232388509590585,
      0.4234916749294584,
      0.4213501155860793,
      0.4242112325294296,
      0.42202073975286336,
      0.4193711221773697,
      0.41835841526549816,
      0.42031164839863777,
      0.41904369212444836,
      0.4180293864433442,
      0.420338671633094
    ],
    "val_loss": [
      0.7626612245269088,
      0.7387790587838627,
      0.7091052465684424,
      0.6721500109705291,
      0.6985396047006861,
      0.6678254586432625,
      0.6892891196222264,
      0.6873965544762017,
      0.6439397345285047,
      0.6377464688898667,
      0.6444995758871153,
      0.6758783203849466,
      0.7333622996899192,
      0.6645328200426225,
      0.6238686143072889,
      0.6328442700431071,
      0.67298294482313,
      0.6500890271602271,
      0.6194269345042019,
      0.662158973610964,
      0.6333307841305057,
      0.6475375839569026,
      0.6876306989162265,
      0.6405299227892585
    ],
    "lr": [
      0.01,
      0.009990232305719944,
      0.009960967771506665,
      0.009912321891107008,
      0.009844486647586722,
      0.00975772975566101,
      0.009652393605146843,
      0.009528893909706796,
      0.009387718066217124,
      0.009229423231234974,
      0.009054634122155989,
      0.008864040551740155,
      0.008658394705735985,
      0.008438508174347006,
      0.008205248749256011,
      0.00795953699884774,
      0.007702342635146031,
      0.007434680686803489,
      0.007157607493247108,
      0.006872216535789155,
      0.006579634122155988,
      0.006281014941466028,
      0.005977537507199335,
      0.005670399506143305
    ],
    "grad_var": [
      0.0026282664252303533,
      0.006711892166430539,
      0.008807535180861525,
      0.01104152326300263,
      0.013861156064179151,
      0.01631941698668756,
      0.017631120686410404,
      0.01916350451462553,
      0.019454133208154614,
      0.020251473078280947,
      0.021698933585275793,
      0.02141933850846102,
      0.02208691516780494,
      0.022318910402811202,
      0.022788726477830333,
      0.02282969419913229,
      0.023460251893750242,
      0.02320071509536213,
      0.023534713235688638,
      0.023965811143882118,
      0.024271992068209312,
      0.02384365819698203,
      0.023714794694641016,
      0.02417374343765333
    ],
    "epoch_sec": [
      227.85139062899907,
      229.97575262999817,
      245.0737836469998,
      254.01639365600204,
      255.78683773999728,
      258.34526701899813,
      257.7863159570006,
      261.4352905420019,
      539.3844541730032,
      752.3445711819986,
      337.8792615159982,
      304.6989866540025,
      304.4792446229985,
      307.56630846999906,
      298.9649026799998,
      299.58625408999796,
      304.953848723002,
      303.94235049599956,
      299.34119742799885,
      303.2019281849971,
      303.7358661560029,
      295.174648229,
      301.63210137200076,
      300.77696819099947
    ],
    "gpu_mem_mb": [
      48.626688,
      48.626688,
      48.626688,
      48.626688,
      48.626688,
      48.626688,
      48.626688,
      48.626688,
      48.626688,
      48.626688,
      48.626688,
      48.626688,
      48.626688,
      48.626688,
      48.626688,
      48.626688,
      48.626688,
      48.626688,
      48.626688,
      48.626688,
      48.626688,
      48.626688,
      48.626688,
      48.626688
    ],
    "best_epoch": 19,
    "best_score": 0.6194269345042019,
    "stopped_early": true,
    "epochs_ran": 24,
    "interrupted": false,
    "stop_reason": "early_stopping"
  },
  "extra": {
    "teamC_handoff": "team-artifacts/teamC_week3_FROZEN_handoff.json",
    "data_path": "data/FROZEN/BoT-IoT",
    "dataset": "BoT-IoT",
    "feature_cols": [
      "n_pkts_total",
      "n_bytes_total",
      "src_bytes",
      "rate",
      "pkt_size_min",
      "pkt_size_max",
      "pkt_size_mean",
      "pkt_size_std",
      "protocol",
      "conn_state"
    ],
    "target_col": "label_multiclass",
    "n_train": 148729,
    "class_names": [
      "DDoS",
      "DoS",
      "Normal",
      "Reconnaissance"
    ],
    "use_pca": true,
    "subset": false,
    "per_class_cap": null,
    "sampler": null,
    "num_qubits": 5,
    "k95": 5,
    "train_mode": "CE-only",
    "epochs": 50,
    "batch_size": 64,
    "lr": 0.01,
    "use_lr_schedule": true,
    "noise_rate": 0.01,
    "num_layers": 2,
    "num_classes": 4,
    "train_total_sec": 7547.9339239879955,
    "loss_last": 0.420338671633094,
    "barren_plateau_var": 1e-06,
    "barren_plateau_any": false,
    "seed": 42,
    "early_stopping": true,
    "patience": 5,
    "best_epoch": 19,
    "best_score": 0.6194269345042019,
    "stopped_early": true,
    "epochs_ran": 24,
    "stop_reason": "early_stopping",
    "interrupted": false,
    "checkpoint_dir": "artifacts/BoT-IoT/final-bot-iot-vqc-train_seed42"
  }
}